
Memory Configuration

Name             Origin             Length             Attributes
*default*        0x0000000000000000 0xffffffffffffffff

Linker script and memory map

Address of section .text set to 0x8000000
LOAD build/us_n64/actors/common0.o
                [!provide]                        PROVIDE (__executable_start = SEGMENT_START ("text-segment", 0x400000))
                0x0000000000400000                . = SEGMENT_START ("text-segment", 0x400000)

.interp
 *(.interp)

.MIPS.abiflags  0x0000000000400000       0x18
 *(.MIPS.abiflags)
 .MIPS.abiflags
                0x0000000000400000       0x18 build/us_n64/actors/common0.o

.reginfo        0x0000000000400018       0x18
 *(.reginfo)
 .reginfo       0x0000000000400018       0x18 build/us_n64/actors/common0.o

.note.gnu.build-id
 *(.note.gnu.build-id)

.dynamic
 *(.dynamic)

.hash
 *(.hash)

.gnu.hash
 *(.gnu.hash)

.dynsym
 *(.dynsym)

.dynstr
 *(.dynstr)

.gnu.version
 *(.gnu.version)

.gnu.version_d
 *(.gnu.version_d)

.gnu.version_r
 *(.gnu.version_r)

.rel.dyn        0x0000000000400018        0x0 load address 0x0000000000400030
 *(.rel.init)
 *(.rel.text .rel.text.* .rel.gnu.linkonce.t.*)
 *(.rel.fini)
 *(.rel.rodata .rel.rodata.* .rel.gnu.linkonce.r.*)
 *(.rel.data.rel.ro .rel.data.rel.ro.* .rel.gnu.linkonce.d.rel.ro.*)
 *(.rel.data .rel.data.* .rel.gnu.linkonce.d.*)
 *(.rel.tdata .rel.tdata.* .rel.gnu.linkonce.td.*)
 *(.rel.tbss .rel.tbss.* .rel.gnu.linkonce.tb.*)
 *(.rel.ctors)
 *(.rel.dtors)
 *(.rel.got)
 *(.rel.dyn)
 .rel.dyn       0x0000000000400018        0x0 build/us_n64/actors/common0.o
 *(.rel.sdata .rel.sdata.* .rel.gnu.linkonce.s.*)
 *(.rel.sbss .rel.sbss.* .rel.gnu.linkonce.sb.*)
 *(.rel.sdata2 .rel.sdata2.* .rel.gnu.linkonce.s2.*)
 *(.rel.sbss2 .rel.sbss2.* .rel.gnu.linkonce.sb2.*)
 *(.rel.bss .rel.bss.* .rel.gnu.linkonce.b.*)
                [!provide]                        PROVIDE (__rel_iplt_start = .)
 *(.rel.iplt)
                [!provide]                        PROVIDE (__rel_iplt_end = .)

.rela.dyn       0x0000000000400018        0x0
 *(.rela.init)
 *(.rela.text .rela.text.* .rela.gnu.linkonce.t.*)
 *(.rela.fini)
 *(.rela.rodata .rela.rodata.* .rela.gnu.linkonce.r.*)
 *(.rela.data .rela.data.* .rela.gnu.linkonce.d.*)
 *(.rela.tdata .rela.tdata.* .rela.gnu.linkonce.td.*)
 *(.rela.tbss .rela.tbss.* .rela.gnu.linkonce.tb.*)
 *(.rela.ctors)
 *(.rela.dtors)
 *(.rela.got)
 *(.rela.sdata .rela.sdata.* .rela.gnu.linkonce.s.*)
 *(.rela.sbss .rela.sbss.* .rela.gnu.linkonce.sb.*)
 *(.rela.sdata2 .rela.sdata2.* .rela.gnu.linkonce.s2.*)
 *(.rela.sbss2 .rela.sbss2.* .rela.gnu.linkonce.sb2.*)
 *(.rela.bss .rela.bss.* .rela.gnu.linkonce.b.*)
                [!provide]                        PROVIDE (__rela_iplt_start = .)
 *(.rela.iplt)
                [!provide]                        PROVIDE (__rela_iplt_end = .)

.rel.plt
 *(.rel.plt)

.rela.plt
 *(.rela.plt)

.init
 *(SORT_NONE(.init))

.plt
 *(.plt)

.iplt
 *(.iplt)

.text           0x0000000008000000        0x0 load address 0x0000000008000018
                0x0000000008000000                _ftext = .
 *(.text.unlikely .text.*_unlikely .text.unlikely.*)
 *(.text.exit .text.exit.*)
 *(.text.startup .text.startup.*)
 *(.text.hot .text.hot.*)
 *(.text .stub .text.* .gnu.linkonce.t.*)
 .text          0x0000000008000000        0x0 build/us_n64/actors/common0.o
 *(.gnu.warning)
 *(.mips16.fn.*)
 *(.mips16.call.*)

.fini
 *(SORT_NONE(.fini))
                [!provide]                        PROVIDE (__etext = .)
                [!provide]                        PROVIDE (_etext = .)
                [!provide]                        PROVIDE (etext = .)

.rodata
 *(.rodata .rodata.* .gnu.linkonce.r.*)

.rodata1
 *(.rodata1)

.sdata2
 *(.sdata2 .sdata2.* .gnu.linkonce.s2.*)

.sbss2
 *(.sbss2 .sbss2.* .gnu.linkonce.sb2.*)

.eh_frame_hdr
 *(.eh_frame_hdr)
 *(.eh_frame_entry .eh_frame_entry.*)

.eh_frame
 *(.eh_frame)
 *(.eh_frame.*)

.gcc_except_table
 *(.gcc_except_table .gcc_except_table.*)

.gnu_extab
 *(.gnu_extab*)

.exception_ranges
 *(.exception_ranges .exception_ranges*)
                0x0000000008000000                . = DATA_SEGMENT_ALIGN (CONSTANT (MAXPAGESIZE), CONSTANT (COMMONPAGESIZE))

.eh_frame
 *(.eh_frame)
 *(.eh_frame.*)

.gnu_extab
 *(.gnu_extab)

.gcc_except_table
 *(.gcc_except_table .gcc_except_table.*)

.exception_ranges
 *(.exception_ranges .exception_ranges*)

.tdata
 *(.tdata .tdata.* .gnu.linkonce.td.*)

.tbss
 *(.tbss .tbss.* .gnu.linkonce.tb.*)
 *(.tcommon)

.preinit_array  0x0000000008000000        0x0
                [!provide]                        PROVIDE (__preinit_array_start = .)
 *(.preinit_array)
                [!provide]                        PROVIDE (__preinit_array_end = .)

.init_array     0x0000000008000000        0x0
                [!provide]                        PROVIDE (__init_array_start = .)
 *(SORT_BY_INIT_PRIORITY(.init_array.*) SORT_BY_INIT_PRIORITY(.ctors.*))
 *(.init_array EXCLUDE_FILE(*crtend?.o *crtend.o *crtbegin?.o *crtbegin.o) .ctors)
                [!provide]                        PROVIDE (__init_array_end = .)

.fini_array     0x0000000008000000        0x0
                [!provide]                        PROVIDE (__fini_array_start = .)
 *(SORT_BY_INIT_PRIORITY(.fini_array.*) SORT_BY_INIT_PRIORITY(.dtors.*))
 *(.fini_array EXCLUDE_FILE(*crtend?.o *crtend.o *crtbegin?.o *crtbegin.o) .dtors)
                [!provide]                        PROVIDE (__fini_array_end = .)

.ctors
 *crtbegin.o(.ctors)
 *crtbegin?.o(.ctors)
 *(EXCLUDE_FILE(*crtend?.o *crtend.o) .ctors)
 *(SORT_BY_NAME(.ctors.*))
 *(.ctors)

.dtors
 *crtbegin.o(.dtors)
 *crtbegin?.o(.dtors)
 *(EXCLUDE_FILE(*crtend?.o *crtend.o) .dtors)
 *(SORT_BY_NAME(.dtors.*))
 *(.dtors)

.jcr
 *(.jcr)

.data.rel.ro
 *(.data.rel.ro.local* .gnu.linkonce.d.rel.ro.local.*)
 *(.data.rel.ro .data.rel.ro.* .gnu.linkonce.d.rel.ro.*)
                0x0000000008000000                . = DATA_SEGMENT_RELRO_END (., 0x0)

.data           0x0000000008000000    0x64b08 load address 0x0000000008000018
                0x0000000008000000                _fdata = .
 *(.data .data.* .gnu.linkonce.d.*)
 .data          0x0000000008000000    0x64b08 build/us_n64/actors/common0.o
                0x0000000008000000                owl_anims
                0x00000000080012c8                owl_r_wing_3_mesh_layer_4_with_revert
                0x0000000008001320                owl_r_wing_2_mesh_layer_4
                0x0000000008001340                owl_r_wing_1_mesh_layer_4
                0x0000000008001360                owl_r_foot_mesh_layer_1_with_revert
                0x00000000080013d0                owl_l_wing_3_mesh_layer_4
                0x00000000080013f0                owl_l_wing_2_mesh_layer_4
                0x0000000008001410                owl_l_wing_1_mesh_layer_4
                0x0000000008001430                owl_l_foot_mesh_layer_1
                0x0000000008001468                owl_beak_002_mesh_layer_4
                0x0000000008001488                owl_beak_001_mesh_layer_4
                0x00000000080014a8                owl_beak_mesh_layer_1
                0x00000000080014c8                owl_head_mesh_layer_4
                0x00000000080014e8                owl_head_mesh_layer_1
                0x0000000008001520                owl_body_mesh_layer_1
                0x0000000008001558                mat_revert_owl_tex_5002650_fix_f3d
                0x0000000008001580                mat_owl_tex_5002650_fix_f3d
                0x0000000008001618                mat_revert_owl_vertexColors_hoot_f3d
                0x0000000008001640                mat_owl_vertexColors_hoot_f3d
                0x00000000080016d8                mat_revert_owl_f3dlite_material_002
                0x00000000080016f8                mat_owl_f3dlite_material_002
                0x0000000008001788                mat_revert_owl_tex_5001E50_f3d
                0x00000000080017b0                mat_owl_tex_5001E50_f3d
                0x0000000008001848                mat_revert_owl_tex_5000A20_fix_f3d
                0x0000000008001868                mat_owl_tex_5000A20_fix_f3d
                0x00000000080018f8                mat_revert_owl_f3dlite_material_001
                0x0000000008001910                mat_owl_f3dlite_material_001
                0x0000000008001980                mat_revert_owl_f3dlite_material
                0x00000000080019a8                mat_owl_f3dlite_material
                0x0000000008001a40                owl_r_wing_3_mesh_layer_4_tri_0
                0x0000000008001a58                owl_r_wing_3_mesh_layer_4_vtx_0
                0x0000000008001ab8                owl_r_wing_2_mesh_layer_4_tri_0
                0x0000000008001ad0                owl_r_wing_2_mesh_layer_4_vtx_0
                0x0000000008001b10                owl_r_wing_1_mesh_layer_4_tri_0
                0x0000000008001b30                owl_r_wing_1_mesh_layer_4_vtx_0
                0x0000000008001bb0                owl_r_foot_mesh_layer_1_tri_1
                0x0000000008001c00                owl_r_foot_mesh_layer_1_vtx_1
                0x0000000008001e30                owl_r_foot_mesh_layer_1_tri_0
                0x0000000008001ee0                owl_r_foot_mesh_layer_1_vtx_0
                0x0000000008002520                owl_l_wing_3_mesh_layer_4_tri_0
                0x0000000008002538                owl_l_wing_3_mesh_layer_4_vtx_0
                0x0000000008002598                owl_l_wing_2_mesh_layer_4_tri_0
                0x00000000080025b0                owl_l_wing_2_mesh_layer_4_vtx_0
                0x00000000080025f0                owl_l_wing_1_mesh_layer_4_tri_0
                0x0000000008002610                owl_l_wing_1_mesh_layer_4_vtx_0
                0x00000000080026b0                owl_l_foot_mesh_layer_1_tri_1
                0x00000000080026f8                owl_l_foot_mesh_layer_1_vtx_1
                0x0000000008002938                owl_l_foot_mesh_layer_1_tri_0
                0x00000000080029f0                owl_l_foot_mesh_layer_1_vtx_0
                0x0000000008003040                owl_beak_002_mesh_layer_4_tri_0
                0x0000000008003068                owl_beak_002_mesh_layer_4_vtx_0
                0x00000000080030f8                owl_beak_001_mesh_layer_4_tri_0
                0x0000000008003120                owl_beak_001_mesh_layer_4_vtx_0
                0x00000000080031b0                owl_beak_mesh_layer_1_tri_0
                0x00000000080031d8                owl_beak_mesh_layer_1_vtx_0
                0x00000000080032c8                owl_head_mesh_layer_4_tri_0
                0x00000000080032e8                owl_head_mesh_layer_4_vtx_0
                0x0000000008003338                owl_head_mesh_layer_1_tri_1
                0x0000000008003378                owl_head_mesh_layer_1_vtx_1
                0x00000000080034d8                owl_head_mesh_layer_1_tri_0
                0x0000000008003610                owl_head_mesh_layer_1_vtx_0
                0x0000000008004030                owl_body_mesh_layer_1_tri_1
                0x0000000008004090                owl_body_mesh_layer_1_vtx_1
                0x00000000080043e0                owl_body_mesh_layer_1_tri_0
                0x0000000008004458                owl_body_mesh_layer_1_vtx_0
                0x0000000008004878                owl_tex_5002650_pal_rgba16
                0x00000000080049f8                owl_tex_5002650_pal_rgba16_aligner
                0x0000000008004a00                owl_tex_5002650_ci8
                0x0000000008004e00                owl_tex_5002650_ci8_aligner
                0x0000000008004e08                owl_vertexColors_hoot_pal_rgba16
                0x0000000008004e28                owl_vertexColors_hoot_pal_rgba16_aligner
                0x0000000008004e30                owl_vertexColors_hoot_ci4
                0x0000000008004eb0                owl_vertexColors_hoot_ci4_aligner
                0x0000000008004eb8                owl_Texture0406_RGB_pal_rgba16
                0x0000000008004ed0                owl_Texture0406_RGB_pal_rgba16_aligner
                0x0000000008004ed8                owl_Texture0406_RGB_ci4
                0x00000000080050d8                owl_Texture0406_RGB_ci4_aligner
                0x00000000080050e0                owl_tex_5001E50_pal_rgba16
                0x00000000080051a0                owl_tex_5001E50_pal_rgba16_aligner
                0x00000000080051a8                owl_tex_5001E50_ci8
                0x00000000080055a8                owl_tex_5001E50_ci8_aligner
                0x00000000080055b0                owl_tex_5000A20_edit_pal_rgba16
                0x0000000008005690                owl_tex_5000A20_edit_pal_rgba16_aligner
                0x0000000008005698                owl_tex_5000A20_edit_ci8
                0x0000000008005a98                owl_tex_5000A20_edit_ci8_aligner
                0x0000000008005aa0                owl__0E000010_i8
                0x0000000008005ea0                owl__0E000010_i8_aligner
                0x0000000008005ea8                owl_Laminat_pal_rgba16
                0x0000000008005f10                owl_Laminat_pal_rgba16_aligner
                0x0000000008005f18                owl_Laminat_ci8
                0x0000000008006318                owl_Laminat_ci8_aligner
                0x0000000008006320                custom_peach_anims
                0x0000000008008fd8                custom_peach_head_mesh_layer_1_with_revert
                0x0000000008009090                custom_peach_dress_mesh_layer_1
                0x00000000080090b0                custom_peach_arm_r_3_mesh_layer_1
                0x00000000080090d0                custom_peach_arm_r_2_mesh_layer_1
                0x00000000080090f0                custom_peach_arm_r_1_mesh_layer_1
                0x0000000008009140                custom_peach_arm_l_3_mesh_layer_1
                0x0000000008009160                custom_peach_arm_l_2_mesh_layer_1
                0x0000000008009180                custom_peach_arm_l_1_mesh_layer_1
                0x00000000080091d0                custom_peach_body_mesh_layer_1
                0x0000000008009220                mat_revert_custom_peach_tex_5003E28_fix_f3d
                0x0000000008009240                mat_custom_peach_tex_5003E28_fix_f3d
                0x00000000080092d0                mat_revert_custom_peach_tex_5002E28_fix_f3d
                0x00000000080092f0                mat_custom_peach_tex_5002E28_fix_f3d
                0x0000000008009380                mat_revert_custom_peach_tex_5002A28_fix_f3d
                0x00000000080093a0                mat_custom_peach_tex_5002A28_fix_f3d
                0x0000000008009430                mat_revert_custom_peach_tex_5001228_fix_f3d
                0x0000000008009450                mat_custom_peach_tex_5001228_fix_f3d
                0x00000000080094e0                mat_revert_custom_peach_vertexColors_peach_f3d
                0x0000000008009500                mat_custom_peach_vertexColors_peach_f3d
                0x0000000008009590                mat_revert_custom_peach_tex_5002C28_fix_f3d
                0x00000000080095b0                mat_custom_peach_tex_5002C28_fix_f3d
                0x0000000008009640                mat_revert_custom_peach_tex_5004028_fix_f3d
                0x0000000008009660                mat_custom_peach_tex_5004028_fix_f3d
                0x00000000080096f0                mat_revert_custom_peach_tex_5004028_color_f3d
                0x0000000008009710                mat_custom_peach_tex_5004028_color_f3d
                0x00000000080097a0                custom_peach_head_mesh_layer_1_tri_4
                0x0000000008009888                custom_peach_head_mesh_layer_1_vtx_4
                0x000000000800a0a8                custom_peach_head_mesh_layer_1_tri_3
                0x000000000800a0c0                custom_peach_head_mesh_layer_1_vtx_3
                0x000000000800a0f0                custom_peach_head_mesh_layer_1_tri_2
                0x000000000800a110                custom_peach_head_mesh_layer_1_vtx_2
                0x000000000800a1a0                custom_peach_head_mesh_layer_1_tri_1
                0x000000000800a480                custom_peach_head_mesh_layer_1_vtx_1
                0x000000000800c010                custom_peach_head_mesh_layer_1_tri_0
                0x000000000800c090                custom_peach_head_mesh_layer_1_vtx_0
                0x000000000800c510                custom_peach_dress_mesh_layer_1_tri_0
                0x000000000800c7d0                custom_peach_dress_mesh_layer_1_vtx_0
                0x000000000800e1b0                custom_peach_arm_r_3_mesh_layer_1_tri_0
                0x000000000800e288                custom_peach_arm_r_3_mesh_layer_1_vtx_0
                0x000000000800ea38                custom_peach_arm_r_2_mesh_layer_1_tri_0
                0x000000000800eac0                custom_peach_arm_r_2_mesh_layer_1_vtx_0
                0x000000000800ef30                custom_peach_arm_r_1_mesh_layer_1_tri_2
                0x000000000800eff0                custom_peach_arm_r_1_mesh_layer_1_vtx_2
                0x000000000800f710                custom_peach_arm_r_1_mesh_layer_1_tri_1
                0x000000000800f760                custom_peach_arm_r_1_mesh_layer_1_vtx_1
                0x000000000800f970                custom_peach_arm_r_1_mesh_layer_1_tri_0
                0x000000000800f9d0                custom_peach_arm_r_1_mesh_layer_1_vtx_0
                0x000000000800fd30                custom_peach_arm_l_3_mesh_layer_1_tri_0
                0x000000000800fe10                custom_peach_arm_l_3_mesh_layer_1_vtx_0
                0x00000000080105b0                custom_peach_arm_l_2_mesh_layer_1_tri_0
                0x0000000008010630                custom_peach_arm_l_2_mesh_layer_1_vtx_0
                0x0000000008010ab0                custom_peach_arm_l_1_mesh_layer_1_tri_2
                0x0000000008010b78                custom_peach_arm_l_1_mesh_layer_1_vtx_2
                0x0000000008011268                custom_peach_arm_l_1_mesh_layer_1_tri_1
                0x00000000080112b0                custom_peach_arm_l_1_mesh_layer_1_vtx_1
                0x00000000080114f0                custom_peach_arm_l_1_mesh_layer_1_tri_0
                0x0000000008011550                custom_peach_arm_l_1_mesh_layer_1_vtx_0
                0x00000000080118b0                custom_peach_body_mesh_layer_1_tri_2
                0x00000000080118e0                custom_peach_body_mesh_layer_1_vtx_2
                0x0000000008011a30                custom_peach_body_mesh_layer_1_tri_1
                0x0000000008011b70                custom_peach_body_mesh_layer_1_vtx_1
                0x00000000080126c0                custom_peach_body_mesh_layer_1_tri_0
                0x00000000080126e0                custom_peach_body_mesh_layer_1_vtx_0
                0x0000000008012750                custom_peach_tex_5003E28_fix_pal_rgba16
                0x0000000008012780                custom_peach_tex_5003E28_fix_pal_rgba16_aligner
                0x0000000008012788                custom_peach_tex_5003E28_fix_ci8
                0x0000000008012b88                custom_peach_tex_5003E28_fix_ci8_aligner
                0x0000000008012b90                custom_peach_tex_5002E28_fix_pal_rgba16
                0x0000000008012c20                custom_peach_tex_5002E28_fix_pal_rgba16_aligner
                0x0000000008012c28                custom_peach_tex_5002E28_fix_ci8
                0x0000000008013028                custom_peach_tex_5002E28_fix_ci8_aligner
                0x0000000008013030                custom_peach_tex_5002A28_fix_pal_rgba16
                0x0000000008013068                custom_peach_tex_5002A28_fix_pal_rgba16_aligner
                0x0000000008013070                custom_peach_tex_5002A28_fix_ci8
                0x0000000008013470                custom_peach_tex_5002A28_fix_ci8_aligner
                0x0000000008013478                custom_peach_tex_5001228_pal_rgba16
                0x0000000008013608                custom_peach_tex_5001228_pal_rgba16_aligner
                0x0000000008013610                custom_peach_tex_5001228_ci8
                0x0000000008013a10                custom_peach_tex_5001228_ci8_aligner
                0x0000000008013a18                custom_peach_vertexColors_peach_pal_rgba16
                0x0000000008013a28                custom_peach_vertexColors_peach_pal_rgba16_aligner
                0x0000000008013a30                custom_peach_vertexColors_peach_ci4
                0x0000000008013a70                custom_peach_vertexColors_peach_ci4_aligner
                0x0000000008013a78                custom_peach_tex_5002C28_fix_pal_rgba16
                0x0000000008013b68                custom_peach_tex_5002C28_fix_pal_rgba16_aligner
                0x0000000008013b70                custom_peach_tex_5002C28_fix_ci8
                0x0000000008013f70                custom_peach_tex_5002C28_fix_ci8_aligner
                0x0000000008013f78                custom_peach_tex_5004028_pal_rgba16
                0x0000000008013fb0                custom_peach_tex_5004028_pal_rgba16_aligner
                0x0000000008013fb8                custom_peach_tex_5004028_ci8
                0x00000000080143b8                custom_peach_tex_5004028_ci8_aligner
                0x00000000080143c0                custom_peach_tex_5004028_color_pal_rgba16
                0x00000000080143c8                custom_peach_tex_5004028_color_pal_rgba16_aligner
                0x00000000080143d0                custom_peach_tex_5004028_color_ci4
                0x00000000080143f0                custom_peach_tex_5004028_color_ci4_aligner
                0x00000000080143f8                custom_peach_collision
                0x0000000008016670                star_gate_final_revert_mesh_layer_1
                0x00000000080166b0                star_gate_star_gate_mesh_layer_1
                0x00000000080166f0                mat_revert_star_gate_force_field
                0x0000000008016710                mat_star_gate_force_field
                0x00000000080167a0                star_gate_star_gate_mesh_layer_1_tri_0
                0x00000000080167b8                star_gate_star_gate_mesh_layer_1_vtx_0
                0x00000000080167f8                star_gate_star_gate_mesh_layer_1_vtx_cull
                0x0000000008016878                star_gate_Seal_pal_rgba16
                0x00000000080168b8                star_gate_Seal_pal_rgba16_aligner
                0x00000000080168c0                star_gate_Seal_ci8
                0x0000000008016cc0                star_gate_Seal_ci8_aligner
                0x0000000008016cc8                star_gate_collision
                0x0000000008016d00                MODEL_STAR_DOOR_final_revert_mesh_layer_1
                0x0000000008016d40                MODEL_STAR_DOOR_star_door_mesh_layer_1
                0x0000000008016d80                mat_revert_MODEL_STAR_DOOR_door_left
                0x0000000008016d98                mat_MODEL_STAR_DOOR_door_left
                0x0000000008016e08                MODEL_STAR_DOOR_star_door_mesh_layer_1_tri_0
                0x0000000008016e20                MODEL_STAR_DOOR_star_door_mesh_layer_1_vtx_0
                0x0000000008016e60                MODEL_STAR_DOOR_star_door_mesh_layer_1_vtx_cull
                0x0000000008016ee0                MODEL_STAR_DOOR__07003800_rgba16
                0x0000000008017ee0                MODEL_STAR_DOOR__07003800_rgba16_aligner
                0x0000000008017ee8                MODEL_STAR_DOOR_collision
                0x0000000008017f1c                bomboom_collision
                0x0000000008018354                bomboom_anims
                0x00000000080183c0                bomboom_body_mesh_layer_1_with_revert
                0x0000000008018460                bomboom_root_mesh_layer_1
                0x0000000008018498                mat_revert_bomboom_Bomboom_bomb_fuze
                0x00000000080184b0                mat_bomboom_Bomboom_bomb_fuze
                0x00000000080184f8                mat_revert_bomboom_Bomboom_bomb_metal
                0x0000000008018510                mat_bomboom_Bomboom_bomb_metal
                0x0000000008018558                mat_revert_bomboom_Bomboom_bomb_shell_stable
                0x0000000008018570                mat_bomboom_Bomboom_bomb_shell_stable
                0x00000000080185b8                mat_revert_bomboom_bomboom_tracks
                0x00000000080185d8                mat_bomboom_bomboom_tracks
                0x0000000008018630                mat_revert_bomboom_bomboom_main
                0x0000000008018650                mat_bomboom_bomboom_main
                0x00000000080186a8                bomboom_body_mesh_layer_1_tri_3
                0x0000000008018798                bomboom_body_mesh_layer_1_vtx_3
                0x0000000008018a68                bomboom_body_mesh_layer_1_tri_2
                0x0000000008018b10                bomboom_body_mesh_layer_1_vtx_2
                0x0000000008018e70                bomboom_body_mesh_layer_1_tri_1
                0x00000000080191a8                bomboom_body_mesh_layer_1_vtx_1
                0x0000000008019ce8                bomboom_body_mesh_layer_1_tri_0
                0x000000000801a560                bomboom_body_mesh_layer_1_vtx_0
                0x000000000801c6b0                bomboom_root_mesh_layer_1_tri_1
                0x000000000801c9c0                bomboom_root_mesh_layer_1_vtx_1
                0x000000000801d5a0                bomboom_root_mesh_layer_1_tri_0
                0x000000000801dd40                bomboom_root_mesh_layer_1_vtx_0
                0x000000000801f820                bomboom_bomboom_track_i8
                0x000000000801fc20                bomboom_bomboom_track_i8_aligner
                0x000000000801fc28                bomboom_Sail_i8
                0x0000000008020028                bomboom_Sail_i8_aligner
                0x0000000008020030                bomboom_bomb_anims
                0x0000000008020168                bomboom_bomb_body_mesh_layer_1_with_revert
                0x00000000080201f0                mat_revert_bomboom_bomb_Bomboom_bomb_fuze
                0x0000000008020208                mat_bomboom_bomb_Bomboom_bomb_fuze
                0x0000000008020250                mat_revert_bomboom_bomb_Bomboom_bomb_metal
                0x0000000008020268                mat_bomboom_bomb_Bomboom_bomb_metal
                0x00000000080202b0                mat_revert_bomboom_bomb_Bomboom_bomb_shell
                0x00000000080202c8                mat_bomboom_bomb_Bomboom_bomb_shell
                0x0000000008020310                bomboom_bomb_body_mesh_layer_1_tri_2
                0x0000000008020460                bomboom_bomb_body_mesh_layer_1_vtx_2
                0x0000000008020960                bomboom_bomb_body_mesh_layer_1_tri_1
                0x0000000008020a28                bomboom_bomb_body_mesh_layer_1_vtx_1
                0x0000000008020d78                bomboom_bomb_body_mesh_layer_1_tri_0
                0x0000000008020ed8                bomboom_bomb_body_mesh_layer_1_vtx_0
                0x0000000008021478                sync_block_collision
                0x0000000008021518                sync_block_000_body_mesh_layer_5_with_revert
                0x0000000008021570                sync_block_000_body_mesh_layer_1_with_revert
                0x00000000080215c8                mat_revert_sync_block_sync_block_block_layer5
                0x00000000080215f0                mat_sync_block_sync_block_block_layer5
                0x0000000008021670                mat_revert_sync_block_sync_block_frame
                0x0000000008021690                mat_sync_block_sync_block_frame
                0x00000000080216e0                sync_block_000_body_mesh_layer_5_tri_0
                0x0000000008021720                sync_block_000_body_mesh_layer_5_vtx_0
                0x00000000080218a0                sync_block_000_body_mesh_layer_1_tri_0
                0x0000000008021980                sync_block_000_body_mesh_layer_1_vtx_0
                0x0000000008021f80                sync_block_SyncBlock_i8
                0x0000000008022380                sync_block_SyncBlock_i8_aligner
                0x0000000008022388                silver_star_anims
                0x0000000008022438                silver_star_billboard_mesh_layer_5_with_revert
                0x0000000008022490                silver_star_000_body_mesh_layer_1_with_revert
                0x00000000080224e8                mat_revert_silver_star_silver_star_beams
                0x0000000008022508                mat_silver_star_silver_star_beams
                0x0000000008022568                mat_revert_silver_star_silver_star
                0x0000000008022588                mat_silver_star_silver_star
                0x00000000080225e0                silver_star_billboard_mesh_layer_5_tri_0
                0x0000000008022620                silver_star_billboard_mesh_layer_5_vtx_0
                0x00000000080227b0                silver_star_000_body_mesh_layer_1_tri_0
                0x00000000080228c8                silver_star_000_body_mesh_layer_1_vtx_0
                0x0000000008023068                silver_star_LightBeamSmall_ia8
                0x0000000008023468                silver_star_LightBeamSmall_ia8_aligner
                0x0000000008023470                silver_star_CamStand_i8
                0x0000000008023870                silver_star_CamStand_i8_aligner
                0x0000000008023878                silver_star_podium_body_mesh_layer_5_with_revert
                0x00000000080238d0                mat_revert_silver_star_podium_silver_star_podium
                0x00000000080238f8                mat_silver_star_podium_silver_star_podium
                0x0000000008023998                silver_star_podium_body_mesh_layer_5_tri_0
                0x0000000008023ca0                silver_star_podium_body_mesh_layer_5_vtx_0
                0x0000000008025320                silver_star_podium_Bone_pal_rgba16
                0x0000000008025348                silver_star_podium_Bone_pal_rgba16_aligner
                0x0000000008025350                silver_star_podium_Bone_ci8
                0x0000000008025750                silver_star_podium_Bone_ci8_aligner
                0x0000000008025758                fading_platform_body_mesh_layer_1_with_revert
                0x00000000080257b0                fading_platform_root_mesh_layer_1
                0x00000000080257d0                mat_revert_fading_platform_fading_platform_platform
                0x00000000080257f0                mat_fading_platform_fading_platform_platform
                0x0000000008025880                mat_revert_fading_platform_fading_platform_frame
                0x0000000008025898                mat_fading_platform_fading_platform_frame
                0x00000000080258e0                fading_platform_body_mesh_layer_1_tri_0
                0x0000000008025920                fading_platform_body_mesh_layer_1_vtx_0
                0x0000000008025aa0                fading_platform_root_mesh_layer_1_tri_0
                0x0000000008025b18                fading_platform_root_mesh_layer_1_vtx_0
                0x0000000008025d98                fading_platform_FadingPlatform_pal_rgba16
                0x0000000008025da0                fading_platform_FadingPlatform_pal_rgba16_aligner
                0x0000000008025da8                fading_platform_FadingPlatform_ci4
                0x0000000008025fa8                fading_platform_FadingPlatform_ci4_aligner
                0x0000000008025fb0                fading_platform_collision
                0x000000000802604c                block_swap_block_collision
                0x00000000080260e8                block_swap_block_state_switch_body_mesh_layer_1_opt_1_with_revert
                0x0000000008026140                block_swap_block_state_switch_body_mesh_layer_1
                0x0000000008026160                block_swap_block_body_mesh_layer_1_opt_1_with_revert
                0x00000000080261b8                block_swap_block_body_mesh_layer_1_with_revert
                0x0000000008026210                mat_revert_block_swap_block_BlockSwapOn
                0x0000000008026230                mat_block_swap_block_BlockSwapOn
                0x00000000080262c0                mat_revert_block_swap_block_BlockSwapOff
                0x00000000080262e0                mat_block_swap_block_BlockSwapOff
                0x0000000008026370                block_swap_block_state_switch_body_mesh_layer_1_tri_0
                0x0000000008026470                block_swap_block_state_switch_body_mesh_layer_1_vtx_0
                0x0000000008026800                block_swap_block_body_mesh_layer_1_tri_0
                0x00000000080269e0                block_swap_block_body_mesh_layer_1_vtx_0
                0x0000000008026fe0                block_swap_block_BlockSwapButtonOn_pal_rgba16
                0x0000000008026fe8                block_swap_block_BlockSwapButtonOn_pal_rgba16_aligner
                0x0000000008026ff0                block_swap_block_BlockSwapButtonOn_ci4
                0x00000000080271f0                block_swap_block_BlockSwapButtonOn_ci4_aligner
                0x00000000080271f8                block_swap_block_BlockSwapButtonOff_pal_rgba16
                0x0000000008027200                block_swap_block_BlockSwapButtonOff_pal_rgba16_aligner
                0x0000000008027208                block_swap_block_BlockSwapButtonOff_ci4
                0x0000000008027408                block_swap_block_BlockSwapButtonOff_ci4_aligner
                0x0000000008027410                block_swap_switch_body_mesh_layer_1_opt_1_with_revert
                0x0000000008027468                block_swap_switch_body_mesh_layer_1_with_revert
                0x00000000080274c0                mat_revert_block_swap_switch_BlockSwapOn
                0x00000000080274e0                mat_block_swap_switch_BlockSwapOn
                0x0000000008027570                mat_revert_block_swap_switch_BlockSwapOff
                0x0000000008027590                mat_block_swap_switch_BlockSwapOff
                0x0000000008027620                block_swap_switch_body_mesh_layer_1_tri_0
                0x00000000080276e8                block_swap_switch_body_mesh_layer_1_vtx_0
                0x0000000008027a68                block_swap_switch_BlockSwapButtonOn_pal_rgba16
                0x0000000008027a70                block_swap_switch_BlockSwapButtonOn_pal_rgba16_aligner
                0x0000000008027a78                block_swap_switch_BlockSwapButtonOn_ci4
                0x0000000008027c78                block_swap_switch_BlockSwapButtonOn_ci4_aligner
                0x0000000008027c80                block_swap_switch_BlockSwapButtonOff_pal_rgba16
                0x0000000008027c88                block_swap_switch_BlockSwapButtonOff_pal_rgba16_aligner
                0x0000000008027c90                block_swap_switch_BlockSwapButtonOff_ci4
                0x0000000008027e90                block_swap_switch_BlockSwapButtonOff_ci4_aligner
                0x0000000008027e98                block_swap_switch_collision
                0x0000000008027f50                interactive_tablet_podium_body_mesh_layer_1_with_revert
                0x0000000008027fa8                mat_revert_interactive_tablet_podium_interactive_tablet_podium
                0x0000000008027fc8                mat_interactive_tablet_podium_interactive_tablet_podium
                0x0000000008028058                interactive_tablet_podium_body_mesh_layer_1_tri_0
                0x0000000008028128                interactive_tablet_podium_body_mesh_layer_1_vtx_0
                0x0000000008028728                interactive_tablet_podium_interactive_tablet_podium_pal_rgba16
                0x0000000008028730                interactive_tablet_podium_interactive_tablet_podium_pal_rgba16_aligner
                0x0000000008028738                interactive_tablet_podium_interactive_tablet_podium_ci4
                0x0000000008028938                interactive_tablet_podium_interactive_tablet_podium_ci4_aligner
                0x0000000008028940                interactive_tablet_podium_collision
                0x00000000080289dc                interactive_tablet_collision
                0x0000000008028a78                interactive_tablet_body_mesh_layer_1_opt_2_with_revert
                0x0000000008028ad0                interactive_tablet_body_mesh_layer_1_opt_1_with_revert
                0x0000000008028b28                interactive_tablet_body_mesh_layer_1_with_revert
                0x0000000008028b80                mat_revert_interactive_tablet_interactive_tablet_final
                0x0000000008028ba0                mat_interactive_tablet_interactive_tablet_final
                0x0000000008028c30                mat_revert_interactive_tablet_interactive_tablet_activated
                0x0000000008028c50                mat_interactive_tablet_interactive_tablet_activated
                0x0000000008028ce0                mat_revert_interactive_tablet_interactive_tablet_deactivated
                0x0000000008028d00                mat_interactive_tablet_interactive_tablet_deactivated
                0x0000000008028d90                interactive_tablet_body_mesh_layer_1_tri_0
                0x0000000008028e40                interactive_tablet_body_mesh_layer_1_vtx_0
                0x00000000080292c0                interactive_tablet_interactive_tablet_final_pal_rgba16
                0x00000000080292c8                interactive_tablet_interactive_tablet_final_pal_rgba16_aligner
                0x00000000080292d0                interactive_tablet_interactive_tablet_final_ci4
                0x00000000080294d0                interactive_tablet_interactive_tablet_final_ci4_aligner
                0x00000000080294d8                interactive_tablet_interactive_tablet_activated_pal_rgba16
                0x00000000080294e0                interactive_tablet_interactive_tablet_activated_pal_rgba16_aligner
                0x00000000080294e8                interactive_tablet_interactive_tablet_activated_ci4
                0x00000000080296e8                interactive_tablet_interactive_tablet_activated_ci4_aligner
                0x00000000080296f0                interactive_tablet_interactive_tablet_deactivated_pal_rgba16
                0x00000000080296f8                interactive_tablet_interactive_tablet_deactivated_pal_rgba16_aligner
                0x0000000008029700                interactive_tablet_interactive_tablet_deactivated_ci4
                0x0000000008029900                interactive_tablet_interactive_tablet_deactivated_ci4_aligner
                0x0000000008029908                orbiting_platform7_final_revert_mesh_layer_1
                0x0000000008029948                orbiting_platform7_orbiting_platform7_mesh_layer_1
                0x00000000080299a0                mat_revert_orbiting_platform7_grey_checker
                0x00000000080299c0                mat_orbiting_platform7_grey_checker
                0x0000000008029a50                mat_revert_orbiting_platform7_old_stone
                0x0000000008029a70                mat_orbiting_platform7_old_stone
                0x0000000008029b00                orbiting_platform7_orbiting_platform7_mesh_layer_1_tri_1
                0x0000000008029c10                orbiting_platform7_orbiting_platform7_mesh_layer_1_vtx_1
                0x000000000802a230                orbiting_platform7_orbiting_platform7_mesh_layer_1_tri_0
                0x000000000802a288                orbiting_platform7_orbiting_platform7_mesh_layer_1_vtx_0
                0x000000000802a3a8                orbiting_platform7_orbiting_platform7_mesh_layer_1_vtx_cull
                0x000000000802a428                orbiting_platform7_KKIIDDZZ_DAT_964__p00_pal_rgba16
                0x000000000802a508                orbiting_platform7_KKIIDDZZ_DAT_964__p00_pal_rgba16_aligner
                0x000000000802a510                orbiting_platform7_KKIIDDZZ_DAT_964__p00_ci8
                0x000000000802a910                orbiting_platform7_KKIIDDZZ_DAT_964__p00_ci8_aligner
                0x000000000802a918                orbiting_platform7_KKIIDDZZ_DAT_1059__p00_pal_rgba16
                0x000000000802a9a0                orbiting_platform7_KKIIDDZZ_DAT_1059__p00_pal_rgba16_aligner
                0x000000000802a9a8                orbiting_platform7_KKIIDDZZ_DAT_1059__p00_ci8
                0x000000000802ada8                orbiting_platform7_KKIIDDZZ_DAT_1059__p00_ci8_aligner
                0x000000000802adb0                orbiting_platform7_collision
                0x000000000802b0b8                orbiting_platform6_final_revert_mesh_layer_1
                0x000000000802b0f8                orbiting_platform6_orbiting_platform6_mesh_layer_1
                0x000000000802b150                mat_revert_orbiting_platform6_old_stone
                0x000000000802b170                mat_orbiting_platform6_old_stone
                0x000000000802b200                mat_revert_orbiting_platform6_grey_checker
                0x000000000802b220                mat_orbiting_platform6_grey_checker
                0x000000000802b2b0                orbiting_platform6_orbiting_platform6_mesh_layer_1_tri_1
                0x000000000802b308                orbiting_platform6_orbiting_platform6_mesh_layer_1_vtx_1
                0x000000000802b438                orbiting_platform6_orbiting_platform6_mesh_layer_1_tri_0
                0x000000000802b548                orbiting_platform6_orbiting_platform6_mesh_layer_1_vtx_0
                0x000000000802bb88                orbiting_platform6_orbiting_platform6_mesh_layer_1_vtx_cull
                0x000000000802bc08                orbiting_platform6_KKIIDDZZ_DAT_1059__p00_pal_rgba16
                0x000000000802bc90                orbiting_platform6_KKIIDDZZ_DAT_1059__p00_pal_rgba16_aligner
                0x000000000802bc98                orbiting_platform6_KKIIDDZZ_DAT_1059__p00_ci8
                0x000000000802c098                orbiting_platform6_KKIIDDZZ_DAT_1059__p00_ci8_aligner
                0x000000000802c0a0                orbiting_platform6_KKIIDDZZ_DAT_964__p00_pal_rgba16
                0x000000000802c180                orbiting_platform6_KKIIDDZZ_DAT_964__p00_pal_rgba16_aligner
                0x000000000802c188                orbiting_platform6_KKIIDDZZ_DAT_964__p00_ci8
                0x000000000802c588                orbiting_platform6_KKIIDDZZ_DAT_964__p00_ci8_aligner
                0x000000000802c590                orbiting_platform6_collision
                0x000000000802c898                orbiting_platform5_final_revert_mesh_layer_1
                0x000000000802c8d8                orbiting_platform5_orbiting_platform5_mesh_layer_1
                0x000000000802c930                mat_revert_orbiting_platform5_old_stone
                0x000000000802c950                mat_orbiting_platform5_old_stone
                0x000000000802c9e0                mat_revert_orbiting_platform5_grey_checker
                0x000000000802ca00                mat_orbiting_platform5_grey_checker
                0x000000000802ca90                orbiting_platform5_orbiting_platform5_mesh_layer_1_tri_1
                0x000000000802cae8                orbiting_platform5_orbiting_platform5_mesh_layer_1_vtx_1
                0x000000000802cc18                orbiting_platform5_orbiting_platform5_mesh_layer_1_tri_0
                0x000000000802cd28                orbiting_platform5_orbiting_platform5_mesh_layer_1_vtx_0
                0x000000000802d358                orbiting_platform5_orbiting_platform5_mesh_layer_1_vtx_cull
                0x000000000802d3d8                orbiting_platform5_KKIIDDZZ_DAT_1059__p00_pal_rgba16
                0x000000000802d460                orbiting_platform5_KKIIDDZZ_DAT_1059__p00_pal_rgba16_aligner
                0x000000000802d468                orbiting_platform5_KKIIDDZZ_DAT_1059__p00_ci8
                0x000000000802d868                orbiting_platform5_KKIIDDZZ_DAT_1059__p00_ci8_aligner
                0x000000000802d870                orbiting_platform5_KKIIDDZZ_DAT_964__p00_pal_rgba16
                0x000000000802d950                orbiting_platform5_KKIIDDZZ_DAT_964__p00_pal_rgba16_aligner
                0x000000000802d958                orbiting_platform5_KKIIDDZZ_DAT_964__p00_ci8
                0x000000000802dd58                orbiting_platform5_KKIIDDZZ_DAT_964__p00_ci8_aligner
                0x000000000802dd60                orbiting_platform5_collision
                0x000000000802e068                orbiting_platform4_final_revert_mesh_layer_1
                0x000000000802e0a8                orbiting_platform4_orbiting_platform4_mesh_layer_1
                0x000000000802e100                mat_revert_orbiting_platform4_old_stone
                0x000000000802e120                mat_orbiting_platform4_old_stone
                0x000000000802e1b0                mat_revert_orbiting_platform4_grey_checker
                0x000000000802e1d0                mat_orbiting_platform4_grey_checker
                0x000000000802e260                orbiting_platform4_orbiting_platform4_mesh_layer_1_tri_1
                0x000000000802e2b0                orbiting_platform4_orbiting_platform4_mesh_layer_1_vtx_1
                0x000000000802e3d0                orbiting_platform4_orbiting_platform4_mesh_layer_1_tri_0
                0x000000000802e4c0                orbiting_platform4_orbiting_platform4_mesh_layer_1_vtx_0
                0x000000000802ea60                orbiting_platform4_orbiting_platform4_mesh_layer_1_vtx_cull
                0x000000000802eae0                orbiting_platform4_KKIIDDZZ_DAT_1059__p00_pal_rgba16
                0x000000000802eb68                orbiting_platform4_KKIIDDZZ_DAT_1059__p00_pal_rgba16_aligner
                0x000000000802eb70                orbiting_platform4_KKIIDDZZ_DAT_1059__p00_ci8
                0x000000000802ef70                orbiting_platform4_KKIIDDZZ_DAT_1059__p00_ci8_aligner
                0x000000000802ef78                orbiting_platform4_KKIIDDZZ_DAT_964__p00_pal_rgba16
                0x000000000802f058                orbiting_platform4_KKIIDDZZ_DAT_964__p00_pal_rgba16_aligner
                0x000000000802f060                orbiting_platform4_KKIIDDZZ_DAT_964__p00_ci8
                0x000000000802f460                orbiting_platform4_KKIIDDZZ_DAT_964__p00_ci8_aligner
                0x000000000802f468                orbiting_platform4_collision
                0x000000000802f770                orbiting_platform3_final_revert_mesh_layer_1
                0x000000000802f7b0                orbiting_platform3_orbiting_platform3_mesh_layer_1
                0x000000000802f808                mat_revert_orbiting_platform3_old_stone
                0x000000000802f828                mat_orbiting_platform3_old_stone
                0x000000000802f8b8                mat_revert_orbiting_platform3_grey_checker
                0x000000000802f8d8                mat_orbiting_platform3_grey_checker
                0x000000000802f968                orbiting_platform3_orbiting_platform3_mesh_layer_1_tri_1
                0x000000000802f9b8                orbiting_platform3_orbiting_platform3_mesh_layer_1_vtx_1
                0x000000000802fad8                orbiting_platform3_orbiting_platform3_mesh_layer_1_tri_0
                0x000000000802fbc8                orbiting_platform3_orbiting_platform3_mesh_layer_1_vtx_0
                0x0000000008030168                orbiting_platform3_orbiting_platform3_mesh_layer_1_vtx_cull
                0x00000000080301e8                orbiting_platform3_KKIIDDZZ_DAT_1059__p00_pal_rgba16
                0x0000000008030270                orbiting_platform3_KKIIDDZZ_DAT_1059__p00_pal_rgba16_aligner
                0x0000000008030278                orbiting_platform3_KKIIDDZZ_DAT_1059__p00_ci8
                0x0000000008030678                orbiting_platform3_KKIIDDZZ_DAT_1059__p00_ci8_aligner
                0x0000000008030680                orbiting_platform3_KKIIDDZZ_DAT_964__p00_pal_rgba16
                0x0000000008030760                orbiting_platform3_KKIIDDZZ_DAT_964__p00_pal_rgba16_aligner
                0x0000000008030768                orbiting_platform3_KKIIDDZZ_DAT_964__p00_ci8
                0x0000000008030b68                orbiting_platform3_KKIIDDZZ_DAT_964__p00_ci8_aligner
                0x0000000008030b70                orbiting_platform3_collision
                0x0000000008030e78                orbiting_platform2_final_revert_mesh_layer_1
                0x0000000008030eb8                orbiting_platform2_orbiting_platform2_mesh_layer_1
                0x0000000008030f10                mat_revert_orbiting_platform2_old_stone
                0x0000000008030f30                mat_orbiting_platform2_old_stone
                0x0000000008030fc0                mat_revert_orbiting_platform2_grey_checker
                0x0000000008030fe0                mat_orbiting_platform2_grey_checker
                0x0000000008031070                orbiting_platform2_orbiting_platform2_mesh_layer_1_tri_1
                0x00000000080310c0                orbiting_platform2_orbiting_platform2_mesh_layer_1_vtx_1
                0x00000000080311e0                orbiting_platform2_orbiting_platform2_mesh_layer_1_tri_0
                0x00000000080312d0                orbiting_platform2_orbiting_platform2_mesh_layer_1_vtx_0
                0x0000000008031870                orbiting_platform2_orbiting_platform2_mesh_layer_1_vtx_cull
                0x00000000080318f0                orbiting_platform2_KKIIDDZZ_DAT_1059__p00_pal_rgba16
                0x0000000008031978                orbiting_platform2_KKIIDDZZ_DAT_1059__p00_pal_rgba16_aligner
                0x0000000008031980                orbiting_platform2_KKIIDDZZ_DAT_1059__p00_ci8
                0x0000000008031d80                orbiting_platform2_KKIIDDZZ_DAT_1059__p00_ci8_aligner
                0x0000000008031d88                orbiting_platform2_KKIIDDZZ_DAT_964__p00_pal_rgba16
                0x0000000008031e68                orbiting_platform2_KKIIDDZZ_DAT_964__p00_pal_rgba16_aligner
                0x0000000008031e70                orbiting_platform2_KKIIDDZZ_DAT_964__p00_ci8
                0x0000000008032270                orbiting_platform2_KKIIDDZZ_DAT_964__p00_ci8_aligner
                0x0000000008032278                orbiting_platform2_collision
                0x0000000008032580                orbiting_platform1_final_revert_mesh_layer_1
                0x00000000080325c0                orbiting_platform1_orbiting_platform1_mesh_layer_1
                0x0000000008032630                mat_revert_orbiting_platform1_grey_checker_001
                0x0000000008032650                mat_orbiting_platform1_grey_checker_001
                0x00000000080326e0                mat_revert_orbiting_platform1_old_stone_001
                0x0000000008032700                mat_orbiting_platform1_old_stone_001
                0x0000000008032790                mat_revert_orbiting_platform1_blocky_001
                0x00000000080327b0                mat_orbiting_platform1_blocky_001
                0x0000000008032840                orbiting_platform1_orbiting_platform1_mesh_layer_1_tri_2
                0x0000000008032938                orbiting_platform1_orbiting_platform1_mesh_layer_1_vtx_2
                0x0000000008032ee8                orbiting_platform1_orbiting_platform1_mesh_layer_1_tri_1
                0x0000000008032f40                orbiting_platform1_orbiting_platform1_mesh_layer_1_vtx_1
                0x0000000008033070                orbiting_platform1_orbiting_platform1_mesh_layer_1_tri_0
                0x0000000008033090                orbiting_platform1_orbiting_platform1_mesh_layer_1_vtx_0
                0x00000000080330f0                orbiting_platform1_orbiting_platform1_mesh_layer_1_vtx_cull
                0x0000000008033170                orbiting_platform1_KKIIDDZZ_DAT_964__p00_pal_rgba16
                0x0000000008033250                orbiting_platform1_KKIIDDZZ_DAT_964__p00_pal_rgba16_aligner
                0x0000000008033258                orbiting_platform1_KKIIDDZZ_DAT_964__p00_ci8
                0x0000000008033658                orbiting_platform1_KKIIDDZZ_DAT_964__p00_ci8_aligner
                0x0000000008033660                orbiting_platform1_KKIIDDZZ_DAT_1059__p00_pal_rgba16
                0x00000000080336e8                orbiting_platform1_KKIIDDZZ_DAT_1059__p00_pal_rgba16_aligner
                0x00000000080336f0                orbiting_platform1_KKIIDDZZ_DAT_1059__p00_ci8
                0x0000000008033af0                orbiting_platform1_KKIIDDZZ_DAT_1059__p00_ci8_aligner
                0x0000000008033af8                orbiting_platform1_light_pal_rgba16
                0x0000000008033b00                orbiting_platform1_light_pal_rgba16_aligner
                0x0000000008033b08                orbiting_platform1_light_ci4
                0x0000000008033d08                orbiting_platform1_light_ci4_aligner
                0x0000000008033d10                orbiting_platform1_collision
                0x0000000008034018                barrier_final_revert_mesh_layer_1
                0x0000000008034058                barrier_barrier_mesh_layer_1
                0x00000000080340b0                mat_revert_barrier_f3dlite_material_001
                0x00000000080340d0                mat_barrier_f3dlite_material_001
                0x0000000008034160                mat_revert_barrier_f3dlite_material
                0x0000000008034180                mat_barrier_f3dlite_material
                0x0000000008034210                barrier_barrier_mesh_layer_1_tri_1
                0x0000000008034240                barrier_barrier_mesh_layer_1_vtx_1
                0x0000000008034340                barrier_barrier_mesh_layer_1_tri_0
                0x0000000008034360                barrier_barrier_mesh_layer_1_vtx_0
                0x00000000080343e0                barrier_barrier_mesh_layer_1_vtx_cull
                0x0000000008034460                barrier_KKIIDDZZ_DAT_1380__p00_pal_rgba16
                0x0000000008034530                barrier_KKIIDDZZ_DAT_1380__p00_pal_rgba16_aligner
                0x0000000008034538                barrier_KKIIDDZZ_DAT_1380__p00_ci8
                0x0000000008034938                barrier_KKIIDDZZ_DAT_1380__p00_ci8_aligner
                0x0000000008034940                barrier_KKIIDDZZ_DAT_964__p00_pal_rgba16
                0x0000000008034a20                barrier_KKIIDDZZ_DAT_964__p00_pal_rgba16_aligner
                0x0000000008034a28                barrier_KKIIDDZZ_DAT_964__p00_ci8
                0x0000000008034e28                barrier_KKIIDDZZ_DAT_964__p00_ci8_aligner
                0x0000000008034e30                barrier_collision
                0x0000000008034ed0                tilting_platform_final_revert_mesh_layer_1
                0x0000000008034f10                tilting_platform_tilting_platform_mesh_layer_1
                0x0000000008034f68                mat_revert_tilting_platform_bricks
                0x0000000008034f88                mat_tilting_platform_bricks
                0x0000000008035018                mat_revert_tilting_platform_glyph_stone
                0x0000000008035038                mat_tilting_platform_glyph_stone
                0x00000000080350c8                tilting_platform_tilting_platform_mesh_layer_1_tri_1
                0x00000000080350e0                tilting_platform_tilting_platform_mesh_layer_1_vtx_1
                0x0000000008035120                tilting_platform_tilting_platform_mesh_layer_1_tri_0
                0x00000000080351a0                tilting_platform_tilting_platform_mesh_layer_1_vtx_0
                0x0000000008035420                tilting_platform_tilting_platform_mesh_layer_1_vtx_cull
                0x00000000080354a0                tilting_platform__7_pal_rgba16
                0x0000000008035560                tilting_platform__7_pal_rgba16_aligner
                0x0000000008035568                tilting_platform__7_ci8
                0x0000000008035968                tilting_platform__7_ci8_aligner
                0x0000000008035970                tilting_platform_KKIIDDZZ_DAT_964__p00_pal_rgba16
                0x0000000008035a50                tilting_platform_KKIIDDZZ_DAT_964__p00_pal_rgba16_aligner
                0x0000000008035a58                tilting_platform_KKIIDDZZ_DAT_964__p00_ci8
                0x0000000008035e58                tilting_platform_KKIIDDZZ_DAT_964__p00_ci8_aligner
                0x0000000008035e60                tilting_platform_collision
                0x0000000008035f58                custom_pole_final_revert_mesh_layer_1
                0x0000000008035f98                custom_pole_custom_pole_mesh_layer_1
                0x0000000008035fd8                mat_revert_custom_pole_pole_texture
                0x0000000008035ff8                mat_custom_pole_pole_texture
                0x0000000008036088                custom_pole_custom_pole_mesh_layer_1_tri_0
                0x00000000080361c0                custom_pole_custom_pole_mesh_layer_1_vtx_0
                0x0000000008036840                custom_pole_custom_pole_mesh_layer_1_vtx_cull
                0x00000000080368c0                custom_pole_ci4_sophie_interiorwall_pal_rgba16
                0x00000000080368d8                custom_pole_ci4_sophie_interiorwall_pal_rgba16_aligner
                0x00000000080368e0                custom_pole_ci4_sophie_interiorwall_ci4
                0x00000000080370e0                custom_pole_ci4_sophie_interiorwall_ci4_aligner
                0x00000000080370e8                custom_pole_collision
                0x0000000008037370                magic_platform_final_revert_mesh_layer_5
                0x00000000080373b0                magic_platform_final_revert_mesh_layer_4
                0x00000000080373f0                magic_platform_final_revert_mesh_layer_1
                0x0000000008037430                magic_platform_magic_platform_mesh_layer_5
                0x0000000008037470                magic_platform_magic_platform_mesh_layer_4
                0x00000000080374b0                magic_platform_magic_platform_mesh_layer_1
                0x00000000080374f0                mat_revert_magic_platform_tek
                0x0000000008037518                mat_magic_platform_tek
                0x0000000008037598                mat_revert_magic_platform_corner_circle
                0x00000000080375c0                mat_magic_platform_corner_circle
                0x0000000008037658                mat_revert_magic_platform_blocky
                0x0000000008037678                mat_magic_platform_blocky
                0x0000000008037708                magic_platform_magic_platform_mesh_layer_5_tri_0
                0x0000000008037728                magic_platform_magic_platform_mesh_layer_5_vtx_0
                0x00000000080377a8                magic_platform_magic_platform_mesh_layer_5_vtx_cull
                0x0000000008037828                magic_platform_magic_platform_mesh_layer_4_tri_0
                0x0000000008037840                magic_platform_magic_platform_mesh_layer_4_vtx_0
                0x0000000008037880                magic_platform_magic_platform_mesh_layer_4_vtx_cull
                0x0000000008037900                magic_platform_magic_platform_mesh_layer_1_tri_0
                0x0000000008037930                magic_platform_magic_platform_mesh_layer_1_vtx_0
                0x0000000008037a30                magic_platform_magic_platform_mesh_layer_1_vtx_cull
                0x0000000008037ab0                magic_platform_ci4_sophie_pedestal_L1_pal_rgba16
                0x0000000008037ad0                magic_platform_ci4_sophie_pedestal_L1_pal_rgba16_aligner
                0x0000000008037ad8                magic_platform_ci4_sophie_pedestal_L1_ci4
                0x00000000080382d8                magic_platform_ci4_sophie_pedestal_L1_ci4_aligner
                0x00000000080382e0                magic_platform_corner_circle_pal_rgba16
                0x00000000080383d8                magic_platform_corner_circle_pal_rgba16_aligner
                0x00000000080383e0                magic_platform_corner_circle_ci8
                0x00000000080387e0                magic_platform_corner_circle_ci8_aligner
                0x00000000080387e8                _pal_rgba16::magic_platform(void)
                0x0000000008038898                magic_platform__11_pal_rgba16_aligner
                0x00000000080388a0                magic_platform__11_ci8
                0x0000000008038ca0                _ci8_aligne::magic_platform(long double)
                0x0000000008038ca8                magic_platform_collision
                0x0000000008038d60                small_fan_final_revert_mesh_layer_1
                0x0000000008038da0                small_fan_small_fan_mesh_layer_1
                0x0000000008038df8                mat_revert_small_fan_metal2
                0x0000000008038e18                mat_small_fan_metal2
                0x0000000008038ea8                mat_revert_small_fan_metal
                0x0000000008038ec8                mat_small_fan_metal
                0x0000000008038f58                small_fan_small_fan_mesh_layer_1_tri_1
                0x0000000008038f98                small_fan_small_fan_mesh_layer_1_vtx_1
                0x0000000008039118                small_fan_small_fan_mesh_layer_1_tri_0
                0x0000000008039190                small_fan_small_fan_mesh_layer_1_vtx_0
                0x0000000008039490                small_fan_small_fan_mesh_layer_1_vtx_cull
                0x0000000008039510                small_fan_rgba16_anonmoose_GreenishSquare_pal_rgba16
                0x0000000008039538                small_fan_rgba16_anonmoose_GreenishSquare_pal_rgba16_aligner
                0x0000000008039540                small_fan_rgba16_anonmoose_GreenishSquare_ci8
                0x0000000008039940                small_fan_rgba16_anonmoose_GreenishSquare_ci8_aligner
                0x0000000008039948                small_fan_ci4_sophie_metal2_pal_rgba16
                0x0000000008039968                small_fan_ci4_sophie_metal2_pal_rgba16_aligner
                0x0000000008039970                small_fan_ci4_sophie_metal2_ci4
                0x000000000803a170                small_fan_ci4_sophie_metal2_ci4_aligner
                0x000000000803a178                small_fan_collision
                0x000000000803a338                giant_fan_wide_final_revert_mesh_layer_1
                0x000000000803a378                giant_fan_wide_giant_fan_wide_mesh_layer_1
                0x000000000803a3d0                mat_revert_giant_fan_wide_metal2
                0x000000000803a3f0                mat_giant_fan_wide_metal2
                0x000000000803a480                mat_revert_giant_fan_wide_metal
                0x000000000803a4a0                mat_giant_fan_wide_metal
                0x000000000803a530                giant_fan_wide_giant_fan_wide_mesh_layer_1_tri_1
                0x000000000803a570                giant_fan_wide_giant_fan_wide_mesh_layer_1_vtx_1
                0x000000000803a6f0                giant_fan_wide_giant_fan_wide_mesh_layer_1_tri_0
                0x000000000803a768                giant_fan_wide_giant_fan_wide_mesh_layer_1_vtx_0
                0x000000000803aa68                giant_fan_wide_giant_fan_wide_mesh_layer_1_vtx_cull
                0x000000000803aae8                giant_fan_wide_rgba16_anonmoose_GreenishSquare_pal_rgba16
                0x000000000803ab10                giant_fan_wide_rgba16_anonmoose_GreenishSquare_pal_rgba16_aligner
                0x000000000803ab18                giant_fan_wide_rgba16_anonmoose_GreenishSquare_ci8
                0x000000000803af18                giant_fan_wide_rgba16_anonmoose_GreenishSquare_ci8_aligner
                0x000000000803af20                giant_fan_wide_ci4_sophie_metal2_pal_rgba16
                0x000000000803af40                giant_fan_wide_ci4_sophie_metal2_pal_rgba16_aligner
                0x000000000803af48                giant_fan_wide_ci4_sophie_metal2_ci4
                0x000000000803b748                giant_fan_wide_ci4_sophie_metal2_ci4_aligner
                0x000000000803b750                giant_fan_wide_collision
                0x000000000803b910                giant_fan_final_revert_mesh_layer_1
                0x000000000803b950                giant_fan_giant_fan_mesh_layer_1
                0x000000000803b9a8                mat_revert_giant_fan_metal2
                0x000000000803b9c8                mat_giant_fan_metal2
                0x000000000803ba58                mat_revert_giant_fan_metal
                0x000000000803ba78                mat_giant_fan_metal
                0x000000000803bb08                giant_fan_giant_fan_mesh_layer_1_tri_1
                0x000000000803bb48                giant_fan_giant_fan_mesh_layer_1_vtx_1
                0x000000000803bcc8                giant_fan_giant_fan_mesh_layer_1_tri_0
                0x000000000803bd40                giant_fan_giant_fan_mesh_layer_1_vtx_0
                0x000000000803c040                giant_fan_giant_fan_mesh_layer_1_vtx_cull
                0x000000000803c0c0                giant_fan_rgba16_anonmoose_GreenishSquare_pal_rgba16
                0x000000000803c0e8                giant_fan_rgba16_anonmoose_GreenishSquare_pal_rgba16_aligner
                0x000000000803c0f0                giant_fan_rgba16_anonmoose_GreenishSquare_ci8
                0x000000000803c4f0                giant_fan_rgba16_anonmoose_GreenishSquare_ci8_aligner
                0x000000000803c4f8                giant_fan_ci4_sophie_metal2_pal_rgba16
                0x000000000803c518                giant_fan_ci4_sophie_metal2_pal_rgba16_aligner
                0x000000000803c520                giant_fan_ci4_sophie_metal2_ci4
                0x000000000803cd20                giant_fan_ci4_sophie_metal2_ci4_aligner
                0x000000000803cd28                giant_fan_collision
                0x000000000803cee8                koopa_shell_seg8_dl_08028B78
                0x000000000803cf60                koopa_shell_seg8_dl_08028A20
                0x000000000803d058                koopa_shell_seg8_dl_08028978
                0x000000000803d0c0                koopa_shell_seg8_dl_080288E0
                0x000000000803e578                koopa_shell_seg8_dl_08027420
                0x000000000803e5f8                koopa_shell_seg8_dl_080273C8
                0x000000000803e680                koopa_shell_seg8_dl_08027258
                0x000000000803e778                koopa_shell_seg8_dl_08027170
                0x000000000803e818                koopa_shell_seg8_dl_08027108
                0x000000000803f580                unknown_seg8_collision_080262F8
                0x000000000803f620                unknown_seg8_dl_08026260
                0x000000000803f8d8                exclamation_box_outline_seg8_collision_08025F78
                0x000000000803f978                exclamation_box_outline_seg8_dl_exclamation_point
                0x000000000803f9e8                exclamation_box_outline_seg8_dl_08025EC0
                0x000000000803fe78                exclamation_box_outline_seg8_dl_080259F8
                0x000000000803fee8                exclamation_box_outline_seg8_dl_08025968
                0x00000000080408a8                exclamation_box_outline_seg8_dl_08024FE8
                0x00000000080408d8                exclamation_box_outline_seg8_dl_08024FC8
                0x0000000008040908                exclamation_box_outline_seg8_dl_08024FA8
                0x0000000008040938                exclamation_box_outline_seg8_dl_08024F88
                0x0000000008040968                exclamation_box_outline_seg8_dl_08024F58
                0x0000000008040998                exclamation_box_outline_seg8_dl_08024F30
                0x00000000080409c0                exclamation_box_outline_seg8_dl_08024EB8
                0x0000000008040bb0                metal_box_seg8_collision_08024C28
                0x0000000008040c50                metal_box_dl
                0x0000000008040cc0                metal_box_seg8_dl_08024B18
                0x0000000008041ec0                bobomb_seg8_anims_0802396C
                0x0000000008042310                bobomb_seg8_dl_08023480
                0x0000000008042388                bobomb_seg8_dl_08023378
                0x0000000008042430                bobomb_seg8_dl_08023270
                0x0000000008042918                bobomb_seg8_dl_08022D78
                0x0000000008042988                bobomb_seg8_dl_08022D08
                0x00000000080429f8                bobomb_seg8_dl_08022CA0
                0x0000000008042a50                bobomb_seg8_dl_08022C38
                0x0000000008042b28                bobomb_seg8_dl_08022B88
                0x0000000008042b58                bobomb_seg8_dl_08022B58
                0x0000000008042b88                bobomb_seg8_dl_08022B08
                0x0000000008042bc8                bobomb_seg8_dl_08022AC0
                0x0000000008047c70                goomba_seg8_anims_0801DA4C
                0x0000000008047f58                goomba_seg8_dl_0801D760
                0x0000000008047f68                goomba_seg8_dl_0801D360
                0x00000000080481b0                goomba_seg8_dl_0801D0D0
                0x0000000008048340                goomba_seg8_dl_0801CF78
                0x0000000008048418                goomba_seg8_dl_0801CE20
                0x0000000008049c10                goomba_seg8_dl_0801B690
                0x0000000008049c80                goomba_seg8_dl_0801B658
                0x0000000008049cf0                floomba_seg8_dl_blink
                0x0000000008049d18                floomba_seg8_dl_face
                0x0000000008049d40                goomba_seg8_dl_0801B5F0
                0x0000000008049d68                goomba_seg8_dl_0801B5C8
                0x0000000008049d90                goomba_seg8_dl_0801B5A0
                0x0000000008049db8                goomba_seg8_dl_0801B560
                0x0000000008049df8                goomba_seg8_dl_0801B2E8
                0x000000000804cd18                exclamation_box_seg8_dl_08019438
                0x000000000804cd78                exclamation_box_seg8_dl_080193D8
                0x000000000804cdd8                exclamation_box_seg8_dl_08019378
                0x000000000804ce38                exclamation_box_seg8_dl_08019318
                0x000000000804ce98                exclamation_box_seg8_dl_080192D0
                0x000000000804cee0                exclamation_box_seg8_dl_08019280
                0x000000000804cf20                exclamation_box_seg8_dl_08019220
                0x000000000804d0f0                exclamation_box_seg8_dl_08019058
                0x000000000804d138                exclamation_box_seg8_dl_08019008
                0x000000000804d178                exclamation_box_seg8_dl_08018FA8
                0x0000000008053348                breakable_box_seg8_collision
                0x00000000080533e8                breakable_box_seg8_dl_cork_box
                0x0000000008053410                breakable_box_seg8_dl_crazy_box
                0x0000000008053438                breakable_box_seg8_sub_dl_begin
                0x0000000008053480                breakable_box_seg8_sub_dl_end
                0x00000000080546a0                flyguy_seg8_anims_08011A64
                0x0000000008054978                flyguy_seg8_dl_08011710
                0x0000000008054a00                flyguy_seg8_dl_080116D0
                0x0000000008054a40                flyguy_seg8_dl_08011420
                0x0000000008054c08                flyguy_seg8_dl_080113A8
                0x00000000080553e0                flyguy_seg8_dl_08010B80
                0x0000000008055450                flyguy_seg8_dl_08010B38
                0x00000000080554e0                flyguy_seg8_dl_08010A90
                0x0000000008055528                flyguy_seg8_dl_08010968
                0x00000000080555f0                flyguy_seg8_dl_08010840
                0x0000000008057dc8                heart_seg8_dl_0800DFE0
                0x0000000008058698                checkerboard_platform_seg8_collision_platform
                0x0000000008058738                checkerboard_platform_seg8_dl_0800D680
                0x00000000080587c8                checkerboard_platform_seg8_dl_0800D618
                0x0000000008058810                checkerboard_platform_seg8_dl_0800D5C0
                0x00000000080595e8                purple_switch_seg8_collision_0800C7A8
                0x0000000008059678                purple_switch_seg8_dl_0800C718
                0x0000000008059708                purple_switch_seg8_dl_0800C6E0
                0x0000000008059738                purple_switch_seg8_dl_0800C668
                0x0000000008059d60                chuckya_seg8_anims_0800C070
                0x000000000805b1d0                chuckya_seg8_dl_0800ABE8
                0x000000000805b200                chuckya_seg8_dl_0800AB70
                0x000000000805b408                chuckya_seg8_dl_0800A998
                0x000000000805b428                chuckya_seg8_dl_0800A958
                0x000000000805b4b8                chuckya_seg8_dl_0800A8D0
                0x000000000805b4d8                chuckya_seg8_dl_0800A870
                0x000000000805b5b8                chuckya_seg8_dl_0800A758
                0x000000000805b628                chuckya_seg8_dl_0800A700
                0x000000000805b700                chuckya_seg8_dl_0800A5F8
                0x000000000805b770                chuckya_seg8_dl_0800A5C0
                0x000000000805b7e0                chuckya_seg8_dl_0800A510
                0x000000000805b850                chuckya_seg8_dl_0800A4D8
                0x000000000805b8c0                chuckya_seg8_dl_0800A428
                0x000000000805b930                chuckya_seg8_dl_0800A3F0
                0x000000000805b9a0                chuckya_seg8_dl_0800A338
                0x000000000805ba18                chuckya_seg8_dl_0800A300
                0x000000000805ba48                chuckya_seg8_dl_0800A2C8
                0x000000000805baf8                chuckya_seg8_dl_0800A1D0
                0x000000000805bb70                chuckya_seg8_dl_0800A198
                0x000000000805bba0                chuckya_seg8_dl_0800A160
                0x000000000805bc50                chuckya_seg8_dl_0800A068
                0x000000000805bcc8                chuckya_seg8_dl_0800A030
                0x000000000805bcf8                chuckya_seg8_dl_08009FF8
                0x000000000805f5a8                cannon_barrel_seg8_dl_08006660
                0x000000000805f610                cannon_barrel_seg8_dl_080064C0
                0x000000000805f710                cannon_barrel_seg8_dl_08006408
                0x00000000080602f8                cannon_base_seg8_dl_080057F8
                0x0000000008060370                cannon_base_seg8_dl_080056D0
                0x0000000008060438                cannon_base_seg8_dl_08005658
                0x0000000008061140                cannon_lid_seg8_collision_08004950
                0x0000000008061178                cannon_lid_seg8_dl_080048E0
                0x00000000080611e8                cannon_lid_seg8_dl_08004898
                0x0000000008061a78                dAmpAnimsList
                0x0000000008061c80                dAmpBodyDl
                0x0000000008061cf0                dAmpBodySubDl
                0x0000000008061d60                dAmpMouthDl
                0x0000000008061dd0                dAmpMouthSubDl
                0x0000000008061e40                dAmpEyeDl
                0x0000000008061eb0                dAmpEyeSubDl
                0x0000000008061f20                dAmpElectricityDl
                0x0000000008061f90                dAmpElectricitySubDl
                0x0000000008063c10                blue_coin_switch_seg8_collision_08000E98
                0x0000000008063ca0                blue_coin_switch_seg8_dl_08000E08
                0x0000000008063d30                blue_coin_switch_seg8_dl_08000DD0
                0x0000000008063d60                blue_coin_switch_seg8_dl_08000D58

.data1
 *(.data1)

.got.plt
 *(.got.plt)
                0x0000000008064b08                . = .
                0x0000000008064b08                . = .
                0x000000000806cb00                _gp = (ALIGN (0x10) + 0x7ff0)

.got
 *(.got)

.sdata
 *(.sdata .sdata.* .gnu.linkonce.s.*)

.lit8
 *(.lit8)

.lit4
 *(.lit4)
                0x0000000008064b08                _edata = .
                [!provide]                        PROVIDE (edata = .)
                0x0000000008064b08                . = .
                0x0000000008064b08                __bss_start = .
                0x0000000008064b08                _fbss = .

.sbss
 *(.dynsbss)
 *(.sbss .sbss.* .gnu.linkonce.sb.*)
 *(.scommon)

.bss            0x0000000008064b08        0x0 load address 0x0000000008064b20
 *(.dynbss)
 *(.bss .bss.* .gnu.linkonce.b.*)
 .bss           0x0000000008064b08        0x0 build/us_n64/actors/common0.o
 *(COMMON)
                0x0000000008064b08                . = ALIGN ((. != 0x0)?0x4:0x1)
                0x0000000008064b08                . = ALIGN (0x4)
                0x0000000008064b08                . = SEGMENT_START ("ldata-segment", .)
                0x0000000008064b08                . = ALIGN (0x4)
                0x0000000008064b08                _end = .
                [!provide]                        PROVIDE (end = .)
                0x0000000008064b08                . = DATA_SEGMENT_END (.)

.stab
 *(.stab)

.stabstr
 *(.stabstr)

.stab.excl
 *(.stab.excl)

.stab.exclstr
 *(.stab.exclstr)

.stab.index
 *(.stab.index)

.stab.indexstr
 *(.stab.indexstr)

.comment        0x0000000000000000       0x12
 *(.comment)
 .comment       0x0000000000000000       0x12 build/us_n64/actors/common0.o
                                         0x13 (size before relaxing)

.pdr            0x0000000000000000        0x0
 .pdr           0x0000000000000000        0x0 build/us_n64/actors/common0.o

.debug
 *(.debug)

.line
 *(.line)

.debug_srcinfo
 *(.debug_srcinfo)

.debug_sfnames
 *(.debug_sfnames)

.debug_aranges
 *(.debug_aranges)

.debug_pubnames
 *(.debug_pubnames)

.debug_info
 *(.debug_info .gnu.linkonce.wi.*)

.debug_abbrev
 *(.debug_abbrev)

.debug_line
 *(.debug_line .debug_line.* .debug_line_end)

.debug_frame
 *(.debug_frame)

.debug_str
 *(.debug_str)

.debug_loc
 *(.debug_loc)

.debug_macinfo
 *(.debug_macinfo)

.debug_weaknames
 *(.debug_weaknames)

.debug_funcnames
 *(.debug_funcnames)

.debug_typenames
 *(.debug_typenames)

.debug_varnames
 *(.debug_varnames)

.debug_pubtypes
 *(.debug_pubtypes)

.debug_ranges
 *(.debug_ranges)

.debug_macro
 *(.debug_macro)

.debug_addr
 *(.debug_addr)

.gnu.attributes
                0x0000000000000000       0x10
 *(.gnu.attributes)
 .gnu.attributes
                0x0000000000000000       0x10 build/us_n64/actors/common0.o

.gptab.sdata
 *(.gptab.data)
 *(.gptab.sdata)

.gptab.sbss
 *(.gptab.bss)
 *(.gptab.sbss)

.mdebug.abi32   0x0000000000000000        0x0
 *(.mdebug.abi32)
 .mdebug.abi32  0x0000000000000000        0x0 build/us_n64/actors/common0.o

.mdebug.abiN32
 *(.mdebug.abiN32)

.mdebug.abi64
 *(.mdebug.abi64)

.mdebug.abiO64
 *(.mdebug.abiO64)

.mdebug.eabi32
 *(.mdebug.eabi32)

.mdebug.eabi64
 *(.mdebug.eabi64)

.gcc_compiled_long32
 *(.gcc_compiled_long32)

.gcc_compiled_long64
 *(.gcc_compiled_long64)

/DISCARD/
 *(.note.GNU-stack)
 *(.gnu_debuglink)
 *(.gnu.lto_*)
OUTPUT(build/us_n64/actors/common0.elf elf32-bigmips)
