
Memory Configuration

Name             Origin             Length             Attributes
*default*        0x0000000000000000 0xffffffffffffffff

Linker script and memory map

Address of section .text set to 0x8000000
LOAD build/us_n64/actors/common0.o
                [!provide]                        PROVIDE (__executable_start = SEGMENT_START ("text-segment", 0x400000))
                0x0000000000400000                . = SEGMENT_START ("text-segment", 0x400000)

.interp
 *(.interp)

.MIPS.abiflags  0x0000000000400000       0x18
 *(.MIPS.abiflags)
 .MIPS.abiflags
                0x0000000000400000       0x18 build/us_n64/actors/common0.o

.reginfo        0x0000000000400018       0x18
 *(.reginfo)
 .reginfo       0x0000000000400018       0x18 build/us_n64/actors/common0.o

.note.gnu.build-id
 *(.note.gnu.build-id)

.dynamic
 *(.dynamic)

.hash
 *(.hash)

.gnu.hash
 *(.gnu.hash)

.dynsym
 *(.dynsym)

.dynstr
 *(.dynstr)

.gnu.version
 *(.gnu.version)

.gnu.version_d
 *(.gnu.version_d)

.gnu.version_r
 *(.gnu.version_r)

.rel.dyn        0x0000000000400018        0x0 load address 0x0000000000400030
 *(.rel.init)
 *(.rel.text .rel.text.* .rel.gnu.linkonce.t.*)
 *(.rel.fini)
 *(.rel.rodata .rel.rodata.* .rel.gnu.linkonce.r.*)
 *(.rel.data.rel.ro .rel.data.rel.ro.* .rel.gnu.linkonce.d.rel.ro.*)
 *(.rel.data .rel.data.* .rel.gnu.linkonce.d.*)
 *(.rel.tdata .rel.tdata.* .rel.gnu.linkonce.td.*)
 *(.rel.tbss .rel.tbss.* .rel.gnu.linkonce.tb.*)
 *(.rel.ctors)
 *(.rel.dtors)
 *(.rel.got)
 *(.rel.dyn)
 .rel.dyn       0x0000000000400018        0x0 build/us_n64/actors/common0.o
 *(.rel.sdata .rel.sdata.* .rel.gnu.linkonce.s.*)
 *(.rel.sbss .rel.sbss.* .rel.gnu.linkonce.sb.*)
 *(.rel.sdata2 .rel.sdata2.* .rel.gnu.linkonce.s2.*)
 *(.rel.sbss2 .rel.sbss2.* .rel.gnu.linkonce.sb2.*)
 *(.rel.bss .rel.bss.* .rel.gnu.linkonce.b.*)
                [!provide]                        PROVIDE (__rel_iplt_start = .)
 *(.rel.iplt)
                [!provide]                        PROVIDE (__rel_iplt_end = .)

.rela.dyn       0x0000000000400018        0x0
 *(.rela.init)
 *(.rela.text .rela.text.* .rela.gnu.linkonce.t.*)
 *(.rela.fini)
 *(.rela.rodata .rela.rodata.* .rela.gnu.linkonce.r.*)
 *(.rela.data .rela.data.* .rela.gnu.linkonce.d.*)
 *(.rela.tdata .rela.tdata.* .rela.gnu.linkonce.td.*)
 *(.rela.tbss .rela.tbss.* .rela.gnu.linkonce.tb.*)
 *(.rela.ctors)
 *(.rela.dtors)
 *(.rela.got)
 *(.rela.sdata .rela.sdata.* .rela.gnu.linkonce.s.*)
 *(.rela.sbss .rela.sbss.* .rela.gnu.linkonce.sb.*)
 *(.rela.sdata2 .rela.sdata2.* .rela.gnu.linkonce.s2.*)
 *(.rela.sbss2 .rela.sbss2.* .rela.gnu.linkonce.sb2.*)
 *(.rela.bss .rela.bss.* .rela.gnu.linkonce.b.*)
                [!provide]                        PROVIDE (__rela_iplt_start = .)
 *(.rela.iplt)
                [!provide]                        PROVIDE (__rela_iplt_end = .)

.rel.plt
 *(.rel.plt)

.rela.plt
 *(.rela.plt)

.init
 *(SORT_NONE(.init))

.plt
 *(.plt)

.iplt
 *(.iplt)

.text           0x0000000008000000        0x0 load address 0x0000000008000018
                0x0000000008000000                _ftext = .
 *(.text.unlikely .text.*_unlikely .text.unlikely.*)
 *(.text.exit .text.exit.*)
 *(.text.startup .text.startup.*)
 *(.text.hot .text.hot.*)
 *(.text .stub .text.* .gnu.linkonce.t.*)
 .text          0x0000000008000000        0x0 build/us_n64/actors/common0.o
 *(.gnu.warning)
 *(.mips16.fn.*)
 *(.mips16.call.*)

.fini
 *(SORT_NONE(.fini))
                [!provide]                        PROVIDE (__etext = .)
                [!provide]                        PROVIDE (_etext = .)
                [!provide]                        PROVIDE (etext = .)

.rodata
 *(.rodata .rodata.* .gnu.linkonce.r.*)

.rodata1
 *(.rodata1)

.sdata2
 *(.sdata2 .sdata2.* .gnu.linkonce.s2.*)

.sbss2
 *(.sbss2 .sbss2.* .gnu.linkonce.sb2.*)

.eh_frame_hdr
 *(.eh_frame_hdr)
 *(.eh_frame_entry .eh_frame_entry.*)

.eh_frame
 *(.eh_frame)
 *(.eh_frame.*)

.gcc_except_table
 *(.gcc_except_table .gcc_except_table.*)

.gnu_extab
 *(.gnu_extab*)

.exception_ranges
 *(.exception_ranges .exception_ranges*)
                0x0000000008000000                . = DATA_SEGMENT_ALIGN (CONSTANT (MAXPAGESIZE), CONSTANT (COMMONPAGESIZE))

.eh_frame
 *(.eh_frame)
 *(.eh_frame.*)

.gnu_extab
 *(.gnu_extab)

.gcc_except_table
 *(.gcc_except_table .gcc_except_table.*)

.exception_ranges
 *(.exception_ranges .exception_ranges*)

.tdata
 *(.tdata .tdata.* .gnu.linkonce.td.*)

.tbss
 *(.tbss .tbss.* .gnu.linkonce.tb.*)
 *(.tcommon)

.preinit_array  0x0000000008000000        0x0
                [!provide]                        PROVIDE (__preinit_array_start = .)
 *(.preinit_array)
                [!provide]                        PROVIDE (__preinit_array_end = .)

.init_array     0x0000000008000000        0x0
                [!provide]                        PROVIDE (__init_array_start = .)
 *(SORT_BY_INIT_PRIORITY(.init_array.*) SORT_BY_INIT_PRIORITY(.ctors.*))
 *(.init_array EXCLUDE_FILE(*crtend?.o *crtend.o *crtbegin?.o *crtbegin.o) .ctors)
                [!provide]                        PROVIDE (__init_array_end = .)

.fini_array     0x0000000008000000        0x0
                [!provide]                        PROVIDE (__fini_array_start = .)
 *(SORT_BY_INIT_PRIORITY(.fini_array.*) SORT_BY_INIT_PRIORITY(.dtors.*))
 *(.fini_array EXCLUDE_FILE(*crtend?.o *crtend.o *crtbegin?.o *crtbegin.o) .dtors)
                [!provide]                        PROVIDE (__fini_array_end = .)

.ctors
 *crtbegin.o(.ctors)
 *crtbegin?.o(.ctors)
 *(EXCLUDE_FILE(*crtend?.o *crtend.o) .ctors)
 *(SORT_BY_NAME(.ctors.*))
 *(.ctors)

.dtors
 *crtbegin.o(.dtors)
 *crtbegin?.o(.dtors)
 *(EXCLUDE_FILE(*crtend?.o *crtend.o) .dtors)
 *(SORT_BY_NAME(.dtors.*))
 *(.dtors)

.jcr
 *(.jcr)

.data.rel.ro
 *(.data.rel.ro.local* .gnu.linkonce.d.rel.ro.local.*)
 *(.data.rel.ro .data.rel.ro.* .gnu.linkonce.d.rel.ro.*)
                0x0000000008000000                . = DATA_SEGMENT_RELRO_END (., 0x0)

.data           0x0000000008000000    0x5c950 load address 0x0000000008000018
                0x0000000008000000                _fdata = .
 *(.data .data.* .gnu.linkonce.d.*)
 .data          0x0000000008000000    0x5c950 build/us_n64/actors/common0.o
                0x0000000008000000                custom_peach_head_mesh_layer_1_with_revert
                0x00000000080000b8                custom_peach_dress_mesh_layer_1
                0x00000000080000d8                custom_peach_arm_r_3_mesh_layer_1
                0x00000000080000f8                custom_peach_arm_r_2_mesh_layer_1
                0x0000000008000118                custom_peach_arm_r_1_mesh_layer_1
                0x0000000008000168                custom_peach_arm_l_3_mesh_layer_1
                0x0000000008000188                custom_peach_arm_l_2_mesh_layer_1
                0x00000000080001a8                custom_peach_arm_l_1_mesh_layer_1
                0x00000000080001f8                custom_peach_body_mesh_layer_1
                0x0000000008000248                mat_revert_custom_peach_tex_5003E28_fix_f3d
                0x0000000008000268                mat_custom_peach_tex_5003E28_fix_f3d
                0x00000000080002f8                mat_revert_custom_peach_tex_5002E28_fix_f3d
                0x0000000008000318                mat_custom_peach_tex_5002E28_fix_f3d
                0x00000000080003a8                mat_revert_custom_peach_tex_5002A28_fix_f3d
                0x00000000080003c8                mat_custom_peach_tex_5002A28_fix_f3d
                0x0000000008000458                mat_revert_custom_peach_tex_5001228_fix_f3d
                0x0000000008000478                mat_custom_peach_tex_5001228_fix_f3d
                0x0000000008000508                mat_revert_custom_peach_vertexColors_peach_f3d
                0x0000000008000528                mat_custom_peach_vertexColors_peach_f3d
                0x00000000080005b8                mat_revert_custom_peach_tex_5002C28_fix_f3d
                0x00000000080005d8                mat_custom_peach_tex_5002C28_fix_f3d
                0x0000000008000668                mat_revert_custom_peach_tex_5004028_fix_f3d
                0x0000000008000688                mat_custom_peach_tex_5004028_fix_f3d
                0x0000000008000718                mat_revert_custom_peach_tex_5004028_color_f3d
                0x0000000008000738                mat_custom_peach_tex_5004028_color_f3d
                0x00000000080007c8                custom_peach_head_mesh_layer_1_tri_4
                0x00000000080008b0                custom_peach_head_mesh_layer_1_vtx_4
                0x00000000080010d0                custom_peach_head_mesh_layer_1_tri_3
                0x00000000080010e8                custom_peach_head_mesh_layer_1_vtx_3
                0x0000000008001118                custom_peach_head_mesh_layer_1_tri_2
                0x0000000008001138                custom_peach_head_mesh_layer_1_vtx_2
                0x00000000080011c8                custom_peach_head_mesh_layer_1_tri_1
                0x0000000008001638                custom_peach_head_mesh_layer_1_vtx_1
                0x0000000008003f28                custom_peach_head_mesh_layer_1_tri_0
                0x0000000008003fa8                custom_peach_head_mesh_layer_1_vtx_0
                0x0000000008004428                custom_peach_dress_mesh_layer_1_tri_0
                0x00000000080046f0                custom_peach_dress_mesh_layer_1_vtx_0
                0x0000000008006080                custom_peach_arm_r_3_mesh_layer_1_tri_0
                0x0000000008006160                custom_peach_arm_r_3_mesh_layer_1_vtx_0
                0x00000000080068e0                custom_peach_arm_r_2_mesh_layer_1_tri_0
                0x0000000008006968                custom_peach_arm_r_2_mesh_layer_1_vtx_0
                0x0000000008006dd8                custom_peach_arm_r_1_mesh_layer_1_tri_2
                0x0000000008006e98                custom_peach_arm_r_1_mesh_layer_1_vtx_2
                0x00000000080075b8                custom_peach_arm_r_1_mesh_layer_1_tri_1
                0x00000000080075f8                custom_peach_arm_r_1_mesh_layer_1_vtx_1
                0x00000000080077e8                custom_peach_arm_r_1_mesh_layer_1_tri_0
                0x0000000008007850                custom_peach_arm_r_1_mesh_layer_1_vtx_0
                0x0000000008007b80                custom_peach_arm_l_3_mesh_layer_1_tri_0
                0x0000000008007c60                custom_peach_arm_l_3_mesh_layer_1_vtx_0
                0x00000000080083f0                custom_peach_arm_l_2_mesh_layer_1_tri_0
                0x0000000008008478                custom_peach_arm_l_2_mesh_layer_1_vtx_0
                0x00000000080088e8                custom_peach_arm_l_1_mesh_layer_1_tri_2
                0x00000000080089b0                custom_peach_arm_l_1_mesh_layer_1_vtx_2
                0x00000000080090b0                custom_peach_arm_l_1_mesh_layer_1_tri_1
                0x00000000080090f8                custom_peach_arm_l_1_mesh_layer_1_vtx_1
                0x0000000008009338                custom_peach_arm_l_1_mesh_layer_1_tri_0
                0x0000000008009398                custom_peach_arm_l_1_mesh_layer_1_vtx_0
                0x00000000080096f8                custom_peach_body_mesh_layer_1_tri_2
                0x0000000008009728                custom_peach_body_mesh_layer_1_vtx_2
                0x0000000008009878                custom_peach_body_mesh_layer_1_tri_1
                0x00000000080099b8                custom_peach_body_mesh_layer_1_vtx_1
                0x000000000800a508                custom_peach_body_mesh_layer_1_tri_0
                0x000000000800a528                custom_peach_body_mesh_layer_1_vtx_0
                0x000000000800a598                custom_peach_tex_5003E28_fix_pal_rgba16
                0x000000000800a5c8                custom_peach_tex_5003E28_fix_pal_rgba16_aligner
                0x000000000800a5d0                custom_peach_tex_5003E28_fix_ci8
                0x000000000800a9d0                custom_peach_tex_5003E28_fix_ci8_aligner
                0x000000000800a9d8                custom_peach_tex_5002E28_fix_pal_rgba16
                0x000000000800aa68                custom_peach_tex_5002E28_fix_pal_rgba16_aligner
                0x000000000800aa70                custom_peach_tex_5002E28_fix_ci8
                0x000000000800ae70                custom_peach_tex_5002E28_fix_ci8_aligner
                0x000000000800ae78                custom_peach_tex_5002A28_fix_pal_rgba16
                0x000000000800aeb0                custom_peach_tex_5002A28_fix_pal_rgba16_aligner
                0x000000000800aeb8                custom_peach_tex_5002A28_fix_ci8
                0x000000000800b2b8                custom_peach_tex_5002A28_fix_ci8_aligner
                0x000000000800b2c0                custom_peach_tex_5001228_pal_rgba16
                0x000000000800b450                custom_peach_tex_5001228_pal_rgba16_aligner
                0x000000000800b458                custom_peach_tex_5001228_ci8
                0x000000000800b858                custom_peach_tex_5001228_ci8_aligner
                0x000000000800b860                custom_peach_vertexColors_peach_pal_rgba16
                0x000000000800b870                custom_peach_vertexColors_peach_pal_rgba16_aligner
                0x000000000800b878                custom_peach_vertexColors_peach_ci4
                0x000000000800b8b8                custom_peach_vertexColors_peach_ci4_aligner
                0x000000000800b8c0                custom_peach_tex_5002C28_fix_pal_rgba16
                0x000000000800b9b0                custom_peach_tex_5002C28_fix_pal_rgba16_aligner
                0x000000000800b9b8                custom_peach_tex_5002C28_fix_ci8
                0x000000000800bdb8                custom_peach_tex_5002C28_fix_ci8_aligner
                0x000000000800bdc0                custom_peach_tex_5004028_pal_rgba16
                0x000000000800bdf8                custom_peach_tex_5004028_pal_rgba16_aligner
                0x000000000800be00                custom_peach_tex_5004028_ci8
                0x000000000800c200                custom_peach_tex_5004028_ci8_aligner
                0x000000000800c208                custom_peach_tex_5004028_color_pal_rgba16
                0x000000000800c210                custom_peach_tex_5004028_color_pal_rgba16_aligner
                0x000000000800c218                custom_peach_tex_5004028_color_ci4
                0x000000000800c238                custom_peach_tex_5004028_color_ci4_aligner
                0x000000000800c240                custom_peach_collision
                0x000000000800e4b8                star_gate_final_revert_mesh_layer_1
                0x000000000800e4f8                star_gate_star_gate_mesh_layer_1
                0x000000000800e538                mat_revert_star_gate_force_field
                0x000000000800e558                mat_star_gate_force_field
                0x000000000800e5e8                star_gate_star_gate_mesh_layer_1_tri_0
                0x000000000800e600                star_gate_star_gate_mesh_layer_1_vtx_0
                0x000000000800e640                star_gate_star_gate_mesh_layer_1_vtx_cull
                0x000000000800e6c0                star_gate_Seal_pal_rgba16
                0x000000000800e700                star_gate_Seal_pal_rgba16_aligner
                0x000000000800e708                star_gate_Seal_ci8
                0x000000000800eb08                star_gate_Seal_ci8_aligner
                0x000000000800eb10                star_gate_collision
                0x000000000800eb48                MODEL_STAR_DOOR_final_revert_mesh_layer_1
                0x000000000800eb88                MODEL_STAR_DOOR_star_door_mesh_layer_1
                0x000000000800ebc8                mat_revert_MODEL_STAR_DOOR_door_left
                0x000000000800ebe0                mat_MODEL_STAR_DOOR_door_left
                0x000000000800ec50                MODEL_STAR_DOOR_star_door_mesh_layer_1_tri_0
                0x000000000800ec68                MODEL_STAR_DOOR_star_door_mesh_layer_1_vtx_0
                0x000000000800eca8                MODEL_STAR_DOOR_star_door_mesh_layer_1_vtx_cull
                0x000000000800ed28                MODEL_STAR_DOOR__07003800_rgba16
                0x000000000800fd28                MODEL_STAR_DOOR__07003800_rgba16_aligner
                0x000000000800fd30                MODEL_STAR_DOOR_collision
                0x000000000800fd64                bomboom_collision
                0x000000000801019c                bomboom_anims
                0x0000000008010208                bomboom_body_mesh_layer_1_with_revert
                0x00000000080102a8                bomboom_root_mesh_layer_1
                0x00000000080102e0                mat_revert_bomboom_Bomboom_bomb_fuze
                0x00000000080102f8                mat_bomboom_Bomboom_bomb_fuze
                0x0000000008010340                mat_revert_bomboom_Bomboom_bomb_metal
                0x0000000008010358                mat_bomboom_Bomboom_bomb_metal
                0x00000000080103a0                mat_revert_bomboom_Bomboom_bomb_shell_stable
                0x00000000080103b8                mat_bomboom_Bomboom_bomb_shell_stable
                0x0000000008010400                mat_revert_bomboom_bomboom_tracks
                0x0000000008010420                mat_bomboom_bomboom_tracks
                0x0000000008010478                mat_revert_bomboom_bomboom_main
                0x0000000008010498                mat_bomboom_bomboom_main
                0x00000000080104f0                bomboom_body_mesh_layer_1_tri_3
                0x00000000080105e0                bomboom_body_mesh_layer_1_vtx_3
                0x00000000080108b0                bomboom_body_mesh_layer_1_tri_2
                0x0000000008010958                bomboom_body_mesh_layer_1_vtx_2
                0x0000000008010cb8                bomboom_body_mesh_layer_1_tri_1
                0x0000000008010ff0                bomboom_body_mesh_layer_1_vtx_1
                0x0000000008011b30                bomboom_body_mesh_layer_1_tri_0
                0x00000000080123a8                bomboom_body_mesh_layer_1_vtx_0
                0x00000000080144f8                bomboom_root_mesh_layer_1_tri_1
                0x0000000008014808                bomboom_root_mesh_layer_1_vtx_1
                0x00000000080153e8                bomboom_root_mesh_layer_1_tri_0
                0x0000000008015b88                bomboom_root_mesh_layer_1_vtx_0
                0x0000000008017668                bomboom_bomboom_track_i8
                0x0000000008017a68                bomboom_bomboom_track_i8_aligner
                0x0000000008017a70                bomboom_Sail_i8
                0x0000000008017e70                bomboom_Sail_i8_aligner
                0x0000000008017e78                bomboom_bomb_anims
                0x0000000008017fb0                bomboom_bomb_body_mesh_layer_1_with_revert
                0x0000000008018038                mat_revert_bomboom_bomb_Bomboom_bomb_fuze
                0x0000000008018050                mat_bomboom_bomb_Bomboom_bomb_fuze
                0x0000000008018098                mat_revert_bomboom_bomb_Bomboom_bomb_metal
                0x00000000080180b0                mat_bomboom_bomb_Bomboom_bomb_metal
                0x00000000080180f8                mat_revert_bomboom_bomb_Bomboom_bomb_shell
                0x0000000008018110                mat_bomboom_bomb_Bomboom_bomb_shell
                0x0000000008018158                bomboom_bomb_body_mesh_layer_1_tri_2
                0x00000000080182a8                bomboom_bomb_body_mesh_layer_1_vtx_2
                0x00000000080187a8                bomboom_bomb_body_mesh_layer_1_tri_1
                0x0000000008018870                bomboom_bomb_body_mesh_layer_1_vtx_1
                0x0000000008018bc0                bomboom_bomb_body_mesh_layer_1_tri_0
                0x0000000008018d20                bomboom_bomb_body_mesh_layer_1_vtx_0
                0x00000000080192c0                sync_block_collision
                0x0000000008019360                sync_block_000_body_mesh_layer_5_with_revert
                0x00000000080193b8                sync_block_000_body_mesh_layer_1_with_revert
                0x0000000008019410                mat_revert_sync_block_sync_block_block_layer5
                0x0000000008019438                mat_sync_block_sync_block_block_layer5
                0x00000000080194b8                mat_revert_sync_block_sync_block_frame
                0x00000000080194d8                mat_sync_block_sync_block_frame
                0x0000000008019528                sync_block_000_body_mesh_layer_5_tri_0
                0x0000000008019568                sync_block_000_body_mesh_layer_5_vtx_0
                0x00000000080196e8                sync_block_000_body_mesh_layer_1_tri_0
                0x00000000080197c8                sync_block_000_body_mesh_layer_1_vtx_0
                0x0000000008019dc8                sync_block_SyncBlock_i8
                0x000000000801a1c8                sync_block_SyncBlock_i8_aligner
                0x000000000801a1d0                silver_star_anims
                0x000000000801a280                silver_star_billboard_mesh_layer_5_with_revert
                0x000000000801a2d8                silver_star_000_body_mesh_layer_1_with_revert
                0x000000000801a330                mat_revert_silver_star_silver_star_beams
                0x000000000801a350                mat_silver_star_silver_star_beams
                0x000000000801a3b0                mat_revert_silver_star_silver_star
                0x000000000801a3d0                mat_silver_star_silver_star
                0x000000000801a428                silver_star_billboard_mesh_layer_5_tri_0
                0x000000000801a468                silver_star_billboard_mesh_layer_5_vtx_0
                0x000000000801a5f8                silver_star_000_body_mesh_layer_1_tri_0
                0x000000000801a710                silver_star_000_body_mesh_layer_1_vtx_0
                0x000000000801aeb0                silver_star_LightBeamSmall_ia8
                0x000000000801b2b0                silver_star_LightBeamSmall_ia8_aligner
                0x000000000801b2b8                silver_star_CamStand_i8
                0x000000000801b6b8                silver_star_CamStand_i8_aligner
                0x000000000801b6c0                silver_star_podium_body_mesh_layer_5_with_revert
                0x000000000801b718                mat_revert_silver_star_podium_silver_star_podium
                0x000000000801b740                mat_silver_star_podium_silver_star_podium
                0x000000000801b7e0                silver_star_podium_body_mesh_layer_5_tri_0
                0x000000000801bae8                silver_star_podium_body_mesh_layer_5_vtx_0
                0x000000000801d168                silver_star_podium_Bone_pal_rgba16
                0x000000000801d190                silver_star_podium_Bone_pal_rgba16_aligner
                0x000000000801d198                silver_star_podium_Bone_ci8
                0x000000000801d598                silver_star_podium_Bone_ci8_aligner
                0x000000000801d5a0                fading_platform_body_mesh_layer_1_with_revert
                0x000000000801d5f8                fading_platform_root_mesh_layer_1
                0x000000000801d618                mat_revert_fading_platform_fading_platform_platform
                0x000000000801d638                mat_fading_platform_fading_platform_platform
                0x000000000801d6c8                mat_revert_fading_platform_fading_platform_frame
                0x000000000801d6e0                mat_fading_platform_fading_platform_frame
                0x000000000801d728                fading_platform_body_mesh_layer_1_tri_0
                0x000000000801d768                fading_platform_body_mesh_layer_1_vtx_0
                0x000000000801d8e8                fading_platform_root_mesh_layer_1_tri_0
                0x000000000801d960                fading_platform_root_mesh_layer_1_vtx_0
                0x000000000801dbe0                fading_platform_FadingPlatform_pal_rgba16
                0x000000000801dbe8                fading_platform_FadingPlatform_pal_rgba16_aligner
                0x000000000801dbf0                fading_platform_FadingPlatform_ci4
                0x000000000801ddf0                fading_platform_FadingPlatform_ci4_aligner
                0x000000000801ddf8                fading_platform_collision
                0x000000000801de94                block_swap_block_collision
                0x000000000801df30                block_swap_block_state_switch_body_mesh_layer_1_opt_1_with_revert
                0x000000000801df88                block_swap_block_state_switch_body_mesh_layer_1
                0x000000000801dfa8                block_swap_block_body_mesh_layer_1_opt_1_with_revert
                0x000000000801e000                block_swap_block_body_mesh_layer_1_with_revert
                0x000000000801e058                mat_revert_block_swap_block_BlockSwapOn
                0x000000000801e078                mat_block_swap_block_BlockSwapOn
                0x000000000801e108                mat_revert_block_swap_block_BlockSwapOff
                0x000000000801e128                mat_block_swap_block_BlockSwapOff
                0x000000000801e1b8                block_swap_block_state_switch_body_mesh_layer_1_tri_0
                0x000000000801e2b8                block_swap_block_state_switch_body_mesh_layer_1_vtx_0
                0x000000000801e648                block_swap_block_body_mesh_layer_1_tri_0
                0x000000000801e828                block_swap_block_body_mesh_layer_1_vtx_0
                0x000000000801ee28                block_swap_block_BlockSwapButtonOn_pal_rgba16
                0x000000000801ee30                block_swap_block_BlockSwapButtonOn_pal_rgba16_aligner
                0x000000000801ee38                block_swap_block_BlockSwapButtonOn_ci4
                0x000000000801f038                block_swap_block_BlockSwapButtonOn_ci4_aligner
                0x000000000801f040                block_swap_block_BlockSwapButtonOff_pal_rgba16
                0x000000000801f048                block_swap_block_BlockSwapButtonOff_pal_rgba16_aligner
                0x000000000801f050                block_swap_block_BlockSwapButtonOff_ci4
                0x000000000801f250                block_swap_block_BlockSwapButtonOff_ci4_aligner
                0x000000000801f258                block_swap_switch_body_mesh_layer_1_opt_1_with_revert
                0x000000000801f2b0                block_swap_switch_body_mesh_layer_1_with_revert
                0x000000000801f308                mat_revert_block_swap_switch_BlockSwapOn
                0x000000000801f328                mat_block_swap_switch_BlockSwapOn
                0x000000000801f3b8                mat_revert_block_swap_switch_BlockSwapOff
                0x000000000801f3d8                mat_block_swap_switch_BlockSwapOff
                0x000000000801f468                block_swap_switch_body_mesh_layer_1_tri_0
                0x000000000801f530                block_swap_switch_body_mesh_layer_1_vtx_0
                0x000000000801f8b0                block_swap_switch_BlockSwapButtonOn_pal_rgba16
                0x000000000801f8b8                block_swap_switch_BlockSwapButtonOn_pal_rgba16_aligner
                0x000000000801f8c0                block_swap_switch_BlockSwapButtonOn_ci4
                0x000000000801fac0                block_swap_switch_BlockSwapButtonOn_ci4_aligner
                0x000000000801fac8                block_swap_switch_BlockSwapButtonOff_pal_rgba16
                0x000000000801fad0                block_swap_switch_BlockSwapButtonOff_pal_rgba16_aligner
                0x000000000801fad8                block_swap_switch_BlockSwapButtonOff_ci4
                0x000000000801fcd8                block_swap_switch_BlockSwapButtonOff_ci4_aligner
                0x000000000801fce0                block_swap_switch_collision
                0x000000000801fd98                interactive_tablet_podium_body_mesh_layer_1_with_revert
                0x000000000801fdf0                mat_revert_interactive_tablet_podium_interactive_tablet_podium
                0x000000000801fe10                mat_interactive_tablet_podium_interactive_tablet_podium
                0x000000000801fea0                interactive_tablet_podium_body_mesh_layer_1_tri_0
                0x000000000801ff70                interactive_tablet_podium_body_mesh_layer_1_vtx_0
                0x0000000008020570                interactive_tablet_podium_interactive_tablet_podium_pal_rgba16
                0x0000000008020578                interactive_tablet_podium_interactive_tablet_podium_pal_rgba16_aligner
                0x0000000008020580                interactive_tablet_podium_interactive_tablet_podium_ci4
                0x0000000008020780                interactive_tablet_podium_interactive_tablet_podium_ci4_aligner
                0x0000000008020788                interactive_tablet_podium_collision
                0x0000000008020824                interactive_tablet_collision
                0x00000000080208c0                interactive_tablet_body_mesh_layer_1_opt_2_with_revert
                0x0000000008020918                interactive_tablet_body_mesh_layer_1_opt_1_with_revert
                0x0000000008020970                interactive_tablet_body_mesh_layer_1_with_revert
                0x00000000080209c8                mat_revert_interactive_tablet_interactive_tablet_final
                0x00000000080209e8                mat_interactive_tablet_interactive_tablet_final
                0x0000000008020a78                mat_revert_interactive_tablet_interactive_tablet_activated
                0x0000000008020a98                mat_interactive_tablet_interactive_tablet_activated
                0x0000000008020b28                mat_revert_interactive_tablet_interactive_tablet_deactivated
                0x0000000008020b48                mat_interactive_tablet_interactive_tablet_deactivated
                0x0000000008020bd8                interactive_tablet_body_mesh_layer_1_tri_0
                0x0000000008020c88                interactive_tablet_body_mesh_layer_1_vtx_0
                0x0000000008021108                interactive_tablet_interactive_tablet_final_pal_rgba16
                0x0000000008021110                interactive_tablet_interactive_tablet_final_pal_rgba16_aligner
                0x0000000008021118                interactive_tablet_interactive_tablet_final_ci4
                0x0000000008021318                interactive_tablet_interactive_tablet_final_ci4_aligner
                0x0000000008021320                interactive_tablet_interactive_tablet_activated_pal_rgba16
                0x0000000008021328                interactive_tablet_interactive_tablet_activated_pal_rgba16_aligner
                0x0000000008021330                interactive_tablet_interactive_tablet_activated_ci4
                0x0000000008021530                interactive_tablet_interactive_tablet_activated_ci4_aligner
                0x0000000008021538                interactive_tablet_interactive_tablet_deactivated_pal_rgba16
                0x0000000008021540                interactive_tablet_interactive_tablet_deactivated_pal_rgba16_aligner
                0x0000000008021548                interactive_tablet_interactive_tablet_deactivated_ci4
                0x0000000008021748                interactive_tablet_interactive_tablet_deactivated_ci4_aligner
                0x0000000008021750                orbiting_platform7_final_revert_mesh_layer_1
                0x0000000008021790                orbiting_platform7_orbiting_platform7_mesh_layer_1
                0x00000000080217e8                mat_revert_orbiting_platform7_grey_checker
                0x0000000008021808                mat_orbiting_platform7_grey_checker
                0x0000000008021898                mat_revert_orbiting_platform7_old_stone
                0x00000000080218b8                mat_orbiting_platform7_old_stone
                0x0000000008021948                orbiting_platform7_orbiting_platform7_mesh_layer_1_tri_1
                0x0000000008021a58                orbiting_platform7_orbiting_platform7_mesh_layer_1_vtx_1
                0x0000000008022078                orbiting_platform7_orbiting_platform7_mesh_layer_1_tri_0
                0x00000000080220d0                orbiting_platform7_orbiting_platform7_mesh_layer_1_vtx_0
                0x00000000080221f0                orbiting_platform7_orbiting_platform7_mesh_layer_1_vtx_cull
                0x0000000008022270                orbiting_platform7_KKIIDDZZ_DAT_964__p00_pal_rgba16
                0x0000000008022350                orbiting_platform7_KKIIDDZZ_DAT_964__p00_pal_rgba16_aligner
                0x0000000008022358                orbiting_platform7_KKIIDDZZ_DAT_964__p00_ci8
                0x0000000008022758                orbiting_platform7_KKIIDDZZ_DAT_964__p00_ci8_aligner
                0x0000000008022760                orbiting_platform7_KKIIDDZZ_DAT_1059__p00_pal_rgba16
                0x00000000080227e8                orbiting_platform7_KKIIDDZZ_DAT_1059__p00_pal_rgba16_aligner
                0x00000000080227f0                orbiting_platform7_KKIIDDZZ_DAT_1059__p00_ci8
                0x0000000008022bf0                orbiting_platform7_KKIIDDZZ_DAT_1059__p00_ci8_aligner
                0x0000000008022bf8                orbiting_platform7_collision
                0x0000000008022f00                orbiting_platform6_final_revert_mesh_layer_1
                0x0000000008022f40                orbiting_platform6_orbiting_platform6_mesh_layer_1
                0x0000000008022f98                mat_revert_orbiting_platform6_old_stone
                0x0000000008022fb8                mat_orbiting_platform6_old_stone
                0x0000000008023048                mat_revert_orbiting_platform6_grey_checker
                0x0000000008023068                mat_orbiting_platform6_grey_checker
                0x00000000080230f8                orbiting_platform6_orbiting_platform6_mesh_layer_1_tri_1
                0x0000000008023150                orbiting_platform6_orbiting_platform6_mesh_layer_1_vtx_1
                0x0000000008023280                orbiting_platform6_orbiting_platform6_mesh_layer_1_tri_0
                0x0000000008023390                orbiting_platform6_orbiting_platform6_mesh_layer_1_vtx_0
                0x00000000080239d0                orbiting_platform6_orbiting_platform6_mesh_layer_1_vtx_cull
                0x0000000008023a50                orbiting_platform6_KKIIDDZZ_DAT_1059__p00_pal_rgba16
                0x0000000008023ad8                orbiting_platform6_KKIIDDZZ_DAT_1059__p00_pal_rgba16_aligner
                0x0000000008023ae0                orbiting_platform6_KKIIDDZZ_DAT_1059__p00_ci8
                0x0000000008023ee0                orbiting_platform6_KKIIDDZZ_DAT_1059__p00_ci8_aligner
                0x0000000008023ee8                orbiting_platform6_KKIIDDZZ_DAT_964__p00_pal_rgba16
                0x0000000008023fc8                orbiting_platform6_KKIIDDZZ_DAT_964__p00_pal_rgba16_aligner
                0x0000000008023fd0                orbiting_platform6_KKIIDDZZ_DAT_964__p00_ci8
                0x00000000080243d0                orbiting_platform6_KKIIDDZZ_DAT_964__p00_ci8_aligner
                0x00000000080243d8                orbiting_platform6_collision
                0x00000000080246e0                orbiting_platform5_final_revert_mesh_layer_1
                0x0000000008024720                orbiting_platform5_orbiting_platform5_mesh_layer_1
                0x0000000008024778                mat_revert_orbiting_platform5_old_stone
                0x0000000008024798                mat_orbiting_platform5_old_stone
                0x0000000008024828                mat_revert_orbiting_platform5_grey_checker
                0x0000000008024848                mat_orbiting_platform5_grey_checker
                0x00000000080248d8                orbiting_platform5_orbiting_platform5_mesh_layer_1_tri_1
                0x0000000008024930                orbiting_platform5_orbiting_platform5_mesh_layer_1_vtx_1
                0x0000000008024a60                orbiting_platform5_orbiting_platform5_mesh_layer_1_tri_0
                0x0000000008024b70                orbiting_platform5_orbiting_platform5_mesh_layer_1_vtx_0
                0x00000000080251a0                orbiting_platform5_orbiting_platform5_mesh_layer_1_vtx_cull
                0x0000000008025220                orbiting_platform5_KKIIDDZZ_DAT_1059__p00_pal_rgba16
                0x00000000080252a8                orbiting_platform5_KKIIDDZZ_DAT_1059__p00_pal_rgba16_aligner
                0x00000000080252b0                orbiting_platform5_KKIIDDZZ_DAT_1059__p00_ci8
                0x00000000080256b0                orbiting_platform5_KKIIDDZZ_DAT_1059__p00_ci8_aligner
                0x00000000080256b8                orbiting_platform5_KKIIDDZZ_DAT_964__p00_pal_rgba16
                0x0000000008025798                orbiting_platform5_KKIIDDZZ_DAT_964__p00_pal_rgba16_aligner
                0x00000000080257a0                orbiting_platform5_KKIIDDZZ_DAT_964__p00_ci8
                0x0000000008025ba0                orbiting_platform5_KKIIDDZZ_DAT_964__p00_ci8_aligner
                0x0000000008025ba8                orbiting_platform5_collision
                0x0000000008025eb0                orbiting_platform4_final_revert_mesh_layer_1
                0x0000000008025ef0                orbiting_platform4_orbiting_platform4_mesh_layer_1
                0x0000000008025f48                mat_revert_orbiting_platform4_old_stone
                0x0000000008025f68                mat_orbiting_platform4_old_stone
                0x0000000008025ff8                mat_revert_orbiting_platform4_grey_checker
                0x0000000008026018                mat_orbiting_platform4_grey_checker
                0x00000000080260a8                orbiting_platform4_orbiting_platform4_mesh_layer_1_tri_1
                0x00000000080260f8                orbiting_platform4_orbiting_platform4_mesh_layer_1_vtx_1
                0x0000000008026218                orbiting_platform4_orbiting_platform4_mesh_layer_1_tri_0
                0x0000000008026308                orbiting_platform4_orbiting_platform4_mesh_layer_1_vtx_0
                0x00000000080268a8                orbiting_platform4_orbiting_platform4_mesh_layer_1_vtx_cull
                0x0000000008026928                orbiting_platform4_KKIIDDZZ_DAT_1059__p00_pal_rgba16
                0x00000000080269b0                orbiting_platform4_KKIIDDZZ_DAT_1059__p00_pal_rgba16_aligner
                0x00000000080269b8                orbiting_platform4_KKIIDDZZ_DAT_1059__p00_ci8
                0x0000000008026db8                orbiting_platform4_KKIIDDZZ_DAT_1059__p00_ci8_aligner
                0x0000000008026dc0                orbiting_platform4_KKIIDDZZ_DAT_964__p00_pal_rgba16
                0x0000000008026ea0                orbiting_platform4_KKIIDDZZ_DAT_964__p00_pal_rgba16_aligner
                0x0000000008026ea8                orbiting_platform4_KKIIDDZZ_DAT_964__p00_ci8
                0x00000000080272a8                orbiting_platform4_KKIIDDZZ_DAT_964__p00_ci8_aligner
                0x00000000080272b0                orbiting_platform4_collision
                0x00000000080275b8                orbiting_platform3_final_revert_mesh_layer_1
                0x00000000080275f8                orbiting_platform3_orbiting_platform3_mesh_layer_1
                0x0000000008027650                mat_revert_orbiting_platform3_old_stone
                0x0000000008027670                mat_orbiting_platform3_old_stone
                0x0000000008027700                mat_revert_orbiting_platform3_grey_checker
                0x0000000008027720                mat_orbiting_platform3_grey_checker
                0x00000000080277b0                orbiting_platform3_orbiting_platform3_mesh_layer_1_tri_1
                0x0000000008027800                orbiting_platform3_orbiting_platform3_mesh_layer_1_vtx_1
                0x0000000008027920                orbiting_platform3_orbiting_platform3_mesh_layer_1_tri_0
                0x0000000008027a10                orbiting_platform3_orbiting_platform3_mesh_layer_1_vtx_0
                0x0000000008027fb0                orbiting_platform3_orbiting_platform3_mesh_layer_1_vtx_cull
                0x0000000008028030                orbiting_platform3_KKIIDDZZ_DAT_1059__p00_pal_rgba16
                0x00000000080280b8                orbiting_platform3_KKIIDDZZ_DAT_1059__p00_pal_rgba16_aligner
                0x00000000080280c0                orbiting_platform3_KKIIDDZZ_DAT_1059__p00_ci8
                0x00000000080284c0                orbiting_platform3_KKIIDDZZ_DAT_1059__p00_ci8_aligner
                0x00000000080284c8                orbiting_platform3_KKIIDDZZ_DAT_964__p00_pal_rgba16
                0x00000000080285a8                orbiting_platform3_KKIIDDZZ_DAT_964__p00_pal_rgba16_aligner
                0x00000000080285b0                orbiting_platform3_KKIIDDZZ_DAT_964__p00_ci8
                0x00000000080289b0                orbiting_platform3_KKIIDDZZ_DAT_964__p00_ci8_aligner
                0x00000000080289b8                orbiting_platform3_collision
                0x0000000008028cc0                orbiting_platform2_final_revert_mesh_layer_1
                0x0000000008028d00                orbiting_platform2_orbiting_platform2_mesh_layer_1
                0x0000000008028d58                mat_revert_orbiting_platform2_old_stone
                0x0000000008028d78                mat_orbiting_platform2_old_stone
                0x0000000008028e08                mat_revert_orbiting_platform2_grey_checker
                0x0000000008028e28                mat_orbiting_platform2_grey_checker
                0x0000000008028eb8                orbiting_platform2_orbiting_platform2_mesh_layer_1_tri_1
                0x0000000008028f08                orbiting_platform2_orbiting_platform2_mesh_layer_1_vtx_1
                0x0000000008029028                orbiting_platform2_orbiting_platform2_mesh_layer_1_tri_0
                0x0000000008029118                orbiting_platform2_orbiting_platform2_mesh_layer_1_vtx_0
                0x00000000080296b8                orbiting_platform2_orbiting_platform2_mesh_layer_1_vtx_cull
                0x0000000008029738                orbiting_platform2_KKIIDDZZ_DAT_1059__p00_pal_rgba16
                0x00000000080297c0                orbiting_platform2_KKIIDDZZ_DAT_1059__p00_pal_rgba16_aligner
                0x00000000080297c8                orbiting_platform2_KKIIDDZZ_DAT_1059__p00_ci8
                0x0000000008029bc8                orbiting_platform2_KKIIDDZZ_DAT_1059__p00_ci8_aligner
                0x0000000008029bd0                orbiting_platform2_KKIIDDZZ_DAT_964__p00_pal_rgba16
                0x0000000008029cb0                orbiting_platform2_KKIIDDZZ_DAT_964__p00_pal_rgba16_aligner
                0x0000000008029cb8                orbiting_platform2_KKIIDDZZ_DAT_964__p00_ci8
                0x000000000802a0b8                orbiting_platform2_KKIIDDZZ_DAT_964__p00_ci8_aligner
                0x000000000802a0c0                orbiting_platform2_collision
                0x000000000802a3c8                orbiting_platform1_final_revert_mesh_layer_1
                0x000000000802a408                orbiting_platform1_orbiting_platform1_mesh_layer_1
                0x000000000802a478                mat_revert_orbiting_platform1_grey_checker_001
                0x000000000802a498                mat_orbiting_platform1_grey_checker_001
                0x000000000802a528                mat_revert_orbiting_platform1_old_stone_001
                0x000000000802a548                mat_orbiting_platform1_old_stone_001
                0x000000000802a5d8                mat_revert_orbiting_platform1_blocky_001
                0x000000000802a5f8                mat_orbiting_platform1_blocky_001
                0x000000000802a688                orbiting_platform1_orbiting_platform1_mesh_layer_1_tri_2
                0x000000000802a780                orbiting_platform1_orbiting_platform1_mesh_layer_1_vtx_2
                0x000000000802ad30                orbiting_platform1_orbiting_platform1_mesh_layer_1_tri_1
                0x000000000802ad88                orbiting_platform1_orbiting_platform1_mesh_layer_1_vtx_1
                0x000000000802aeb8                orbiting_platform1_orbiting_platform1_mesh_layer_1_tri_0
                0x000000000802aed8                orbiting_platform1_orbiting_platform1_mesh_layer_1_vtx_0
                0x000000000802af38                orbiting_platform1_orbiting_platform1_mesh_layer_1_vtx_cull
                0x000000000802afb8                orbiting_platform1_KKIIDDZZ_DAT_964__p00_pal_rgba16
                0x000000000802b098                orbiting_platform1_KKIIDDZZ_DAT_964__p00_pal_rgba16_aligner
                0x000000000802b0a0                orbiting_platform1_KKIIDDZZ_DAT_964__p00_ci8
                0x000000000802b4a0                orbiting_platform1_KKIIDDZZ_DAT_964__p00_ci8_aligner
                0x000000000802b4a8                orbiting_platform1_KKIIDDZZ_DAT_1059__p00_pal_rgba16
                0x000000000802b530                orbiting_platform1_KKIIDDZZ_DAT_1059__p00_pal_rgba16_aligner
                0x000000000802b538                orbiting_platform1_KKIIDDZZ_DAT_1059__p00_ci8
                0x000000000802b938                orbiting_platform1_KKIIDDZZ_DAT_1059__p00_ci8_aligner
                0x000000000802b940                orbiting_platform1_light_pal_rgba16
                0x000000000802b948                orbiting_platform1_light_pal_rgba16_aligner
                0x000000000802b950                orbiting_platform1_light_ci4
                0x000000000802bb50                orbiting_platform1_light_ci4_aligner
                0x000000000802bb58                orbiting_platform1_collision
                0x000000000802be60                barrier_final_revert_mesh_layer_1
                0x000000000802bea0                barrier_barrier_mesh_layer_1
                0x000000000802bef8                mat_revert_barrier_f3dlite_material_001
                0x000000000802bf18                mat_barrier_f3dlite_material_001
                0x000000000802bfa8                mat_revert_barrier_f3dlite_material
                0x000000000802bfc8                mat_barrier_f3dlite_material
                0x000000000802c058                barrier_barrier_mesh_layer_1_tri_1
                0x000000000802c088                barrier_barrier_mesh_layer_1_vtx_1
                0x000000000802c188                barrier_barrier_mesh_layer_1_tri_0
                0x000000000802c1a8                barrier_barrier_mesh_layer_1_vtx_0
                0x000000000802c228                barrier_barrier_mesh_layer_1_vtx_cull
                0x000000000802c2a8                barrier_KKIIDDZZ_DAT_1380__p00_pal_rgba16
                0x000000000802c378                barrier_KKIIDDZZ_DAT_1380__p00_pal_rgba16_aligner
                0x000000000802c380                barrier_KKIIDDZZ_DAT_1380__p00_ci8
                0x000000000802c780                barrier_KKIIDDZZ_DAT_1380__p00_ci8_aligner
                0x000000000802c788                barrier_KKIIDDZZ_DAT_964__p00_pal_rgba16
                0x000000000802c868                barrier_KKIIDDZZ_DAT_964__p00_pal_rgba16_aligner
                0x000000000802c870                barrier_KKIIDDZZ_DAT_964__p00_ci8
                0x000000000802cc70                barrier_KKIIDDZZ_DAT_964__p00_ci8_aligner
                0x000000000802cc78                barrier_collision
                0x000000000802cd18                tilting_platform_final_revert_mesh_layer_1
                0x000000000802cd58                tilting_platform_tilting_platform_mesh_layer_1
                0x000000000802cdb0                mat_revert_tilting_platform_bricks
                0x000000000802cdd0                mat_tilting_platform_bricks
                0x000000000802ce60                mat_revert_tilting_platform_glyph_stone
                0x000000000802ce80                mat_tilting_platform_glyph_stone
                0x000000000802cf10                tilting_platform_tilting_platform_mesh_layer_1_tri_1
                0x000000000802cf28                tilting_platform_tilting_platform_mesh_layer_1_vtx_1
                0x000000000802cf68                tilting_platform_tilting_platform_mesh_layer_1_tri_0
                0x000000000802cfe8                tilting_platform_tilting_platform_mesh_layer_1_vtx_0
                0x000000000802d268                tilting_platform_tilting_platform_mesh_layer_1_vtx_cull
                0x000000000802d2e8                tilting_platform__7_pal_rgba16
                0x000000000802d3a8                tilting_platform__7_pal_rgba16_aligner
                0x000000000802d3b0                tilting_platform__7_ci8
                0x000000000802d7b0                tilting_platform__7_ci8_aligner
                0x000000000802d7b8                tilting_platform_KKIIDDZZ_DAT_964__p00_pal_rgba16
                0x000000000802d898                tilting_platform_KKIIDDZZ_DAT_964__p00_pal_rgba16_aligner
                0x000000000802d8a0                tilting_platform_KKIIDDZZ_DAT_964__p00_ci8
                0x000000000802dca0                tilting_platform_KKIIDDZZ_DAT_964__p00_ci8_aligner
                0x000000000802dca8                tilting_platform_collision
                0x000000000802dda0                custom_pole_final_revert_mesh_layer_1
                0x000000000802dde0                custom_pole_custom_pole_mesh_layer_1
                0x000000000802de20                mat_revert_custom_pole_pole_texture
                0x000000000802de40                mat_custom_pole_pole_texture
                0x000000000802ded0                custom_pole_custom_pole_mesh_layer_1_tri_0
                0x000000000802e008                custom_pole_custom_pole_mesh_layer_1_vtx_0
                0x000000000802e688                custom_pole_custom_pole_mesh_layer_1_vtx_cull
                0x000000000802e708                custom_pole_ci4_sophie_interiorwall_pal_rgba16
                0x000000000802e720                custom_pole_ci4_sophie_interiorwall_pal_rgba16_aligner
                0x000000000802e728                custom_pole_ci4_sophie_interiorwall_ci4
                0x000000000802ef28                custom_pole_ci4_sophie_interiorwall_ci4_aligner
                0x000000000802ef30                custom_pole_collision
                0x000000000802f1b8                magic_platform_final_revert_mesh_layer_5
                0x000000000802f1f8                magic_platform_final_revert_mesh_layer_4
                0x000000000802f238                magic_platform_final_revert_mesh_layer_1
                0x000000000802f278                magic_platform_magic_platform_mesh_layer_5
                0x000000000802f2b8                magic_platform_magic_platform_mesh_layer_4
                0x000000000802f2f8                magic_platform_magic_platform_mesh_layer_1
                0x000000000802f338                mat_revert_magic_platform_tek
                0x000000000802f360                mat_magic_platform_tek
                0x000000000802f3e0                mat_revert_magic_platform_corner_circle
                0x000000000802f408                mat_magic_platform_corner_circle
                0x000000000802f4a0                mat_revert_magic_platform_blocky
                0x000000000802f4c0                mat_magic_platform_blocky
                0x000000000802f550                magic_platform_magic_platform_mesh_layer_5_tri_0
                0x000000000802f570                magic_platform_magic_platform_mesh_layer_5_vtx_0
                0x000000000802f5f0                magic_platform_magic_platform_mesh_layer_5_vtx_cull
                0x000000000802f670                magic_platform_magic_platform_mesh_layer_4_tri_0
                0x000000000802f688                magic_platform_magic_platform_mesh_layer_4_vtx_0
                0x000000000802f6c8                magic_platform_magic_platform_mesh_layer_4_vtx_cull
                0x000000000802f748                magic_platform_magic_platform_mesh_layer_1_tri_0
                0x000000000802f778                magic_platform_magic_platform_mesh_layer_1_vtx_0
                0x000000000802f878                magic_platform_magic_platform_mesh_layer_1_vtx_cull
                0x000000000802f8f8                magic_platform_ci4_sophie_pedestal_L1_pal_rgba16
                0x000000000802f918                magic_platform_ci4_sophie_pedestal_L1_pal_rgba16_aligner
                0x000000000802f920                magic_platform_ci4_sophie_pedestal_L1_ci4
                0x0000000008030120                magic_platform_ci4_sophie_pedestal_L1_ci4_aligner
                0x0000000008030128                magic_platform_corner_circle_pal_rgba16
                0x0000000008030220                magic_platform_corner_circle_pal_rgba16_aligner
                0x0000000008030228                magic_platform_corner_circle_ci8
                0x0000000008030628                magic_platform_corner_circle_ci8_aligner
                0x0000000008030630                _pal_rgba16::magic_platform(void)
                0x00000000080306e0                magic_platform__11_pal_rgba16_aligner
                0x00000000080306e8                magic_platform__11_ci8
                0x0000000008030ae8                _ci8_aligne::magic_platform(long double)
                0x0000000008030af0                magic_platform_collision
                0x0000000008030ba8                small_fan_final_revert_mesh_layer_1
                0x0000000008030be8                small_fan_small_fan_mesh_layer_1
                0x0000000008030c40                mat_revert_small_fan_metal2
                0x0000000008030c60                mat_small_fan_metal2
                0x0000000008030cf0                mat_revert_small_fan_metal
                0x0000000008030d10                mat_small_fan_metal
                0x0000000008030da0                small_fan_small_fan_mesh_layer_1_tri_1
                0x0000000008030de0                small_fan_small_fan_mesh_layer_1_vtx_1
                0x0000000008030f60                small_fan_small_fan_mesh_layer_1_tri_0
                0x0000000008030fd8                small_fan_small_fan_mesh_layer_1_vtx_0
                0x00000000080312d8                small_fan_small_fan_mesh_layer_1_vtx_cull
                0x0000000008031358                small_fan_rgba16_anonmoose_GreenishSquare_pal_rgba16
                0x0000000008031380                small_fan_rgba16_anonmoose_GreenishSquare_pal_rgba16_aligner
                0x0000000008031388                small_fan_rgba16_anonmoose_GreenishSquare_ci8
                0x0000000008031788                small_fan_rgba16_anonmoose_GreenishSquare_ci8_aligner
                0x0000000008031790                small_fan_ci4_sophie_metal2_pal_rgba16
                0x00000000080317b0                small_fan_ci4_sophie_metal2_pal_rgba16_aligner
                0x00000000080317b8                small_fan_ci4_sophie_metal2_ci4
                0x0000000008031fb8                small_fan_ci4_sophie_metal2_ci4_aligner
                0x0000000008031fc0                small_fan_collision
                0x0000000008032180                giant_fan_wide_final_revert_mesh_layer_1
                0x00000000080321c0                giant_fan_wide_giant_fan_wide_mesh_layer_1
                0x0000000008032218                mat_revert_giant_fan_wide_metal2
                0x0000000008032238                mat_giant_fan_wide_metal2
                0x00000000080322c8                mat_revert_giant_fan_wide_metal
                0x00000000080322e8                mat_giant_fan_wide_metal
                0x0000000008032378                giant_fan_wide_giant_fan_wide_mesh_layer_1_tri_1
                0x00000000080323b8                giant_fan_wide_giant_fan_wide_mesh_layer_1_vtx_1
                0x0000000008032538                giant_fan_wide_giant_fan_wide_mesh_layer_1_tri_0
                0x00000000080325b0                giant_fan_wide_giant_fan_wide_mesh_layer_1_vtx_0
                0x00000000080328b0                giant_fan_wide_giant_fan_wide_mesh_layer_1_vtx_cull
                0x0000000008032930                giant_fan_wide_rgba16_anonmoose_GreenishSquare_pal_rgba16
                0x0000000008032958                giant_fan_wide_rgba16_anonmoose_GreenishSquare_pal_rgba16_aligner
                0x0000000008032960                giant_fan_wide_rgba16_anonmoose_GreenishSquare_ci8
                0x0000000008032d60                giant_fan_wide_rgba16_anonmoose_GreenishSquare_ci8_aligner
                0x0000000008032d68                giant_fan_wide_ci4_sophie_metal2_pal_rgba16
                0x0000000008032d88                giant_fan_wide_ci4_sophie_metal2_pal_rgba16_aligner
                0x0000000008032d90                giant_fan_wide_ci4_sophie_metal2_ci4
                0x0000000008033590                giant_fan_wide_ci4_sophie_metal2_ci4_aligner
                0x0000000008033598                giant_fan_wide_collision
                0x0000000008033758                giant_fan_final_revert_mesh_layer_1
                0x0000000008033798                giant_fan_giant_fan_mesh_layer_1
                0x00000000080337f0                mat_revert_giant_fan_metal2
                0x0000000008033810                mat_giant_fan_metal2
                0x00000000080338a0                mat_revert_giant_fan_metal
                0x00000000080338c0                mat_giant_fan_metal
                0x0000000008033950                giant_fan_giant_fan_mesh_layer_1_tri_1
                0x0000000008033990                giant_fan_giant_fan_mesh_layer_1_vtx_1
                0x0000000008033b10                giant_fan_giant_fan_mesh_layer_1_tri_0
                0x0000000008033b88                giant_fan_giant_fan_mesh_layer_1_vtx_0
                0x0000000008033e88                giant_fan_giant_fan_mesh_layer_1_vtx_cull
                0x0000000008033f08                giant_fan_rgba16_anonmoose_GreenishSquare_pal_rgba16
                0x0000000008033f30                giant_fan_rgba16_anonmoose_GreenishSquare_pal_rgba16_aligner
                0x0000000008033f38                giant_fan_rgba16_anonmoose_GreenishSquare_ci8
                0x0000000008034338                giant_fan_rgba16_anonmoose_GreenishSquare_ci8_aligner
                0x0000000008034340                giant_fan_ci4_sophie_metal2_pal_rgba16
                0x0000000008034360                giant_fan_ci4_sophie_metal2_pal_rgba16_aligner
                0x0000000008034368                giant_fan_ci4_sophie_metal2_ci4
                0x0000000008034b68                giant_fan_ci4_sophie_metal2_ci4_aligner
                0x0000000008034b70                giant_fan_collision
                0x0000000008034d30                koopa_shell_seg8_dl_08028B78
                0x0000000008034da8                koopa_shell_seg8_dl_08028A20
                0x0000000008034ea0                koopa_shell_seg8_dl_08028978
                0x0000000008034f08                koopa_shell_seg8_dl_080288E0
                0x00000000080363c0                koopa_shell_seg8_dl_08027420
                0x0000000008036440                koopa_shell_seg8_dl_080273C8
                0x00000000080364c8                koopa_shell_seg8_dl_08027258
                0x00000000080365c0                koopa_shell_seg8_dl_08027170
                0x0000000008036660                koopa_shell_seg8_dl_08027108
                0x00000000080373c8                unknown_seg8_collision_080262F8
                0x0000000008037468                unknown_seg8_dl_08026260
                0x0000000008037720                exclamation_box_outline_seg8_collision_08025F78
                0x00000000080377c0                exclamation_box_outline_seg8_dl_exclamation_point
                0x0000000008037830                exclamation_box_outline_seg8_dl_08025EC0
                0x0000000008037cc0                exclamation_box_outline_seg8_dl_080259F8
                0x0000000008037d30                exclamation_box_outline_seg8_dl_08025968
                0x00000000080386f0                exclamation_box_outline_seg8_dl_08024FE8
                0x0000000008038720                exclamation_box_outline_seg8_dl_08024FC8
                0x0000000008038750                exclamation_box_outline_seg8_dl_08024FA8
                0x0000000008038780                exclamation_box_outline_seg8_dl_08024F88
                0x00000000080387b0                exclamation_box_outline_seg8_dl_08024F58
                0x00000000080387e0                exclamation_box_outline_seg8_dl_08024F30
                0x0000000008038808                exclamation_box_outline_seg8_dl_08024EB8
                0x00000000080389f8                metal_box_seg8_collision_08024C28
                0x0000000008038a98                metal_box_dl
                0x0000000008038b08                metal_box_seg8_dl_08024B18
                0x0000000008039d08                bobomb_seg8_anims_0802396C
                0x000000000803a158                bobomb_seg8_dl_08023480
                0x000000000803a1d0                bobomb_seg8_dl_08023378
                0x000000000803a278                bobomb_seg8_dl_08023270
                0x000000000803a760                bobomb_seg8_dl_08022D78
                0x000000000803a7d0                bobomb_seg8_dl_08022D08
                0x000000000803a840                bobomb_seg8_dl_08022CA0
                0x000000000803a898                bobomb_seg8_dl_08022C38
                0x000000000803a970                bobomb_seg8_dl_08022B88
                0x000000000803a9a0                bobomb_seg8_dl_08022B58
                0x000000000803a9d0                bobomb_seg8_dl_08022B08
                0x000000000803aa10                bobomb_seg8_dl_08022AC0
                0x000000000803fab8                goomba_seg8_anims_0801DA4C
                0x000000000803fda0                goomba_seg8_dl_0801D760
                0x000000000803fdb0                goomba_seg8_dl_0801D360
                0x000000000803fff8                goomba_seg8_dl_0801D0D0
                0x0000000008040188                goomba_seg8_dl_0801CF78
                0x0000000008040260                goomba_seg8_dl_0801CE20
                0x0000000008041a58                goomba_seg8_dl_0801B690
                0x0000000008041ac8                goomba_seg8_dl_0801B658
                0x0000000008041b38                floomba_seg8_dl_blink
                0x0000000008041b60                floomba_seg8_dl_face
                0x0000000008041b88                goomba_seg8_dl_0801B5F0
                0x0000000008041bb0                goomba_seg8_dl_0801B5C8
                0x0000000008041bd8                goomba_seg8_dl_0801B5A0
                0x0000000008041c00                goomba_seg8_dl_0801B560
                0x0000000008041c40                goomba_seg8_dl_0801B2E8
                0x0000000008044b60                exclamation_box_seg8_dl_08019438
                0x0000000008044bc0                exclamation_box_seg8_dl_080193D8
                0x0000000008044c20                exclamation_box_seg8_dl_08019378
                0x0000000008044c80                exclamation_box_seg8_dl_08019318
                0x0000000008044ce0                exclamation_box_seg8_dl_080192D0
                0x0000000008044d28                exclamation_box_seg8_dl_08019280
                0x0000000008044d68                exclamation_box_seg8_dl_08019220
                0x0000000008044f38                exclamation_box_seg8_dl_08019058
                0x0000000008044f80                exclamation_box_seg8_dl_08019008
                0x0000000008044fc0                exclamation_box_seg8_dl_08018FA8
                0x000000000804b190                breakable_box_seg8_collision
                0x000000000804b230                breakable_box_seg8_dl_cork_box
                0x000000000804b258                breakable_box_seg8_dl_crazy_box
                0x000000000804b280                breakable_box_seg8_sub_dl_begin
                0x000000000804b2c8                breakable_box_seg8_sub_dl_end
                0x000000000804c4e8                flyguy_seg8_anims_08011A64
                0x000000000804c7c0                flyguy_seg8_dl_08011710
                0x000000000804c848                flyguy_seg8_dl_080116D0
                0x000000000804c888                flyguy_seg8_dl_08011420
                0x000000000804ca50                flyguy_seg8_dl_080113A8
                0x000000000804d228                flyguy_seg8_dl_08010B80
                0x000000000804d298                flyguy_seg8_dl_08010B38
                0x000000000804d328                flyguy_seg8_dl_08010A90
                0x000000000804d370                flyguy_seg8_dl_08010968
                0x000000000804d438                flyguy_seg8_dl_08010840
                0x000000000804fc10                heart_seg8_dl_0800DFE0
                0x00000000080504e0                checkerboard_platform_seg8_collision_platform
                0x0000000008050580                checkerboard_platform_seg8_dl_0800D680
                0x0000000008050610                checkerboard_platform_seg8_dl_0800D618
                0x0000000008050658                checkerboard_platform_seg8_dl_0800D5C0
                0x0000000008051430                purple_switch_seg8_collision_0800C7A8
                0x00000000080514c0                purple_switch_seg8_dl_0800C718
                0x0000000008051550                purple_switch_seg8_dl_0800C6E0
                0x0000000008051580                purple_switch_seg8_dl_0800C668
                0x0000000008051ba8                chuckya_seg8_anims_0800C070
                0x0000000008053018                chuckya_seg8_dl_0800ABE8
                0x0000000008053048                chuckya_seg8_dl_0800AB70
                0x0000000008053250                chuckya_seg8_dl_0800A998
                0x0000000008053270                chuckya_seg8_dl_0800A958
                0x0000000008053300                chuckya_seg8_dl_0800A8D0
                0x0000000008053320                chuckya_seg8_dl_0800A870
                0x0000000008053400                chuckya_seg8_dl_0800A758
                0x0000000008053470                chuckya_seg8_dl_0800A700
                0x0000000008053548                chuckya_seg8_dl_0800A5F8
                0x00000000080535b8                chuckya_seg8_dl_0800A5C0
                0x0000000008053628                chuckya_seg8_dl_0800A510
                0x0000000008053698                chuckya_seg8_dl_0800A4D8
                0x0000000008053708                chuckya_seg8_dl_0800A428
                0x0000000008053778                chuckya_seg8_dl_0800A3F0
                0x00000000080537e8                chuckya_seg8_dl_0800A338
                0x0000000008053860                chuckya_seg8_dl_0800A300
                0x0000000008053890                chuckya_seg8_dl_0800A2C8
                0x0000000008053940                chuckya_seg8_dl_0800A1D0
                0x00000000080539b8                chuckya_seg8_dl_0800A198
                0x00000000080539e8                chuckya_seg8_dl_0800A160
                0x0000000008053a98                chuckya_seg8_dl_0800A068
                0x0000000008053b10                chuckya_seg8_dl_0800A030
                0x0000000008053b40                chuckya_seg8_dl_08009FF8
                0x00000000080573f0                cannon_barrel_seg8_dl_08006660
                0x0000000008057458                cannon_barrel_seg8_dl_080064C0
                0x0000000008057558                cannon_barrel_seg8_dl_08006408
                0x0000000008058140                cannon_base_seg8_dl_080057F8
                0x00000000080581b8                cannon_base_seg8_dl_080056D0
                0x0000000008058280                cannon_base_seg8_dl_08005658
                0x0000000008058f88                cannon_lid_seg8_collision_08004950
                0x0000000008058fc0                cannon_lid_seg8_dl_080048E0
                0x0000000008059030                cannon_lid_seg8_dl_08004898
                0x00000000080598c0                dAmpAnimsList
                0x0000000008059ac8                dAmpBodyDl
                0x0000000008059b38                dAmpBodySubDl
                0x0000000008059ba8                dAmpMouthDl
                0x0000000008059c18                dAmpMouthSubDl
                0x0000000008059c88                dAmpEyeDl
                0x0000000008059cf8                dAmpEyeSubDl
                0x0000000008059d68                dAmpElectricityDl
                0x0000000008059dd8                dAmpElectricitySubDl
                0x000000000805ba58                blue_coin_switch_seg8_collision_08000E98
                0x000000000805bae8                blue_coin_switch_seg8_dl_08000E08
                0x000000000805bb78                blue_coin_switch_seg8_dl_08000DD0
                0x000000000805bba8                blue_coin_switch_seg8_dl_08000D58

.data1
 *(.data1)

.got.plt
 *(.got.plt)
                0x000000000805c950                . = .
                0x000000000805c950                . = .
                0x0000000008064940                _gp = (ALIGN (0x10) + 0x7ff0)

.got
 *(.got)

.sdata
 *(.sdata .sdata.* .gnu.linkonce.s.*)

.lit8
 *(.lit8)

.lit4
 *(.lit4)
                0x000000000805c950                _edata = .
                [!provide]                        PROVIDE (edata = .)
                0x000000000805c950                . = .
                0x000000000805c950                __bss_start = .
                0x000000000805c950                _fbss = .

.sbss
 *(.dynsbss)
 *(.sbss .sbss.* .gnu.linkonce.sb.*)
 *(.scommon)

.bss            0x000000000805c950        0x0 load address 0x000000000805c968
 *(.dynbss)
 *(.bss .bss.* .gnu.linkonce.b.*)
 .bss           0x000000000805c950        0x0 build/us_n64/actors/common0.o
 *(COMMON)
                0x000000000805c950                . = ALIGN ((. != 0x0)?0x4:0x1)
                0x000000000805c950                . = ALIGN (0x4)
                0x000000000805c950                . = SEGMENT_START ("ldata-segment", .)
                0x000000000805c950                . = ALIGN (0x4)
                0x000000000805c950                _end = .
                [!provide]                        PROVIDE (end = .)
                0x000000000805c950                . = DATA_SEGMENT_END (.)

.stab
 *(.stab)

.stabstr
 *(.stabstr)

.stab.excl
 *(.stab.excl)

.stab.exclstr
 *(.stab.exclstr)

.stab.index
 *(.stab.index)

.stab.indexstr
 *(.stab.indexstr)

.comment        0x0000000000000000       0x12
 *(.comment)
 .comment       0x0000000000000000       0x12 build/us_n64/actors/common0.o
                                         0x13 (size before relaxing)

.pdr            0x0000000000000000        0x0
 .pdr           0x0000000000000000        0x0 build/us_n64/actors/common0.o

.debug
 *(.debug)

.line
 *(.line)

.debug_srcinfo
 *(.debug_srcinfo)

.debug_sfnames
 *(.debug_sfnames)

.debug_aranges
 *(.debug_aranges)

.debug_pubnames
 *(.debug_pubnames)

.debug_info
 *(.debug_info .gnu.linkonce.wi.*)

.debug_abbrev
 *(.debug_abbrev)

.debug_line
 *(.debug_line .debug_line.* .debug_line_end)

.debug_frame
 *(.debug_frame)

.debug_str
 *(.debug_str)

.debug_loc
 *(.debug_loc)

.debug_macinfo
 *(.debug_macinfo)

.debug_weaknames
 *(.debug_weaknames)

.debug_funcnames
 *(.debug_funcnames)

.debug_typenames
 *(.debug_typenames)

.debug_varnames
 *(.debug_varnames)

.debug_pubtypes
 *(.debug_pubtypes)

.debug_ranges
 *(.debug_ranges)

.debug_macro
 *(.debug_macro)

.debug_addr
 *(.debug_addr)

.gnu.attributes
                0x0000000000000000       0x10
 *(.gnu.attributes)
 .gnu.attributes
                0x0000000000000000       0x10 build/us_n64/actors/common0.o

.gptab.sdata
 *(.gptab.data)
 *(.gptab.sdata)

.gptab.sbss
 *(.gptab.bss)
 *(.gptab.sbss)

.mdebug.abi32   0x0000000000000000        0x0
 *(.mdebug.abi32)
 .mdebug.abi32  0x0000000000000000        0x0 build/us_n64/actors/common0.o

.mdebug.abiN32
 *(.mdebug.abiN32)

.mdebug.abi64
 *(.mdebug.abi64)

.mdebug.abiO64
 *(.mdebug.abiO64)

.mdebug.eabi32
 *(.mdebug.eabi32)

.mdebug.eabi64
 *(.mdebug.eabi64)

.gcc_compiled_long32
 *(.gcc_compiled_long32)

.gcc_compiled_long64
 *(.gcc_compiled_long64)

/DISCARD/
 *(.note.GNU-stack)
 *(.gnu_debuglink)
 *(.gnu.lto_*)
OUTPUT(build/us_n64/actors/common0.elf elf32-bigmips)
