
Memory Configuration

Name             Origin             Length             Attributes
*default*        0x0000000000000000 0xffffffffffffffff

Linker script and memory map

Address of section .text set to 0x2000000
LOAD build/us_n64/bin/segment2.o
                [!provide]                        PROVIDE (__executable_start = SEGMENT_START ("text-segment", 0x400000))
                0x0000000000400000                . = SEGMENT_START ("text-segment", 0x400000)

.interp
 *(.interp)

.MIPS.abiflags  0x0000000000400000       0x18
 *(.MIPS.abiflags)
 .MIPS.abiflags
                0x0000000000400000       0x18 build/us_n64/bin/segment2.o

.reginfo        0x0000000000400018       0x18
 *(.reginfo)
 .reginfo       0x0000000000400018       0x18 build/us_n64/bin/segment2.o

.note.gnu.build-id
 *(.note.gnu.build-id)

.dynamic
 *(.dynamic)

.hash
 *(.hash)

.gnu.hash
 *(.gnu.hash)

.dynsym
 *(.dynsym)

.dynstr
 *(.dynstr)

.gnu.version
 *(.gnu.version)

.gnu.version_d
 *(.gnu.version_d)

.gnu.version_r
 *(.gnu.version_r)

.rel.dyn        0x0000000000400018        0x0 load address 0x0000000000400030
 *(.rel.init)
 *(.rel.text .rel.text.* .rel.gnu.linkonce.t.*)
 *(.rel.fini)
 *(.rel.rodata .rel.rodata.* .rel.gnu.linkonce.r.*)
 *(.rel.data.rel.ro .rel.data.rel.ro.* .rel.gnu.linkonce.d.rel.ro.*)
 *(.rel.data .rel.data.* .rel.gnu.linkonce.d.*)
 *(.rel.tdata .rel.tdata.* .rel.gnu.linkonce.td.*)
 *(.rel.tbss .rel.tbss.* .rel.gnu.linkonce.tb.*)
 *(.rel.ctors)
 *(.rel.dtors)
 *(.rel.got)
 *(.rel.dyn)
 .rel.dyn       0x0000000000400018        0x0 build/us_n64/bin/segment2.o
 *(.rel.sdata .rel.sdata.* .rel.gnu.linkonce.s.*)
 *(.rel.sbss .rel.sbss.* .rel.gnu.linkonce.sb.*)
 *(.rel.sdata2 .rel.sdata2.* .rel.gnu.linkonce.s2.*)
 *(.rel.sbss2 .rel.sbss2.* .rel.gnu.linkonce.sb2.*)
 *(.rel.bss .rel.bss.* .rel.gnu.linkonce.b.*)
                [!provide]                        PROVIDE (__rel_iplt_start = .)
 *(.rel.iplt)
                [!provide]                        PROVIDE (__rel_iplt_end = .)

.rela.dyn       0x0000000000400018        0x0
 *(.rela.init)
 *(.rela.text .rela.text.* .rela.gnu.linkonce.t.*)
 *(.rela.fini)
 *(.rela.rodata .rela.rodata.* .rela.gnu.linkonce.r.*)
 *(.rela.data .rela.data.* .rela.gnu.linkonce.d.*)
 *(.rela.tdata .rela.tdata.* .rela.gnu.linkonce.td.*)
 *(.rela.tbss .rela.tbss.* .rela.gnu.linkonce.tb.*)
 *(.rela.ctors)
 *(.rela.dtors)
 *(.rela.got)
 *(.rela.sdata .rela.sdata.* .rela.gnu.linkonce.s.*)
 *(.rela.sbss .rela.sbss.* .rela.gnu.linkonce.sb.*)
 *(.rela.sdata2 .rela.sdata2.* .rela.gnu.linkonce.s2.*)
 *(.rela.sbss2 .rela.sbss2.* .rela.gnu.linkonce.sb2.*)
 *(.rela.bss .rela.bss.* .rela.gnu.linkonce.b.*)
                [!provide]                        PROVIDE (__rela_iplt_start = .)
 *(.rela.iplt)
                [!provide]                        PROVIDE (__rela_iplt_end = .)

.rel.plt
 *(.rel.plt)

.rela.plt
 *(.rela.plt)

.init
 *(SORT_NONE(.init))

.plt
 *(.plt)

.iplt
 *(.iplt)

.text           0x0000000002000000        0x0 load address 0x0000000002000018
                0x0000000002000000                _ftext = .
 *(.text.unlikely .text.*_unlikely .text.unlikely.*)
 *(.text.exit .text.exit.*)
 *(.text.startup .text.startup.*)
 *(.text.hot .text.hot.*)
 *(.text .stub .text.* .gnu.linkonce.t.*)
 .text          0x0000000002000000        0x0 build/us_n64/bin/segment2.o
 *(.gnu.warning)
 *(.mips16.fn.*)
 *(.mips16.call.*)

.fini
 *(SORT_NONE(.fini))
                [!provide]                        PROVIDE (__etext = .)
                [!provide]                        PROVIDE (_etext = .)
                [!provide]                        PROVIDE (etext = .)

.rodata
 *(.rodata .rodata.* .gnu.linkonce.r.*)

.rodata1
 *(.rodata1)

.sdata2
 *(.sdata2 .sdata2.* .gnu.linkonce.s2.*)

.sbss2
 *(.sbss2 .sbss2.* .gnu.linkonce.sb2.*)

.eh_frame_hdr
 *(.eh_frame_hdr)
 *(.eh_frame_entry .eh_frame_entry.*)

.eh_frame
 *(.eh_frame)
 *(.eh_frame.*)

.gcc_except_table
 *(.gcc_except_table .gcc_except_table.*)

.gnu_extab
 *(.gnu_extab*)

.exception_ranges
 *(.exception_ranges .exception_ranges*)
                0x0000000002000000                . = DATA_SEGMENT_ALIGN (CONSTANT (MAXPAGESIZE), CONSTANT (COMMONPAGESIZE))

.eh_frame
 *(.eh_frame)
 *(.eh_frame.*)

.gnu_extab
 *(.gnu_extab)

.gcc_except_table
 *(.gcc_except_table .gcc_except_table.*)

.exception_ranges
 *(.exception_ranges .exception_ranges*)

.tdata
 *(.tdata .tdata.* .gnu.linkonce.td.*)

.tbss
 *(.tbss .tbss.* .gnu.linkonce.tb.*)
 *(.tcommon)

.preinit_array  0x0000000002000000        0x0
                [!provide]                        PROVIDE (__preinit_array_start = .)
 *(.preinit_array)
                [!provide]                        PROVIDE (__preinit_array_end = .)

.init_array     0x0000000002000000        0x0
                [!provide]                        PROVIDE (__init_array_start = .)
 *(SORT_BY_INIT_PRIORITY(.init_array.*) SORT_BY_INIT_PRIORITY(.ctors.*))
 *(.init_array EXCLUDE_FILE(*crtend?.o *crtend.o *crtbegin?.o *crtbegin.o) .ctors)
                [!provide]                        PROVIDE (__init_array_end = .)

.fini_array     0x0000000002000000        0x0
                [!provide]                        PROVIDE (__fini_array_start = .)
 *(SORT_BY_INIT_PRIORITY(.fini_array.*) SORT_BY_INIT_PRIORITY(.dtors.*))
 *(.fini_array EXCLUDE_FILE(*crtend?.o *crtend.o *crtbegin?.o *crtbegin.o) .dtors)
                [!provide]                        PROVIDE (__fini_array_end = .)

.ctors
 *crtbegin.o(.ctors)
 *crtbegin?.o(.ctors)
 *(EXCLUDE_FILE(*crtend?.o *crtend.o) .ctors)
 *(SORT_BY_NAME(.ctors.*))
 *(.ctors)

.dtors
 *crtbegin.o(.dtors)
 *crtbegin?.o(.dtors)
 *(EXCLUDE_FILE(*crtend?.o *crtend.o) .dtors)
 *(SORT_BY_NAME(.dtors.*))
 *(.dtors)

.jcr
 *(.jcr)

.data.rel.ro
 *(.data.rel.ro.local* .gnu.linkonce.d.rel.ro.local.*)
 *(.data.rel.ro .data.rel.ro.* .gnu.linkonce.d.rel.ro.*)
                0x0000000002000000                . = DATA_SEGMENT_RELRO_END (., 0x0)

.data           0x0000000002000000    0x20678 load address 0x0000000002000018
                0x0000000002000000                _fdata = .
 *(.data .data.* .gnu.linkonce.d.*)
 .data          0x0000000002000000        0x0 build/us_n64/bin/segment2.o
 .data.seg2_painting_mesh_neighbor_tris
                0x0000000002000000      0x76a build/us_n64/bin/segment2.o
                0x0000000002000000                seg2_painting_mesh_neighbor_tris
 *fill*         0x000000000200076a        0x2 
 .data.seg2_painting_triangle_mesh
                0x000000000200076c      0x9e2 build/us_n64/bin/segment2.o
                0x000000000200076c                seg2_painting_triangle_mesh
 *fill*         0x000000000200114e        0x2 
 .data.dl_paintings_draw_ripples
                0x0000000002001150       0x20 build/us_n64/bin/segment2.o
                0x0000000002001150                dl_paintings_draw_ripples
 .data.dl_paintings_env_mapped_end
                0x0000000002001170       0x28 build/us_n64/bin/segment2.o
                0x0000000002001170                dl_paintings_env_mapped_end
 .data.dl_paintings_env_mapped_begin
                0x0000000002001198       0x48 build/us_n64/bin/segment2.o
                0x0000000002001198                dl_paintings_env_mapped_begin
 .data.dl_paintings_rippling_end
                0x00000000020011e0       0x20 build/us_n64/bin/segment2.o
                0x00000000020011e0                dl_paintings_rippling_end
 .data.dl_paintings_rippling_begin
                0x0000000002001200       0x48 build/us_n64/bin/segment2.o
                0x0000000002001200                dl_paintings_rippling_begin
 .data.dl_ia8_up_arrow_end
                0x0000000002001248       0x20 build/us_n64/bin/segment2.o
                0x0000000002001248                dl_ia8_up_arrow_end
 .data.dl_ia8_up_arrow_load_texture_block
                0x0000000002001268       0x58 build/us_n64/bin/segment2.o
                0x0000000002001268                dl_ia8_up_arrow_load_texture_block
 .data.dl_rgba16_unused
                0x00000000020012c0       0x30 build/us_n64/bin/segment2.o
                0x00000000020012c0                dl_rgba16_unused
 .data.dl_ia8_up_arrow_begin
                0x00000000020012f0       0x38 build/us_n64/bin/segment2.o
                0x00000000020012f0                dl_ia8_up_arrow_begin
 .data.texture_ia8_up_arrow
                0x0000000002001328       0x40 build/us_n64/bin/segment2.o
 .data.dl_waterbox_end
                0x0000000002001368       0x28 build/us_n64/bin/segment2.o
                0x0000000002001368                dl_waterbox_end
 .data.dl_waterbox_ia16_begin
                0x0000000002001390       0x40 build/us_n64/bin/segment2.o
                0x0000000002001390                dl_waterbox_ia16_begin
 .data.dl_waterbox_rgba16_begin
                0x00000000020013d0       0x40 build/us_n64/bin/segment2.o
                0x00000000020013d0                dl_waterbox_rgba16_begin
 .data.dl_skybox_end
                0x0000000002001410       0x28 build/us_n64/bin/segment2.o
                0x0000000002001410                dl_skybox_end
 .data.dl_skybox_tile_tex_settings
                0x0000000002001438       0x30 build/us_n64/bin/segment2.o
                0x0000000002001438                dl_skybox_tile_tex_settings
 .data.dl_skybox_begin
                0x0000000002001468       0x30 build/us_n64/bin/segment2.o
                0x0000000002001468                dl_skybox_begin
 .data.dl_transition_draw_filled_region
                0x0000000002001498       0x28 build/us_n64/bin/segment2.o
                0x0000000002001498                dl_transition_draw_filled_region
 .data.dl_screen_transition_end
                0x00000000020014c0       0x28 build/us_n64/bin/segment2.o
                0x00000000020014c0                dl_screen_transition_end
 .data.dl_proj_mtx_fullscreen
                0x00000000020014e8       0x38 build/us_n64/bin/segment2.o
                0x00000000020014e8                dl_proj_mtx_fullscreen
 .data.dl_shadow_end
                0x0000000002001520       0x38 build/us_n64/bin/segment2.o
                0x0000000002001520                dl_shadow_end
 .data.vertex_shadow
                0x0000000002001558       0x40 build/us_n64/bin/segment2.o
 .data.dl_shadow_square
                0x0000000002001598       0x48 build/us_n64/bin/segment2.o
                0x0000000002001598                dl_shadow_square
 .data.dl_shadow_circle
                0x00000000020015e0       0x48 build/us_n64/bin/segment2.o
                0x00000000020015e0                dl_shadow_circle
 .data.dl_shadow_begin
                0x0000000002001628       0x28 build/us_n64/bin/segment2.o
                0x0000000002001628                dl_shadow_begin
 .data.dl_draw_quad_verts_4567
                0x0000000002001650       0x10 build/us_n64/bin/segment2.o
                0x0000000002001650                dl_draw_quad_verts_4567
 .data.dl_draw_quad_verts_0123
                0x0000000002001660       0x10 build/us_n64/bin/segment2.o
                0x0000000002001660                dl_draw_quad_verts_0123
 .data.matrix_fullscreen
                0x0000000002001670       0x40 build/us_n64/bin/segment2.o
 .data.matrix_identity
                0x00000000020016b0       0x40 build/us_n64/bin/segment2.o
 .data.texture_waterbox_lava
                0x00000000020016f0      0x800 build/us_n64/bin/segment2.o
                0x00000000020016f0                texture_waterbox_lava
 .data.texture_waterbox_mist
                0x0000000002001ef0      0x800 build/us_n64/bin/segment2.o
                0x0000000002001ef0                texture_waterbox_mist
 .data.texture_waterbox_unknown_water
                0x00000000020026f0      0x800 build/us_n64/bin/segment2.o
                0x00000000020026f0                texture_waterbox_unknown_water
 .data.texture_waterbox_jrb_water
                0x0000000002002ef0      0x800 build/us_n64/bin/segment2.o
                0x0000000002002ef0                texture_waterbox_jrb_water
 .data.texture_waterbox_water
                0x00000000020036f0      0x800 build/us_n64/bin/segment2.o
                0x00000000020036f0                texture_waterbox_water
 .data.texture_transition_bowser_half
                0x0000000002003ef0      0x800 build/us_n64/bin/segment2.o
                0x0000000002003ef0                texture_transition_bowser_half
 .data.texture_transition_mario
                0x00000000020046f0     0x1000 build/us_n64/bin/segment2.o
                0x00000000020046f0                texture_transition_mario
 .data.texture_transition_circle_half
                0x00000000020056f0      0x800 build/us_n64/bin/segment2.o
                0x00000000020056f0                texture_transition_circle_half
 .data.texture_transition_star_half
                0x0000000002005ef0      0x800 build/us_n64/bin/segment2.o
                0x0000000002005ef0                texture_transition_star_half
 .data.texture_shadow_quarter_square_64
                0x00000000020066f0     0x1000 build/us_n64/bin/segment2.o
 .data.texture_shadow_quarter_circle_64
                0x00000000020076f0     0x1000 build/us_n64/bin/segment2.o
 .data.dl_billboard_num_F
                0x00000000020086f0       0x30 build/us_n64/bin/segment2.o
                0x00000000020086f0                dl_billboard_num_F
 .data.dl_billboard_num_E
                0x0000000002008720       0x30 build/us_n64/bin/segment2.o
                0x0000000002008720                dl_billboard_num_E
 .data.dl_billboard_num_D
                0x0000000002008750       0x30 build/us_n64/bin/segment2.o
                0x0000000002008750                dl_billboard_num_D
 .data.dl_billboard_num_C
                0x0000000002008780       0x30 build/us_n64/bin/segment2.o
                0x0000000002008780                dl_billboard_num_C
 .data.dl_billboard_num_B
                0x00000000020087b0       0x30 build/us_n64/bin/segment2.o
                0x00000000020087b0                dl_billboard_num_B
 .data.dl_billboard_num_A
                0x00000000020087e0       0x30 build/us_n64/bin/segment2.o
                0x00000000020087e0                dl_billboard_num_A
 .data.dl_billboard_num_9
                0x0000000002008810       0x30 build/us_n64/bin/segment2.o
                0x0000000002008810                dl_billboard_num_9
 .data.dl_billboard_num_8
                0x0000000002008840       0x30 build/us_n64/bin/segment2.o
                0x0000000002008840                dl_billboard_num_8
 .data.dl_billboard_num_7
                0x0000000002008870       0x30 build/us_n64/bin/segment2.o
                0x0000000002008870                dl_billboard_num_7
 .data.dl_billboard_num_6
                0x00000000020088a0       0x30 build/us_n64/bin/segment2.o
                0x00000000020088a0                dl_billboard_num_6
 .data.dl_billboard_num_5
                0x00000000020088d0       0x30 build/us_n64/bin/segment2.o
                0x00000000020088d0                dl_billboard_num_5
 .data.dl_billboard_num_4
                0x0000000002008900       0x30 build/us_n64/bin/segment2.o
                0x0000000002008900                dl_billboard_num_4
 .data.dl_billboard_num_3
                0x0000000002008930       0x30 build/us_n64/bin/segment2.o
                0x0000000002008930                dl_billboard_num_3
 .data.dl_billboard_num_2
                0x0000000002008960       0x30 build/us_n64/bin/segment2.o
                0x0000000002008960                dl_billboard_num_2
 .data.dl_billboard_num_1
                0x0000000002008990       0x30 build/us_n64/bin/segment2.o
                0x0000000002008990                dl_billboard_num_1
 .data.dl_billboard_num_0
                0x00000000020089c0       0x30 build/us_n64/bin/segment2.o
                0x00000000020089c0                dl_billboard_num_0
 .data.dl_billboard_num_end
                0x00000000020089f0       0x40 build/us_n64/bin/segment2.o
                0x00000000020089f0                dl_billboard_num_end
 .data.dl_billboard_num_begin
                0x0000000002008a30       0x50 build/us_n64/bin/segment2.o
                0x0000000002008a30                dl_billboard_num_begin
 .data.vertex_billboard_num
                0x0000000002008a80       0x40 build/us_n64/bin/segment2.o
 .data.dl_draw_triangle
                0x0000000002008ac0       0x58 build/us_n64/bin/segment2.o
                0x0000000002008ac0                dl_draw_triangle
 .data.vertex_triangle
                0x0000000002008b18       0x30 build/us_n64/bin/segment2.o
 .data.dl_ia_text_end
                0x0000000002008b48       0x40 build/us_n64/bin/segment2.o
                0x0000000002008b48                dl_ia_text_end
 .data.dl_ia_text_tex_settings
                0x0000000002008b88       0x40 build/us_n64/bin/segment2.o
                0x0000000002008b88                dl_ia_text_tex_settings
 .data.dl_ia_text_begin
                0x0000000002008bc8       0x40 build/us_n64/bin/segment2.o
                0x0000000002008bc8                dl_ia_text_begin
 .data.vertex_ia8_char
                0x0000000002008c08       0x40 build/us_n64/bin/segment2.o
 .data.dl_draw_text_bg_box
                0x0000000002008c48       0x38 build/us_n64/bin/segment2.o
                0x0000000002008c48                dl_draw_text_bg_box
 .data.vertex_text_bg_box
                0x0000000002008c80       0x40 build/us_n64/bin/segment2.o
 .data.dl_shade_screen_end
                0x0000000002008cc0       0x28 build/us_n64/bin/segment2.o
                0x0000000002008cc0                dl_shade_screen_end
 .data.dl_shade_screen_begin
                0x0000000002008ce8       0x30 build/us_n64/bin/segment2.o
                0x0000000002008ce8                dl_shade_screen_begin
 .data.dl_rgba16_text_end
                0x0000000002008d18       0x40 build/us_n64/bin/segment2.o
                0x0000000002008d18                dl_rgba16_text_end
 .data.dl_rgba16_load_tex_block
                0x0000000002008d58       0x30 build/us_n64/bin/segment2.o
                0x0000000002008d58                dl_rgba16_load_tex_block
 .data.dl_rgba16_text_begin
                0x0000000002008d88       0x38 build/us_n64/bin/segment2.o
                0x0000000002008d88                dl_rgba16_text_begin
 .data.dl_hud_img_end
                0x0000000002008dc0       0x38 build/us_n64/bin/segment2.o
                0x0000000002008dc0                dl_hud_img_end
 .data.dl_hud_img_load_tex_block
                0x0000000002008df8       0x30 build/us_n64/bin/segment2.o
                0x0000000002008df8                dl_hud_img_load_tex_block
 .data.dl_hud_img_begin
                0x0000000002008e28       0x40 build/us_n64/bin/segment2.o
                0x0000000002008e28                dl_hud_img_begin
 .data.seg2_act_name_table
                0x0000000002008e68      0x188 build/us_n64/bin/segment2.o
                0x0000000002008e68                seg2_act_name_table
 .data.extra_text_6
                0x0000000002008ff0        0x1 build/us_n64/bin/segment2.o
 *fill*         0x0000000002008ff1        0x3 
 .data.extra_text_5
                0x0000000002008ff4        0x1 build/us_n64/bin/segment2.o
 *fill*         0x0000000002008ff5        0x3 
 .data.extra_text_4
                0x0000000002008ff8        0x1 build/us_n64/bin/segment2.o
 *fill*         0x0000000002008ff9        0x3 
 .data.extra_text_3
                0x0000000002008ffc        0x1 build/us_n64/bin/segment2.o
 *fill*         0x0000000002008ffd        0x3 
 .data.extra_text_2
                0x0000000002009000        0x1 build/us_n64/bin/segment2.o
 *fill*         0x0000000002009001        0x3 
 .data.extra_text_1
                0x0000000002009004        0x1 build/us_n64/bin/segment2.o
 *fill*         0x0000000002009005        0x3 
 .data.extra_text_0
                0x0000000002009008       0x22 build/us_n64/bin/segment2.o
 *fill*         0x000000000200902a        0x2 
 .data.act_name_COURSE_RR_6
                0x000000000200902c       0x1b build/us_n64/bin/segment2.o
 *fill*         0x0000000002009047        0x1 
 .data.act_name_COURSE_RR_5
                0x0000000002009048       0x12 build/us_n64/bin/segment2.o
 *fill*         0x000000000200905a        0x2 
 .data.act_name_COURSE_RR_4
                0x000000000200905c       0x17 build/us_n64/bin/segment2.o
 *fill*         0x0000000002009073        0x1 
 .data.act_name_COURSE_RR_3
                0x0000000002009074       0x18 build/us_n64/bin/segment2.o
 .data.act_name_COURSE_RR_2
                0x000000000200908c       0x19 build/us_n64/bin/segment2.o
 *fill*         0x00000000020090a5        0x3 
 .data.act_name_COURSE_RR_1
                0x00000000020090a8       0x1d build/us_n64/bin/segment2.o
 *fill*         0x00000000020090c5        0x3 
 .data.act_name_COURSE_TTC_6
                0x00000000020090c8       0x18 build/us_n64/bin/segment2.o
 .data.act_name_COURSE_TTC_5
                0x00000000020090e0       0x1b build/us_n64/bin/segment2.o
 *fill*         0x00000000020090fb        0x1 
 .data.act_name_COURSE_TTC_4
                0x00000000020090fc       0x14 build/us_n64/bin/segment2.o
 .data.act_name_COURSE_TTC_3
                0x0000000002009110        0xb build/us_n64/bin/segment2.o
 *fill*         0x000000000200911b        0x1 
 .data.act_name_COURSE_TTC_2
                0x000000000200911c       0x1a build/us_n64/bin/segment2.o
 *fill*         0x0000000002009136        0x2 
 .data.act_name_COURSE_TTC_1
                0x0000000002009138       0x13 build/us_n64/bin/segment2.o
 *fill*         0x000000000200914b        0x1 
 .data.act_name_COURSE_THI_6
                0x000000000200914c       0x14 build/us_n64/bin/segment2.o
 .data.act_name_COURSE_THI_5
                0x0000000002009160       0x14 build/us_n64/bin/segment2.o
 .data.act_name_COURSE_THI_4
                0x0000000002009174       0x18 build/us_n64/bin/segment2.o
 .data.act_name_COURSE_THI_3
                0x000000000200918c       0x1d build/us_n64/bin/segment2.o
 *fill*         0x00000000020091a9        0x3 
 .data.act_name_COURSE_THI_2
                0x00000000020091ac       0x1f build/us_n64/bin/segment2.o
 *fill*         0x00000000020091cb        0x1 
 .data.act_name_COURSE_THI_1
                0x00000000020091cc       0x19 build/us_n64/bin/segment2.o
 *fill*         0x00000000020091e5        0x3 
 .data.act_name_COURSE_TTM_6
                0x00000000020091e8       0x1d build/us_n64/bin/segment2.o
 *fill*         0x0000000002009205        0x3 
 .data.act_name_COURSE_TTM_5
                0x0000000002009208       0x1e build/us_n64/bin/segment2.o
 *fill*         0x0000000002009226        0x2 
 .data.act_name_COURSE_TTM_4
                0x0000000002009228       0x18 build/us_n64/bin/segment2.o
 .data.act_name_COURSE_TTM_3
                0x0000000002009240       0x1a build/us_n64/bin/segment2.o
 *fill*         0x000000000200925a        0x2 
 .data.act_name_COURSE_TTM_2
                0x000000000200925c       0x1b build/us_n64/bin/segment2.o
 *fill*         0x0000000002009277        0x1 
 .data.act_name_COURSE_TTM_1
                0x0000000002009278       0x13 build/us_n64/bin/segment2.o
 *fill*         0x000000000200928b        0x1 
 .data.act_name_COURSE_WDW_6
                0x000000000200928c       0x1d build/us_n64/bin/segment2.o
 *fill*         0x00000000020092a9        0x3 
 .data.act_name_COURSE_WDW_5
                0x00000000020092ac       0x19 build/us_n64/bin/segment2.o
 *fill*         0x00000000020092c5        0x3 
 .data.act_name_COURSE_WDW_4
                0x00000000020092c8       0x1c build/us_n64/bin/segment2.o
 .data.act_name_COURSE_WDW_3
                0x00000000020092e4       0x1e build/us_n64/bin/segment2.o
 *fill*         0x0000000002009302        0x2 
 .data.act_name_COURSE_WDW_2
                0x0000000002009304       0x10 build/us_n64/bin/segment2.o
 .data.act_name_COURSE_WDW_1
                0x0000000002009314       0x16 build/us_n64/bin/segment2.o
 *fill*         0x000000000200932a        0x2 
 .data.act_name_COURSE_SL_6
                0x000000000200932c        0xf build/us_n64/bin/segment2.o
 *fill*         0x000000000200933b        0x1 
 .data.act_name_COURSE_SL_5
                0x000000000200933c       0x1e build/us_n64/bin/segment2.o
 *fill*         0x000000000200935a        0x2 
 .data.act_name_COURSE_SL_4
                0x000000000200935c       0x1d build/us_n64/bin/segment2.o
 *fill*         0x0000000002009379        0x3 
 .data.act_name_COURSE_SL_3
                0x000000000200937c       0x13 build/us_n64/bin/segment2.o
 *fill*         0x000000000200938f        0x1 
 .data.act_name_COURSE_SL_2
                0x0000000002009390       0x15 build/us_n64/bin/segment2.o
 *fill*         0x00000000020093a5        0x3 
 .data.act_name_COURSE_SL_1
                0x00000000020093a8       0x13 build/us_n64/bin/segment2.o
 *fill*         0x00000000020093bb        0x1 
 .data.act_name_COURSE_DDD_6
                0x00000000020093bc       0x14 build/us_n64/bin/segment2.o
 .data.act_name_COURSE_DDD_5
                0x00000000020093d0       0x17 build/us_n64/bin/segment2.o
 *fill*         0x00000000020093e7        0x1 
 .data.act_name_COURSE_DDD_4
                0x00000000020093e8       0x17 build/us_n64/bin/segment2.o
 *fill*         0x00000000020093ff        0x1 
 .data.act_name_COURSE_DDD_3
                0x0000000002009400       0x1b build/us_n64/bin/segment2.o
 *fill*         0x000000000200941b        0x1 
 .data.act_name_COURSE_DDD_2
                0x000000000200941c       0x16 build/us_n64/bin/segment2.o
 *fill*         0x0000000002009432        0x2 
 .data.act_name_COURSE_DDD_1
                0x0000000002009434       0x13 build/us_n64/bin/segment2.o
 *fill*         0x0000000002009447        0x1 
 .data.act_name_COURSE_SSL_6
                0x0000000002009448        0xf build/us_n64/bin/segment2.o
 *fill*         0x0000000002009457        0x1 
 .data.act_name_COURSE_SSL_5
                0x0000000002009458       0x1c build/us_n64/bin/segment2.o
 .data.act_name_COURSE_SSL_4
                0x0000000002009474       0x1f build/us_n64/bin/segment2.o
 *fill*         0x0000000002009493        0x1 
 .data.act_name_COURSE_SSL_3
                0x0000000002009494       0x1b build/us_n64/bin/segment2.o
 *fill*         0x00000000020094af        0x1 
 .data.act_name_COURSE_SSL_2
                0x00000000020094b0       0x19 build/us_n64/bin/segment2.o
 *fill*         0x00000000020094c9        0x3 
 .data.act_name_COURSE_SSL_1
                0x00000000020094cc       0x1e build/us_n64/bin/segment2.o
 *fill*         0x00000000020094ea        0x2 
 .data.act_name_COURSE_LLL_6
                0x00000000020094ec       0x1d build/us_n64/bin/segment2.o
 *fill*         0x0000000002009509        0x3 
 .data.act_name_COURSE_LLL_5
                0x000000000200950c       0x1d build/us_n64/bin/segment2.o
 *fill*         0x0000000002009529        0x3 
 .data.act_name_COURSE_LLL_4
                0x000000000200952c       0x14 build/us_n64/bin/segment2.o
 .data.act_name_COURSE_LLL_3
                0x0000000002009540       0x1d build/us_n64/bin/segment2.o
 *fill*         0x000000000200955d        0x3 
 .data.act_name_COURSE_LLL_2
                0x0000000002009560       0x12 build/us_n64/bin/segment2.o
 *fill*         0x0000000002009572        0x2 
 .data.act_name_COURSE_LLL_1
                0x0000000002009574       0x13 build/us_n64/bin/segment2.o
 *fill*         0x0000000002009587        0x1 
 .data.act_name_COURSE_HMC_6
                0x0000000002009588       0x18 build/us_n64/bin/segment2.o
 .data.act_name_COURSE_HMC_5
                0x00000000020095a0       0x1a build/us_n64/bin/segment2.o
 *fill*         0x00000000020095ba        0x2 
 .data.act_name_COURSE_HMC_4
                0x00000000020095bc       0x1a build/us_n64/bin/segment2.o
 *fill*         0x00000000020095d6        0x2 
 .data.act_name_COURSE_HMC_3
                0x00000000020095d8       0x1b build/us_n64/bin/segment2.o
 *fill*         0x00000000020095f3        0x1 
 .data.act_name_COURSE_HMC_2
                0x00000000020095f4       0x18 build/us_n64/bin/segment2.o
 .data.act_name_COURSE_HMC_1
                0x000000000200960c       0x1d build/us_n64/bin/segment2.o
 *fill*         0x0000000002009629        0x3 
 .data.act_name_COURSE_BBH_6
                0x000000000200962c        0xa build/us_n64/bin/segment2.o
 *fill*         0x0000000002009636        0x2 
 .data.act_name_COURSE_BBH_5
                0x0000000002009638       0x15 build/us_n64/bin/segment2.o
 *fill*         0x000000000200964d        0x3 
 .data.act_name_COURSE_BBH_4
                0x0000000002009650        0xc build/us_n64/bin/segment2.o
 .data.act_name_COURSE_BBH_3
                0x000000000200965c       0x1b build/us_n64/bin/segment2.o
 *fill*         0x0000000002009677        0x1 
 .data.act_name_COURSE_BBH_2
                0x0000000002009678       0x11 build/us_n64/bin/segment2.o
 *fill*         0x0000000002009689        0x3 
 .data.act_name_COURSE_BBH_1
                0x000000000200968c       0x13 build/us_n64/bin/segment2.o
 *fill*         0x000000000200969f        0x1 
 .data.act_name_COURSE_CCM_6
                0x00000000020096a0        0x4 build/us_n64/bin/segment2.o
 .data.act_name_COURSE_CCM_5
                0x00000000020096a4        0x4 build/us_n64/bin/segment2.o
 .data.act_name_COURSE_CCM_4
                0x00000000020096a8        0x4 build/us_n64/bin/segment2.o
 .data.act_name_COURSE_CCM_3
                0x00000000020096ac        0x4 build/us_n64/bin/segment2.o
 .data.act_name_COURSE_CCM_2
                0x00000000020096b0        0x4 build/us_n64/bin/segment2.o
 .data.act_name_COURSE_CCM_1
                0x00000000020096b4        0x4 build/us_n64/bin/segment2.o
 .data.act_name_COURSE_JRB_6
                0x00000000020096b8        0xa build/us_n64/bin/segment2.o
 *fill*         0x00000000020096c2        0x2 
 .data.act_name_COURSE_JRB_5
                0x00000000020096c4       0x13 build/us_n64/bin/segment2.o
 *fill*         0x00000000020096d7        0x1 
 .data.act_name_COURSE_JRB_4
                0x00000000020096d8        0xf build/us_n64/bin/segment2.o
 *fill*         0x00000000020096e7        0x1 
 .data.act_name_COURSE_JRB_3
                0x00000000020096e8        0xd build/us_n64/bin/segment2.o
 *fill*         0x00000000020096f5        0x3 
 .data.act_name_COURSE_JRB_2
                0x00000000020096f8       0x12 build/us_n64/bin/segment2.o
 *fill*         0x000000000200970a        0x2 
 .data.act_name_COURSE_JRB_1
                0x000000000200970c        0xf build/us_n64/bin/segment2.o
 *fill*         0x000000000200971b        0x1 
 .data.act_name_COURSE_WF_6
                0x000000000200971c        0xa build/us_n64/bin/segment2.o
 *fill*         0x0000000002009726        0x2 
 .data.act_name_COURSE_WF_5
                0x0000000002009728        0xe build/us_n64/bin/segment2.o
 *fill*         0x0000000002009736        0x2 
 .data.act_name_COURSE_WF_4
                0x0000000002009738        0xc build/us_n64/bin/segment2.o
 .data.act_name_COURSE_WF_3
                0x0000000002009744       0x13 build/us_n64/bin/segment2.o
 *fill*         0x0000000002009757        0x1 
 .data.act_name_COURSE_WF_2
                0x0000000002009758        0xf build/us_n64/bin/segment2.o
 *fill*         0x0000000002009767        0x1 
 .data.act_name_COURSE_WF_1
                0x0000000002009768        0xf build/us_n64/bin/segment2.o
 *fill*         0x0000000002009777        0x1 
 .data.act_name_COURSE_BOB_6
                0x0000000002009778        0x4 build/us_n64/bin/segment2.o
 .data.act_name_COURSE_BOB_5
                0x000000000200977c        0x4 build/us_n64/bin/segment2.o
 .data.act_name_COURSE_BOB_4
                0x0000000002009780        0x4 build/us_n64/bin/segment2.o
 .data.act_name_COURSE_BOB_3
                0x0000000002009784        0x4 build/us_n64/bin/segment2.o
 .data.act_name_COURSE_BOB_2
                0x0000000002009788        0x4 build/us_n64/bin/segment2.o
 .data.act_name_COURSE_BOB_1
                0x000000000200978c        0x4 build/us_n64/bin/segment2.o
 .data.seg2_course_name_table
                0x0000000002009790       0x6c build/us_n64/bin/segment2.o
                0x0000000002009790                seg2_course_name_table
 .data.seg2_course_name_table_castle_secret_stars
                0x00000000020097fc       0x17 build/us_n64/bin/segment2.o
 *fill*         0x0000000002009813        0x1 
 .data.seg2_course_name_table_COURSE_CAKE_END
                0x0000000002009814        0x1 build/us_n64/bin/segment2.o
 *fill*         0x0000000002009815        0x3 
 .data.seg2_course_name_table_COURSE_SA
                0x0000000002009818       0x17 build/us_n64/bin/segment2.o
 *fill*         0x000000000200982f        0x1 
 .data.seg2_course_name_table_COURSE_WMOTR
                0x0000000002009830       0x1f build/us_n64/bin/segment2.o
 *fill*         0x000000000200984f        0x1 
 .data.seg2_course_name_table_COURSE_VCUTM
                0x0000000002009850       0x1d build/us_n64/bin/segment2.o
 *fill*         0x000000000200986d        0x3 
 .data.seg2_course_name_table_COURSE_TOTWC
                0x0000000002009870       0x19 build/us_n64/bin/segment2.o
 *fill*         0x0000000002009889        0x3 
 .data.seg2_course_name_table_COURSE_COTMC
                0x000000000200988c       0x1b build/us_n64/bin/segment2.o
 *fill*         0x00000000020098a7        0x1 
 .data.seg2_course_name_table_COURSE_PSS
                0x00000000020098a8       0x1f build/us_n64/bin/segment2.o
 *fill*         0x00000000020098c7        0x1 
 .data.seg2_course_name_table_COURSE_BITS
                0x00000000020098c8       0x15 build/us_n64/bin/segment2.o
 *fill*         0x00000000020098dd        0x3 
 .data.seg2_course_name_table_COURSE_BITFS
                0x00000000020098e0       0x1a build/us_n64/bin/segment2.o
 *fill*         0x00000000020098fa        0x2 
 .data.seg2_course_name_table_COURSE_BITDW
                0x00000000020098fc       0x1c build/us_n64/bin/segment2.o
 .data.seg2_course_name_table_COURSE_RR
                0x0000000002009918       0x10 build/us_n64/bin/segment2.o
 .data.seg2_course_name_table_COURSE_TTC
                0x0000000002009928       0x13 build/us_n64/bin/segment2.o
 *fill*         0x000000000200993b        0x1 
 .data.seg2_course_name_table_COURSE_THI
                0x000000000200993c       0x14 build/us_n64/bin/segment2.o
 .data.seg2_course_name_table_COURSE_TTM
                0x0000000002009950       0x17 build/us_n64/bin/segment2.o
 *fill*         0x0000000002009967        0x1 
 .data.seg2_course_name_table_COURSE_WDW
                0x0000000002009968       0x11 build/us_n64/bin/segment2.o
 *fill*         0x0000000002009979        0x3 
 .data.seg2_course_name_table_COURSE_SL
                0x000000000200997c       0x12 build/us_n64/bin/segment2.o
 *fill*         0x000000000200998e        0x2 
 .data.seg2_course_name_table_COURSE_DDD
                0x0000000002009990       0x14 build/us_n64/bin/segment2.o
 .data.seg2_course_name_table_COURSE_SSL
                0x00000000020099a4       0x16 build/us_n64/bin/segment2.o
 *fill*         0x00000000020099ba        0x2 
 .data.seg2_course_name_table_COURSE_LLL
                0x00000000020099bc       0x14 build/us_n64/bin/segment2.o
 .data.seg2_course_name_table_COURSE_HMC
                0x00000000020099d0       0x12 build/us_n64/bin/segment2.o
 *fill*         0x00000000020099e2        0x2 
 .data.seg2_course_name_table_COURSE_BBH
                0x00000000020099e4       0x15 build/us_n64/bin/segment2.o
 *fill*         0x00000000020099f9        0x3 
 .data.seg2_course_name_table_COURSE_CCM
                0x00000000020099fc       0x17 build/us_n64/bin/segment2.o
 *fill*         0x0000000002009a13        0x1 
 .data.seg2_course_name_table_COURSE_JRB
                0x0000000002009a14       0x10 build/us_n64/bin/segment2.o
 .data.seg2_course_name_table_COURSE_WF
                0x0000000002009a24       0x14 build/us_n64/bin/segment2.o
 .data.seg2_course_name_table_COURSE_BOB
                0x0000000002009a38       0x10 build/us_n64/bin/segment2.o
 .data.seg2_dialog_table
                0x0000000002009a48      0x2ac build/us_n64/bin/segment2.o
                0x0000000002009a48                seg2_dialog_table
 .data.dialog_entry_DIALOG_169
                0x0000000002009cf4       0x10 build/us_n64/bin/segment2.o
 .data.dialog_entry_DIALOG_168
                0x0000000002009d04       0x10 build/us_n64/bin/segment2.o
 .data.dialog_entry_DIALOG_167
                0x0000000002009d14       0x10 build/us_n64/bin/segment2.o
 .data.dialog_entry_DIALOG_166
                0x0000000002009d24       0x10 build/us_n64/bin/segment2.o
 .data.dialog_entry_DIALOG_165
                0x0000000002009d34       0x10 build/us_n64/bin/segment2.o
 .data.dialog_entry_DIALOG_164
                0x0000000002009d44       0x10 build/us_n64/bin/segment2.o
 .data.dialog_entry_DIALOG_163
                0x0000000002009d54       0x10 build/us_n64/bin/segment2.o
 .data.dialog_entry_DIALOG_162
                0x0000000002009d64       0x10 build/us_n64/bin/segment2.o
 .data.dialog_entry_DIALOG_161
                0x0000000002009d74       0x10 build/us_n64/bin/segment2.o
 .data.dialog_entry_DIALOG_160
                0x0000000002009d84       0x10 build/us_n64/bin/segment2.o
 .data.dialog_entry_DIALOG_159
                0x0000000002009d94       0x10 build/us_n64/bin/segment2.o
 .data.dialog_entry_DIALOG_158
                0x0000000002009da4       0x10 build/us_n64/bin/segment2.o
 .data.dialog_entry_DIALOG_157
                0x0000000002009db4       0x10 build/us_n64/bin/segment2.o
 .data.dialog_entry_DIALOG_156
                0x0000000002009dc4       0x10 build/us_n64/bin/segment2.o
 .data.dialog_entry_DIALOG_155
                0x0000000002009dd4       0x10 build/us_n64/bin/segment2.o
 .data.dialog_entry_DIALOG_154
                0x0000000002009de4       0x10 build/us_n64/bin/segment2.o
 .data.dialog_entry_DIALOG_153
                0x0000000002009df4       0x10 build/us_n64/bin/segment2.o
 .data.dialog_entry_DIALOG_152
                0x0000000002009e04       0x10 build/us_n64/bin/segment2.o
 .data.dialog_entry_DIALOG_151
                0x0000000002009e14       0x10 build/us_n64/bin/segment2.o
 .data.dialog_entry_DIALOG_150
                0x0000000002009e24       0x10 build/us_n64/bin/segment2.o
 .data.dialog_entry_DIALOG_149
                0x0000000002009e34       0x10 build/us_n64/bin/segment2.o
 .data.dialog_entry_DIALOG_148
                0x0000000002009e44       0x10 build/us_n64/bin/segment2.o
 .data.dialog_entry_DIALOG_147
                0x0000000002009e54       0x10 build/us_n64/bin/segment2.o
 .data.dialog_entry_DIALOG_146
                0x0000000002009e64       0x10 build/us_n64/bin/segment2.o
 .data.dialog_entry_DIALOG_145
                0x0000000002009e74       0x10 build/us_n64/bin/segment2.o
 .data.dialog_entry_DIALOG_144
                0x0000000002009e84       0x10 build/us_n64/bin/segment2.o
 .data.dialog_entry_DIALOG_143
                0x0000000002009e94       0x10 build/us_n64/bin/segment2.o
 .data.dialog_entry_DIALOG_142
                0x0000000002009ea4       0x10 build/us_n64/bin/segment2.o
 .data.dialog_entry_DIALOG_141
                0x0000000002009eb4       0x10 build/us_n64/bin/segment2.o
 .data.dialog_entry_DIALOG_140
                0x0000000002009ec4       0x10 build/us_n64/bin/segment2.o
 .data.dialog_entry_DIALOG_139
                0x0000000002009ed4       0x10 build/us_n64/bin/segment2.o
 .data.dialog_entry_DIALOG_138
                0x0000000002009ee4       0x10 build/us_n64/bin/segment2.o
 .data.dialog_entry_DIALOG_137
                0x0000000002009ef4       0x10 build/us_n64/bin/segment2.o
 .data.dialog_entry_DIALOG_136
                0x0000000002009f04       0x10 build/us_n64/bin/segment2.o
 .data.dialog_entry_DIALOG_135
                0x0000000002009f14       0x10 build/us_n64/bin/segment2.o
 .data.dialog_entry_DIALOG_134
                0x0000000002009f24       0x10 build/us_n64/bin/segment2.o
 .data.dialog_entry_DIALOG_133
                0x0000000002009f34       0x10 build/us_n64/bin/segment2.o
 .data.dialog_entry_DIALOG_132
                0x0000000002009f44       0x10 build/us_n64/bin/segment2.o
 .data.dialog_entry_DIALOG_131
                0x0000000002009f54       0x10 build/us_n64/bin/segment2.o
 .data.dialog_entry_DIALOG_130
                0x0000000002009f64       0x10 build/us_n64/bin/segment2.o
 .data.dialog_entry_DIALOG_129
                0x0000000002009f74       0x10 build/us_n64/bin/segment2.o
 .data.dialog_entry_DIALOG_128
                0x0000000002009f84       0x10 build/us_n64/bin/segment2.o
 .data.dialog_entry_DIALOG_127
                0x0000000002009f94       0x10 build/us_n64/bin/segment2.o
 .data.dialog_entry_DIALOG_126
                0x0000000002009fa4       0x10 build/us_n64/bin/segment2.o
 .data.dialog_entry_DIALOG_125
                0x0000000002009fb4       0x10 build/us_n64/bin/segment2.o
 .data.dialog_entry_DIALOG_124
                0x0000000002009fc4       0x10 build/us_n64/bin/segment2.o
 .data.dialog_entry_DIALOG_123
                0x0000000002009fd4       0x10 build/us_n64/bin/segment2.o
 .data.dialog_entry_DIALOG_122
                0x0000000002009fe4       0x10 build/us_n64/bin/segment2.o
 .data.dialog_entry_DIALOG_121
                0x0000000002009ff4       0x10 build/us_n64/bin/segment2.o
 .data.dialog_entry_DIALOG_120
                0x000000000200a004       0x10 build/us_n64/bin/segment2.o
 .data.dialog_entry_DIALOG_119
                0x000000000200a014       0x10 build/us_n64/bin/segment2.o
 .data.dialog_entry_DIALOG_118
                0x000000000200a024       0x10 build/us_n64/bin/segment2.o
 .data.dialog_entry_DIALOG_117
                0x000000000200a034       0x10 build/us_n64/bin/segment2.o
 .data.dialog_entry_DIALOG_116
                0x000000000200a044       0x10 build/us_n64/bin/segment2.o
 .data.dialog_entry_DIALOG_115
                0x000000000200a054       0x10 build/us_n64/bin/segment2.o
 .data.dialog_entry_DIALOG_114
                0x000000000200a064       0x10 build/us_n64/bin/segment2.o
 .data.dialog_entry_DIALOG_113
                0x000000000200a074       0x10 build/us_n64/bin/segment2.o
 .data.dialog_entry_DIALOG_112
                0x000000000200a084       0x10 build/us_n64/bin/segment2.o
 .data.dialog_entry_DIALOG_111
                0x000000000200a094       0x10 build/us_n64/bin/segment2.o
 .data.dialog_entry_DIALOG_110
                0x000000000200a0a4       0x10 build/us_n64/bin/segment2.o
 .data.dialog_entry_DIALOG_109
                0x000000000200a0b4       0x10 build/us_n64/bin/segment2.o
 .data.dialog_entry_DIALOG_108
                0x000000000200a0c4       0x10 build/us_n64/bin/segment2.o
 .data.dialog_entry_DIALOG_107
                0x000000000200a0d4       0x10 build/us_n64/bin/segment2.o
 .data.dialog_entry_DIALOG_106
                0x000000000200a0e4       0x10 build/us_n64/bin/segment2.o
 .data.dialog_entry_DIALOG_105
                0x000000000200a0f4       0x10 build/us_n64/bin/segment2.o
 .data.dialog_entry_DIALOG_104
                0x000000000200a104       0x10 build/us_n64/bin/segment2.o
 .data.dialog_entry_DIALOG_103
                0x000000000200a114       0x10 build/us_n64/bin/segment2.o
 .data.dialog_entry_DIALOG_102
                0x000000000200a124       0x10 build/us_n64/bin/segment2.o
 .data.dialog_entry_DIALOG_101
                0x000000000200a134       0x10 build/us_n64/bin/segment2.o
 .data.dialog_entry_DIALOG_100
                0x000000000200a144       0x10 build/us_n64/bin/segment2.o
 .data.dialog_entry_DIALOG_099
                0x000000000200a154       0x10 build/us_n64/bin/segment2.o
 .data.dialog_entry_DIALOG_098
                0x000000000200a164       0x10 build/us_n64/bin/segment2.o
 .data.dialog_entry_DIALOG_097
                0x000000000200a174       0x10 build/us_n64/bin/segment2.o
 .data.dialog_entry_DIALOG_096
                0x000000000200a184       0x10 build/us_n64/bin/segment2.o
 .data.dialog_entry_DIALOG_095
                0x000000000200a194       0x10 build/us_n64/bin/segment2.o
 .data.dialog_entry_DIALOG_094
                0x000000000200a1a4       0x10 build/us_n64/bin/segment2.o
 .data.dialog_entry_DIALOG_093
                0x000000000200a1b4       0x10 build/us_n64/bin/segment2.o
 .data.dialog_entry_DIALOG_092
                0x000000000200a1c4       0x10 build/us_n64/bin/segment2.o
 .data.dialog_entry_DIALOG_091
                0x000000000200a1d4       0x10 build/us_n64/bin/segment2.o
 .data.dialog_entry_DIALOG_090
                0x000000000200a1e4       0x10 build/us_n64/bin/segment2.o
 .data.dialog_entry_DIALOG_089
                0x000000000200a1f4       0x10 build/us_n64/bin/segment2.o
 .data.dialog_entry_DIALOG_088
                0x000000000200a204       0x10 build/us_n64/bin/segment2.o
 .data.dialog_entry_DIALOG_087
                0x000000000200a214       0x10 build/us_n64/bin/segment2.o
 .data.dialog_entry_DIALOG_086
                0x000000000200a224       0x10 build/us_n64/bin/segment2.o
 .data.dialog_entry_DIALOG_085
                0x000000000200a234       0x10 build/us_n64/bin/segment2.o
 .data.dialog_entry_DIALOG_084
                0x000000000200a244       0x10 build/us_n64/bin/segment2.o
 .data.dialog_entry_DIALOG_083
                0x000000000200a254       0x10 build/us_n64/bin/segment2.o
 .data.dialog_entry_DIALOG_082
                0x000000000200a264       0x10 build/us_n64/bin/segment2.o
 .data.dialog_entry_DIALOG_081
                0x000000000200a274       0x10 build/us_n64/bin/segment2.o
 .data.dialog_entry_DIALOG_080
                0x000000000200a284       0x10 build/us_n64/bin/segment2.o
 .data.dialog_entry_DIALOG_079
                0x000000000200a294       0x10 build/us_n64/bin/segment2.o
 .data.dialog_entry_DIALOG_078
                0x000000000200a2a4       0x10 build/us_n64/bin/segment2.o
 .data.dialog_entry_DIALOG_077
                0x000000000200a2b4       0x10 build/us_n64/bin/segment2.o
 .data.dialog_entry_DIALOG_076
                0x000000000200a2c4       0x10 build/us_n64/bin/segment2.o
 .data.dialog_entry_DIALOG_075
                0x000000000200a2d4       0x10 build/us_n64/bin/segment2.o
 .data.dialog_entry_DIALOG_074
                0x000000000200a2e4       0x10 build/us_n64/bin/segment2.o
 .data.dialog_entry_DIALOG_073
                0x000000000200a2f4       0x10 build/us_n64/bin/segment2.o
 .data.dialog_entry_DIALOG_072
                0x000000000200a304       0x10 build/us_n64/bin/segment2.o
 .data.dialog_entry_DIALOG_071
                0x000000000200a314       0x10 build/us_n64/bin/segment2.o
 .data.dialog_entry_DIALOG_070
                0x000000000200a324       0x10 build/us_n64/bin/segment2.o
 .data.dialog_entry_DIALOG_069
                0x000000000200a334       0x10 build/us_n64/bin/segment2.o
 .data.dialog_entry_DIALOG_068
                0x000000000200a344       0x10 build/us_n64/bin/segment2.o
 .data.dialog_entry_DIALOG_067
                0x000000000200a354       0x10 build/us_n64/bin/segment2.o
 .data.dialog_entry_DIALOG_066
                0x000000000200a364       0x10 build/us_n64/bin/segment2.o
 .data.dialog_entry_DIALOG_065
                0x000000000200a374       0x10 build/us_n64/bin/segment2.o
 .data.dialog_entry_DIALOG_064
                0x000000000200a384       0x10 build/us_n64/bin/segment2.o
 .data.dialog_entry_DIALOG_063
                0x000000000200a394       0x10 build/us_n64/bin/segment2.o
 .data.dialog_entry_DIALOG_062
                0x000000000200a3a4       0x10 build/us_n64/bin/segment2.o
 .data.dialog_entry_DIALOG_061
                0x000000000200a3b4       0x10 build/us_n64/bin/segment2.o
 .data.dialog_entry_DIALOG_060
                0x000000000200a3c4       0x10 build/us_n64/bin/segment2.o
 .data.dialog_entry_DIALOG_059
                0x000000000200a3d4       0x10 build/us_n64/bin/segment2.o
 .data.dialog_entry_DIALOG_058
                0x000000000200a3e4       0x10 build/us_n64/bin/segment2.o
 .data.dialog_entry_DIALOG_057
                0x000000000200a3f4       0x10 build/us_n64/bin/segment2.o
 .data.dialog_entry_DIALOG_056
                0x000000000200a404       0x10 build/us_n64/bin/segment2.o
 .data.dialog_entry_DIALOG_055
                0x000000000200a414       0x10 build/us_n64/bin/segment2.o
 .data.dialog_entry_DIALOG_054
                0x000000000200a424       0x10 build/us_n64/bin/segment2.o
 .data.dialog_entry_DIALOG_053
                0x000000000200a434       0x10 build/us_n64/bin/segment2.o
 .data.dialog_entry_DIALOG_052
                0x000000000200a444       0x10 build/us_n64/bin/segment2.o
 .data.dialog_entry_DIALOG_051
                0x000000000200a454       0x10 build/us_n64/bin/segment2.o
 .data.dialog_entry_DIALOG_050
                0x000000000200a464       0x10 build/us_n64/bin/segment2.o
 .data.dialog_entry_DIALOG_049
                0x000000000200a474       0x10 build/us_n64/bin/segment2.o
 .data.dialog_entry_DIALOG_048
                0x000000000200a484       0x10 build/us_n64/bin/segment2.o
 .data.dialog_entry_DIALOG_047
                0x000000000200a494       0x10 build/us_n64/bin/segment2.o
 .data.dialog_entry_DIALOG_046
                0x000000000200a4a4       0x10 build/us_n64/bin/segment2.o
 .data.dialog_entry_DIALOG_045
                0x000000000200a4b4       0x10 build/us_n64/bin/segment2.o
 .data.dialog_entry_DIALOG_044
                0x000000000200a4c4       0x10 build/us_n64/bin/segment2.o
 .data.dialog_entry_DIALOG_043
                0x000000000200a4d4       0x10 build/us_n64/bin/segment2.o
 .data.dialog_entry_DIALOG_042
                0x000000000200a4e4       0x10 build/us_n64/bin/segment2.o
 .data.dialog_entry_DIALOG_041
                0x000000000200a4f4       0x10 build/us_n64/bin/segment2.o
 .data.dialog_entry_DIALOG_040
                0x000000000200a504       0x10 build/us_n64/bin/segment2.o
 .data.dialog_entry_DIALOG_039
                0x000000000200a514       0x10 build/us_n64/bin/segment2.o
 .data.dialog_entry_DIALOG_038
                0x000000000200a524       0x10 build/us_n64/bin/segment2.o
 .data.dialog_entry_DIALOG_037
                0x000000000200a534       0x10 build/us_n64/bin/segment2.o
 .data.dialog_entry_DIALOG_036
                0x000000000200a544       0x10 build/us_n64/bin/segment2.o
 .data.dialog_entry_DIALOG_035
                0x000000000200a554       0x10 build/us_n64/bin/segment2.o
 .data.dialog_entry_DIALOG_034
                0x000000000200a564       0x10 build/us_n64/bin/segment2.o
 .data.dialog_entry_DIALOG_033
                0x000000000200a574       0x10 build/us_n64/bin/segment2.o
 .data.dialog_entry_DIALOG_032
                0x000000000200a584       0x10 build/us_n64/bin/segment2.o
 .data.dialog_entry_DIALOG_031
                0x000000000200a594       0x10 build/us_n64/bin/segment2.o
 .data.dialog_entry_DIALOG_030
                0x000000000200a5a4       0x10 build/us_n64/bin/segment2.o
 .data.dialog_entry_DIALOG_029
                0x000000000200a5b4       0x10 build/us_n64/bin/segment2.o
 .data.dialog_entry_DIALOG_028
                0x000000000200a5c4       0x10 build/us_n64/bin/segment2.o
 .data.dialog_entry_DIALOG_027
                0x000000000200a5d4       0x10 build/us_n64/bin/segment2.o
 .data.dialog_entry_DIALOG_026
                0x000000000200a5e4       0x10 build/us_n64/bin/segment2.o
 .data.dialog_entry_DIALOG_025
                0x000000000200a5f4       0x10 build/us_n64/bin/segment2.o
 .data.dialog_entry_DIALOG_024
                0x000000000200a604       0x10 build/us_n64/bin/segment2.o
 .data.dialog_entry_DIALOG_023
                0x000000000200a614       0x10 build/us_n64/bin/segment2.o
 .data.dialog_entry_DIALOG_022
                0x000000000200a624       0x10 build/us_n64/bin/segment2.o
 .data.dialog_entry_DIALOG_021
                0x000000000200a634       0x10 build/us_n64/bin/segment2.o
 .data.dialog_entry_DIALOG_020
                0x000000000200a644       0x10 build/us_n64/bin/segment2.o
 .data.dialog_entry_DIALOG_019
                0x000000000200a654       0x10 build/us_n64/bin/segment2.o
 .data.dialog_entry_DIALOG_018
                0x000000000200a664       0x10 build/us_n64/bin/segment2.o
 .data.dialog_entry_DIALOG_017
                0x000000000200a674       0x10 build/us_n64/bin/segment2.o
 .data.dialog_entry_DIALOG_016
                0x000000000200a684       0x10 build/us_n64/bin/segment2.o
 .data.dialog_entry_DIALOG_015
                0x000000000200a694       0x10 build/us_n64/bin/segment2.o
 .data.dialog_entry_DIALOG_014
                0x000000000200a6a4       0x10 build/us_n64/bin/segment2.o
 .data.dialog_entry_DIALOG_013
                0x000000000200a6b4       0x10 build/us_n64/bin/segment2.o
 .data.dialog_entry_DIALOG_012
                0x000000000200a6c4       0x10 build/us_n64/bin/segment2.o
 .data.dialog_entry_DIALOG_011
                0x000000000200a6d4       0x10 build/us_n64/bin/segment2.o
 .data.dialog_entry_DIALOG_010
                0x000000000200a6e4       0x10 build/us_n64/bin/segment2.o
 .data.dialog_entry_DIALOG_009
                0x000000000200a6f4       0x10 build/us_n64/bin/segment2.o
 .data.dialog_entry_DIALOG_008
                0x000000000200a704       0x10 build/us_n64/bin/segment2.o
 .data.dialog_entry_DIALOG_007
                0x000000000200a714       0x10 build/us_n64/bin/segment2.o
 .data.dialog_entry_DIALOG_006
                0x000000000200a724       0x10 build/us_n64/bin/segment2.o
 .data.dialog_entry_DIALOG_005
                0x000000000200a734       0x10 build/us_n64/bin/segment2.o
 .data.dialog_entry_DIALOG_004
                0x000000000200a744       0x10 build/us_n64/bin/segment2.o
 .data.dialog_entry_DIALOG_003
                0x000000000200a754       0x10 build/us_n64/bin/segment2.o
 .data.dialog_entry_DIALOG_002
                0x000000000200a764       0x10 build/us_n64/bin/segment2.o
 .data.dialog_entry_DIALOG_001
                0x000000000200a774       0x10 build/us_n64/bin/segment2.o
 .data.dialog_entry_DIALOG_000
                0x000000000200a784       0x10 build/us_n64/bin/segment2.o
 .data.dialog_text_DIALOG_169
                0x000000000200a794       0x6b build/us_n64/bin/segment2.o
 *fill*         0x000000000200a7ff        0x1 
 .data.dialog_text_DIALOG_168
                0x000000000200a800       0x61 build/us_n64/bin/segment2.o
 *fill*         0x000000000200a861        0x3 
 .data.dialog_text_DIALOG_167
                0x000000000200a864       0xaa build/us_n64/bin/segment2.o
 *fill*         0x000000000200a90e        0x2 
 .data.dialog_text_DIALOG_166
                0x000000000200a910       0x4f build/us_n64/bin/segment2.o
 *fill*         0x000000000200a95f        0x1 
 .data.dialog_text_DIALOG_165
                0x000000000200a960       0x68 build/us_n64/bin/segment2.o
 .data.dialog_text_DIALOG_164
                0x000000000200a9c8       0xcd build/us_n64/bin/segment2.o
 *fill*         0x000000000200aa95        0x3 
 .data.dialog_text_DIALOG_163
                0x000000000200aa98      0x19b build/us_n64/bin/segment2.o
 *fill*         0x000000000200ac33        0x1 
 .data.dialog_text_DIALOG_162
                0x000000000200ac34       0xf3 build/us_n64/bin/segment2.o
 *fill*         0x000000000200ad27        0x1 
 .data.dialog_text_DIALOG_161
                0x000000000200ad28      0x212 build/us_n64/bin/segment2.o
 *fill*         0x000000000200af3a        0x2 
 .data.dialog_text_DIALOG_160
                0x000000000200af3c       0x5c build/us_n64/bin/segment2.o
 .data.dialog_text_DIALOG_159
                0x000000000200af98       0x7e build/us_n64/bin/segment2.o
 *fill*         0x000000000200b016        0x2 
 .data.dialog_text_DIALOG_158
                0x000000000200b018      0x104 build/us_n64/bin/segment2.o
 .data.dialog_text_DIALOG_157
                0x000000000200b11c       0xb9 build/us_n64/bin/segment2.o
 *fill*         0x000000000200b1d5        0x3 
 .data.dialog_text_DIALOG_156
                0x000000000200b1d8       0x5c build/us_n64/bin/segment2.o
 .data.dialog_text_DIALOG_155
                0x000000000200b234      0x14a build/us_n64/bin/segment2.o
 *fill*         0x000000000200b37e        0x2 
 .data.dialog_text_DIALOG_154
                0x000000000200b380      0x11a build/us_n64/bin/segment2.o
 *fill*         0x000000000200b49a        0x2 
 .data.dialog_text_DIALOG_153
                0x000000000200b49c       0x82 build/us_n64/bin/segment2.o
 *fill*         0x000000000200b51e        0x2 
 .data.dialog_text_DIALOG_152
                0x000000000200b520       0xee build/us_n64/bin/segment2.o
 *fill*         0x000000000200b60e        0x2 
 .data.dialog_text_DIALOG_151
                0x000000000200b610       0x7f build/us_n64/bin/segment2.o
 *fill*         0x000000000200b68f        0x1 
 .data.dialog_text_DIALOG_150
                0x000000000200b690      0x12f build/us_n64/bin/segment2.o
 *fill*         0x000000000200b7bf        0x1 
 .data.dialog_text_DIALOG_149
                0x000000000200b7c0       0xce build/us_n64/bin/segment2.o
 *fill*         0x000000000200b88e        0x2 
 .data.dialog_text_DIALOG_148
                0x000000000200b890       0xc9 build/us_n64/bin/segment2.o
 *fill*         0x000000000200b959        0x3 
 .data.dialog_text_DIALOG_147
                0x000000000200b95c      0x14b build/us_n64/bin/segment2.o
 *fill*         0x000000000200baa7        0x1 
 .data.dialog_text_DIALOG_146
                0x000000000200baa8       0x88 build/us_n64/bin/segment2.o
 .data.dialog_text_DIALOG_145
                0x000000000200bb30      0x117 build/us_n64/bin/segment2.o
 *fill*         0x000000000200bc47        0x1 
 .data.dialog_text_DIALOG_144
                0x000000000200bc48      0x151 build/us_n64/bin/segment2.o
 *fill*         0x000000000200bd99        0x3 
 .data.dialog_text_DIALOG_143
                0x000000000200bd9c       0x8a build/us_n64/bin/segment2.o
 *fill*         0x000000000200be26        0x2 
 .data.dialog_text_DIALOG_142
                0x000000000200be28       0xba build/us_n64/bin/segment2.o
 *fill*         0x000000000200bee2        0x2 
 .data.dialog_text_DIALOG_141
                0x000000000200bee4      0x12b build/us_n64/bin/segment2.o
 *fill*         0x000000000200c00f        0x1 
 .data.dialog_text_DIALOG_140
                0x000000000200c010       0x5f build/us_n64/bin/segment2.o
 *fill*         0x000000000200c06f        0x1 
 .data.dialog_text_DIALOG_139
                0x000000000200c070       0x76 build/us_n64/bin/segment2.o
 *fill*         0x000000000200c0e6        0x2 
 .data.dialog_text_DIALOG_138
                0x000000000200c0e8       0x42 build/us_n64/bin/segment2.o
 *fill*         0x000000000200c12a        0x2 
 .data.dialog_text_DIALOG_137
                0x000000000200c12c       0xfb build/us_n64/bin/segment2.o
 *fill*         0x000000000200c227        0x1 
 .data.dialog_text_DIALOG_136
                0x000000000200c228      0x1ed build/us_n64/bin/segment2.o
 *fill*         0x000000000200c415        0x3 
 .data.dialog_text_DIALOG_135
                0x000000000200c418      0x14f build/us_n64/bin/segment2.o
 *fill*         0x000000000200c567        0x1 
 .data.dialog_text_DIALOG_134
                0x000000000200c568      0x12c build/us_n64/bin/segment2.o
 .data.dialog_text_DIALOG_133
                0x000000000200c694      0x236 build/us_n64/bin/segment2.o
 *fill*         0x000000000200c8ca        0x2 
 .data.dialog_text_DIALOG_132
                0x000000000200c8cc       0x98 build/us_n64/bin/segment2.o
 .data.dialog_text_DIALOG_131
                0x000000000200c964      0x165 build/us_n64/bin/segment2.o
 *fill*         0x000000000200cac9        0x3 
 .data.dialog_text_DIALOG_130
                0x000000000200cacc       0xb5 build/us_n64/bin/segment2.o
 *fill*         0x000000000200cb81        0x3 
 .data.dialog_text_DIALOG_129
                0x000000000200cb84       0xea build/us_n64/bin/segment2.o
 *fill*         0x000000000200cc6e        0x2 
 .data.dialog_text_DIALOG_128
                0x000000000200cc70       0x56 build/us_n64/bin/segment2.o
 *fill*         0x000000000200ccc6        0x2 
 .data.dialog_text_DIALOG_127
                0x000000000200ccc8       0xaa build/us_n64/bin/segment2.o
 *fill*         0x000000000200cd72        0x2 
 .data.dialog_text_DIALOG_126
                0x000000000200cd74       0x32 build/us_n64/bin/segment2.o
 *fill*         0x000000000200cda6        0x2 
 .data.dialog_text_DIALOG_125
                0x000000000200cda8       0x2e build/us_n64/bin/segment2.o
 *fill*         0x000000000200cdd6        0x2 
 .data.dialog_text_DIALOG_124
                0x000000000200cdd8       0x6d build/us_n64/bin/segment2.o
 *fill*         0x000000000200ce45        0x3 
 .data.dialog_text_DIALOG_123
                0x000000000200ce48       0x38 build/us_n64/bin/segment2.o
 .data.dialog_text_DIALOG_122
                0x000000000200ce80       0x4b build/us_n64/bin/segment2.o
 *fill*         0x000000000200cecb        0x1 
 .data.dialog_text_DIALOG_121
                0x000000000200cecc       0xff build/us_n64/bin/segment2.o
 *fill*         0x000000000200cfcb        0x1 
 .data.dialog_text_DIALOG_120
                0x000000000200cfcc       0xfb build/us_n64/bin/segment2.o
 *fill*         0x000000000200d0c7        0x1 
 .data.dialog_text_DIALOG_119
                0x000000000200d0c8       0xfb build/us_n64/bin/segment2.o
 *fill*         0x000000000200d1c3        0x1 
 .data.dialog_text_DIALOG_118
                0x000000000200d1c4       0x9d build/us_n64/bin/segment2.o
 *fill*         0x000000000200d261        0x3 
 .data.dialog_text_DIALOG_117
                0x000000000200d264       0xa3 build/us_n64/bin/segment2.o
 *fill*         0x000000000200d307        0x1 
 .data.dialog_text_DIALOG_116
                0x000000000200d308      0x166 build/us_n64/bin/segment2.o
 *fill*         0x000000000200d46e        0x2 
 .data.dialog_text_DIALOG_115
                0x000000000200d470       0x1c build/us_n64/bin/segment2.o
 .data.dialog_text_DIALOG_114
                0x000000000200d48c       0x94 build/us_n64/bin/segment2.o
 .data.dialog_text_DIALOG_113
                0x000000000200d520       0x79 build/us_n64/bin/segment2.o
 *fill*         0x000000000200d599        0x3 
 .data.dialog_text_DIALOG_112
                0x000000000200d59c      0x10b build/us_n64/bin/segment2.o
 *fill*         0x000000000200d6a7        0x1 
 .data.dialog_text_DIALOG_111
                0x000000000200d6a8       0x57 build/us_n64/bin/segment2.o
 *fill*         0x000000000200d6ff        0x1 
 .data.dialog_text_DIALOG_110
                0x000000000200d700       0x70 build/us_n64/bin/segment2.o
 .data.dialog_text_DIALOG_109
                0x000000000200d770       0x69 build/us_n64/bin/segment2.o
 *fill*         0x000000000200d7d9        0x3 
 .data.dialog_text_DIALOG_108
                0x000000000200d7dc       0x59 build/us_n64/bin/segment2.o
 *fill*         0x000000000200d835        0x3 
 .data.dialog_text_DIALOG_107
                0x000000000200d838       0x50 build/us_n64/bin/segment2.o
 .data.dialog_text_DIALOG_106
                0x000000000200d888        0x9 build/us_n64/bin/segment2.o
 *fill*         0x000000000200d891        0x3 
 .data.dialog_text_DIALOG_105
                0x000000000200d894       0xdd build/us_n64/bin/segment2.o
 *fill*         0x000000000200d971        0x3 
 .data.dialog_text_DIALOG_104
                0x000000000200d974       0x6c build/us_n64/bin/segment2.o
 .data.dialog_text_DIALOG_103
                0x000000000200d9e0       0x4a build/us_n64/bin/segment2.o
 *fill*         0x000000000200da2a        0x2 
 .data.dialog_text_DIALOG_102
                0x000000000200da2c       0xc5 build/us_n64/bin/segment2.o
 *fill*         0x000000000200daf1        0x3 
 .data.dialog_text_DIALOG_101
                0x000000000200daf4       0xd9 build/us_n64/bin/segment2.o
 *fill*         0x000000000200dbcd        0x3 
 .data.dialog_text_DIALOG_100
                0x000000000200dbd0       0x46 build/us_n64/bin/segment2.o
 *fill*         0x000000000200dc16        0x2 
 .data.dialog_text_DIALOG_099
                0x000000000200dc18       0x68 build/us_n64/bin/segment2.o
 .data.dialog_text_DIALOG_098
                0x000000000200dc80       0x27 build/us_n64/bin/segment2.o
 *fill*         0x000000000200dca7        0x1 
 .data.dialog_text_DIALOG_097
                0x000000000200dca8       0x75 build/us_n64/bin/segment2.o
 *fill*         0x000000000200dd1d        0x3 
 .data.dialog_text_DIALOG_096
                0x000000000200dd20       0xb0 build/us_n64/bin/segment2.o
 .data.dialog_text_DIALOG_095
                0x000000000200ddd0       0xdb build/us_n64/bin/segment2.o
 *fill*         0x000000000200deab        0x1 
 .data.dialog_text_DIALOG_094
                0x000000000200deac       0x4d build/us_n64/bin/segment2.o
 *fill*         0x000000000200def9        0x3 
 .data.dialog_text_DIALOG_093
                0x000000000200defc       0xee build/us_n64/bin/segment2.o
 *fill*         0x000000000200dfea        0x2 
 .data.dialog_text_DIALOG_092
                0x000000000200dfec       0xb6 build/us_n64/bin/segment2.o
 *fill*         0x000000000200e0a2        0x2 
 .data.dialog_text_DIALOG_091
                0x000000000200e0a4       0x35 build/us_n64/bin/segment2.o
 *fill*         0x000000000200e0d9        0x3 
 .data.dialog_text_DIALOG_090
                0x000000000200e0dc       0x6c build/us_n64/bin/segment2.o
 .data.dialog_text_DIALOG_089
                0x000000000200e148       0xfc build/us_n64/bin/segment2.o
 .data.dialog_text_DIALOG_088
                0x000000000200e244       0x5a build/us_n64/bin/segment2.o
 *fill*         0x000000000200e29e        0x2 
 .data.dialog_text_DIALOG_087
                0x000000000200e2a0       0x58 build/us_n64/bin/segment2.o
 .data.dialog_text_DIALOG_086
                0x000000000200e2f8       0x3d build/us_n64/bin/segment2.o
 *fill*         0x000000000200e335        0x3 
 .data.dialog_text_DIALOG_085
                0x000000000200e338       0x6b build/us_n64/bin/segment2.o
 *fill*         0x000000000200e3a3        0x1 
 .data.dialog_text_DIALOG_084
                0x000000000200e3a4       0xf9 build/us_n64/bin/segment2.o
 *fill*         0x000000000200e49d        0x3 
 .data.dialog_text_DIALOG_083
                0x000000000200e4a0       0x89 build/us_n64/bin/segment2.o
 *fill*         0x000000000200e529        0x3 
 .data.dialog_text_DIALOG_082
                0x000000000200e52c      0x190 build/us_n64/bin/segment2.o
 .data.dialog_text_DIALOG_081
                0x000000000200e6bc       0x7b build/us_n64/bin/segment2.o
 *fill*         0x000000000200e737        0x1 
 .data.dialog_text_DIALOG_080
                0x000000000200e738       0x12 build/us_n64/bin/segment2.o
 *fill*         0x000000000200e74a        0x2 
 .data.dialog_text_DIALOG_079
                0x000000000200e74c       0xc0 build/us_n64/bin/segment2.o
 .data.dialog_text_DIALOG_078
                0x000000000200e80c       0xc5 build/us_n64/bin/segment2.o
 *fill*         0x000000000200e8d1        0x3 
 .data.dialog_text_DIALOG_077
                0x000000000200e8d4       0x2e build/us_n64/bin/segment2.o
 *fill*         0x000000000200e902        0x2 
 .data.dialog_text_DIALOG_076
                0x000000000200e904      0x16b build/us_n64/bin/segment2.o
 *fill*         0x000000000200ea6f        0x1 
 .data.dialog_text_DIALOG_075
                0x000000000200ea70      0x210 build/us_n64/bin/segment2.o
 .data.dialog_text_DIALOG_074
                0x000000000200ec80      0x130 build/us_n64/bin/segment2.o
 .data.dialog_text_DIALOG_073
                0x000000000200edb0       0xc0 build/us_n64/bin/segment2.o
 .data.dialog_text_DIALOG_072
                0x000000000200ee70       0x62 build/us_n64/bin/segment2.o
 *fill*         0x000000000200eed2        0x2 
 .data.dialog_text_DIALOG_071
                0x000000000200eed4       0x92 build/us_n64/bin/segment2.o
 *fill*         0x000000000200ef66        0x2 
 .data.dialog_text_DIALOG_070
                0x000000000200ef68      0x217 build/us_n64/bin/segment2.o
 *fill*         0x000000000200f17f        0x1 
 .data.dialog_text_DIALOG_069
                0x000000000200f180       0x7a build/us_n64/bin/segment2.o
 *fill*         0x000000000200f1fa        0x2 
 .data.dialog_text_DIALOG_068
                0x000000000200f1fc       0xa7 build/us_n64/bin/segment2.o
 *fill*         0x000000000200f2a3        0x1 
 .data.dialog_text_DIALOG_067
                0x000000000200f2a4       0xc6 build/us_n64/bin/segment2.o
 *fill*         0x000000000200f36a        0x2 
 .data.dialog_text_DIALOG_066
                0x000000000200f36c      0x1fb build/us_n64/bin/segment2.o
 *fill*         0x000000000200f567        0x1 
 .data.dialog_text_DIALOG_065
                0x000000000200f568      0x1e0 build/us_n64/bin/segment2.o
 .data.dialog_text_DIALOG_064
                0x000000000200f748       0xcd build/us_n64/bin/segment2.o
 *fill*         0x000000000200f815        0x3 
 .data.dialog_text_DIALOG_063
                0x000000000200f818       0xb2 build/us_n64/bin/segment2.o
 *fill*         0x000000000200f8ca        0x2 
 .data.dialog_text_DIALOG_062
                0x000000000200f8cc       0xd0 build/us_n64/bin/segment2.o
 .data.dialog_text_DIALOG_061
                0x000000000200f99c       0x46 build/us_n64/bin/segment2.o
 *fill*         0x000000000200f9e2        0x2 
 .data.dialog_text_DIALOG_060
                0x000000000200f9e4      0x1d4 build/us_n64/bin/segment2.o
 .data.dialog_text_DIALOG_059
                0x000000000200fbb8       0x51 build/us_n64/bin/segment2.o
 *fill*         0x000000000200fc09        0x3 
 .data.dialog_text_DIALOG_058
                0x000000000200fc0c       0xa0 build/us_n64/bin/segment2.o
 .data.dialog_text_DIALOG_057
                0x000000000200fcac       0xf0 build/us_n64/bin/segment2.o
 .data.dialog_text_DIALOG_056
                0x000000000200fd9c       0xc1 build/us_n64/bin/segment2.o
 *fill*         0x000000000200fe5d        0x3 
 .data.dialog_text_DIALOG_055
                0x000000000200fe60       0xe6 build/us_n64/bin/segment2.o
 *fill*         0x000000000200ff46        0x2 
 .data.dialog_text_DIALOG_054
                0x000000000200ff48       0x69 build/us_n64/bin/segment2.o
 *fill*         0x000000000200ffb1        0x3 
 .data.dialog_text_DIALOG_053
                0x000000000200ffb4       0xa2 build/us_n64/bin/segment2.o
 *fill*         0x0000000002010056        0x2 
 .data.dialog_text_DIALOG_052
                0x0000000002010058       0xb5 build/us_n64/bin/segment2.o
 *fill*         0x000000000201010d        0x3 
 .data.dialog_text_DIALOG_051
                0x0000000002010110      0x11f build/us_n64/bin/segment2.o
 *fill*         0x000000000201022f        0x1 
 .data.dialog_text_DIALOG_050
                0x0000000002010230       0xf3 build/us_n64/bin/segment2.o
 *fill*         0x0000000002010323        0x1 
 .data.dialog_text_DIALOG_049
                0x0000000002010324       0xeb build/us_n64/bin/segment2.o
 *fill*         0x000000000201040f        0x1 
 .data.dialog_text_DIALOG_048
                0x0000000002010410       0x52 build/us_n64/bin/segment2.o
 *fill*         0x0000000002010462        0x2 
 .data.dialog_text_DIALOG_047
                0x0000000002010464       0x8d build/us_n64/bin/segment2.o
 *fill*         0x00000000020104f1        0x3 
 .data.dialog_text_DIALOG_046
                0x00000000020104f4      0x1d8 build/us_n64/bin/segment2.o
 .data.dialog_text_DIALOG_045
                0x00000000020106cc       0x82 build/us_n64/bin/segment2.o
 *fill*         0x000000000201074e        0x2 
 .data.dialog_text_DIALOG_044
                0x0000000002010750      0x11c build/us_n64/bin/segment2.o
 .data.dialog_text_DIALOG_043
                0x000000000201086c       0x6e build/us_n64/bin/segment2.o
 *fill*         0x00000000020108da        0x2 
 .data.dialog_text_DIALOG_042
                0x00000000020108dc      0x133 build/us_n64/bin/segment2.o
 *fill*         0x0000000002010a0f        0x1 
 .data.dialog_text_DIALOG_041
                0x0000000002010a10       0x65 build/us_n64/bin/segment2.o
 *fill*         0x0000000002010a75        0x3 
 .data.dialog_text_DIALOG_040
                0x0000000002010a78       0x24 build/us_n64/bin/segment2.o
 .data.dialog_text_DIALOG_039
                0x0000000002010a9c      0x175 build/us_n64/bin/segment2.o
 *fill*         0x0000000002010c11        0x3 
 .data.dialog_text_DIALOG_038
                0x0000000002010c14       0x2f build/us_n64/bin/segment2.o
 *fill*         0x0000000002010c43        0x1 
 .data.dialog_text_DIALOG_037
                0x0000000002010c44       0x61 build/us_n64/bin/segment2.o
 *fill*         0x0000000002010ca5        0x3 
 .data.dialog_text_DIALOG_036
                0x0000000002010ca8      0x10f build/us_n64/bin/segment2.o
 *fill*         0x0000000002010db7        0x1 
 .data.dialog_text_DIALOG_035
                0x0000000002010db8      0x19d build/us_n64/bin/segment2.o
 *fill*         0x0000000002010f55        0x3 
 .data.dialog_text_DIALOG_034
                0x0000000002010f58      0x265 build/us_n64/bin/segment2.o
 *fill*         0x00000000020111bd        0x3 
 .data.dialog_text_DIALOG_033
                0x00000000020111c0      0x104 build/us_n64/bin/segment2.o
 .data.dialog_text_DIALOG_032
                0x00000000020112c4       0xf5 build/us_n64/bin/segment2.o
 *fill*         0x00000000020113b9        0x3 
 .data.dialog_text_DIALOG_031
                0x00000000020113bc       0xbc build/us_n64/bin/segment2.o
 .data.dialog_text_DIALOG_030
                0x0000000002011478      0x1c0 build/us_n64/bin/segment2.o
 .data.dialog_text_DIALOG_029
                0x0000000002011638       0x4d build/us_n64/bin/segment2.o
 *fill*         0x0000000002011685        0x3 
 .data.dialog_text_DIALOG_028
                0x0000000002011688       0x16 build/us_n64/bin/segment2.o
 *fill*         0x000000000201169e        0x2 
 .data.dialog_text_DIALOG_027
                0x00000000020116a0       0x2c build/us_n64/bin/segment2.o
 .data.dialog_text_DIALOG_026
                0x00000000020116cc       0x3f build/us_n64/bin/segment2.o
 *fill*         0x000000000201170b        0x1 
 .data.dialog_text_DIALOG_025
                0x000000000201170c       0x54 build/us_n64/bin/segment2.o
 .data.dialog_text_DIALOG_024
                0x0000000002011760       0x74 build/us_n64/bin/segment2.o
 .data.dialog_text_DIALOG_023
                0x00000000020117d4      0x144 build/us_n64/bin/segment2.o
 .data.dialog_text_DIALOG_022
                0x0000000002011918       0x71 build/us_n64/bin/segment2.o
 *fill*         0x0000000002011989        0x3 
 .data.dialog_text_DIALOG_021
                0x000000000201198c      0x105 build/us_n64/bin/segment2.o
 *fill*         0x0000000002011a91        0x3 
 .data.dialog_text_DIALOG_020
                0x0000000002011a94       0x69 build/us_n64/bin/segment2.o
 *fill*         0x0000000002011afd        0x3 
 .data.dialog_text_DIALOG_019
                0x0000000002011b00       0x3f build/us_n64/bin/segment2.o
 *fill*         0x0000000002011b3f        0x1 
 .data.dialog_text_DIALOG_018
                0x0000000002011b40       0x47 build/us_n64/bin/segment2.o
 *fill*         0x0000000002011b87        0x1 
 .data.dialog_text_DIALOG_017
                0x0000000002011b88       0x4e build/us_n64/bin/segment2.o
 *fill*         0x0000000002011bd6        0x2 
 .data.dialog_text_DIALOG_016
                0x0000000002011bd8       0x79 build/us_n64/bin/segment2.o
 *fill*         0x0000000002011c51        0x3 
 .data.dialog_text_DIALOG_015
                0x0000000002011c54       0x61 build/us_n64/bin/segment2.o
 *fill*         0x0000000002011cb5        0x3 
 .data.dialog_text_DIALOG_014
                0x0000000002011cb8       0x46 build/us_n64/bin/segment2.o
 *fill*         0x0000000002011cfe        0x2 
 .data.dialog_text_DIALOG_013
                0x0000000002011d00       0x46 build/us_n64/bin/segment2.o
 *fill*         0x0000000002011d46        0x2 
 .data.dialog_text_DIALOG_012
                0x0000000002011d48       0xb1 build/us_n64/bin/segment2.o
 *fill*         0x0000000002011df9        0x3 
 .data.dialog_text_DIALOG_011
                0x0000000002011dfc       0xb2 build/us_n64/bin/segment2.o
 *fill*         0x0000000002011eae        0x2 
 .data.dialog_text_DIALOG_010
                0x0000000002011eb0       0xae build/us_n64/bin/segment2.o
 *fill*         0x0000000002011f5e        0x2 
 .data.dialog_text_DIALOG_009
                0x0000000002011f60      0x101 build/us_n64/bin/segment2.o
 *fill*         0x0000000002012061        0x3 
 .data.dialog_text_DIALOG_008
                0x0000000002012064       0x58 build/us_n64/bin/segment2.o
 .data.dialog_text_DIALOG_007
                0x00000000020120bc       0x8a build/us_n64/bin/segment2.o
 *fill*         0x0000000002012146        0x2 
 .data.dialog_text_DIALOG_006
                0x0000000002012148       0xd6 build/us_n64/bin/segment2.o
 *fill*         0x000000000201221e        0x2 
 .data.dialog_text_DIALOG_005
                0x0000000002012220       0x4b build/us_n64/bin/segment2.o
 *fill*         0x000000000201226b        0x1 
 .data.dialog_text_DIALOG_004
                0x000000000201226c       0xae build/us_n64/bin/segment2.o
 *fill*         0x000000000201231a        0x2 
 .data.dialog_text_DIALOG_003
                0x000000000201231c       0x2f build/us_n64/bin/segment2.o
 *fill*         0x000000000201234b        0x1 
 .data.dialog_text_DIALOG_002
                0x000000000201234c       0x21 build/us_n64/bin/segment2.o
 *fill*         0x000000000201236d        0x3 
 .data.dialog_text_DIALOG_001
                0x0000000002012370       0x7b build/us_n64/bin/segment2.o
 *fill*         0x00000000020123eb        0x1 
 .data.dialog_text_DIALOG_000
                0x00000000020123ec       0x74 build/us_n64/bin/segment2.o
 .data.main_hud_camera_lut
                0x0000000002012460       0x18 build/us_n64/bin/segment2.o
                0x0000000002012460                main_hud_camera_lut
 .data.main_credits_font_lut
                0x0000000002012478       0x94 build/us_n64/bin/segment2.o
                0x0000000002012478                main_credits_font_lut
 .data.main_font_lut
                0x000000000201250c      0x400 build/us_n64/bin/segment2.o
                0x000000000201250c                main_font_lut
 .data.main_hud_lut
                0x000000000201290c       0xec build/us_n64/bin/segment2.o
                0x000000000201290c                main_hud_lut
 .data.texture_hud_char_arrow_down
                0x00000000020129f8       0x80 build/us_n64/bin/segment2.o
 .data.texture_hud_char_arrow_up
                0x0000000002012a78       0x80 build/us_n64/bin/segment2.o
 .data.texture_hud_char_no_camera
                0x0000000002012af8      0x200 build/us_n64/bin/segment2.o
 .data.texture_hud_char_lakitu
                0x0000000002012cf8      0x200 build/us_n64/bin/segment2.o
 .data.texture_hud_char_camera
                0x0000000002012ef8      0x200 build/us_n64/bin/segment2.o
 .data.texture_font_char_us_button_C_right
                0x00000000020130f8       0x40 build/us_n64/bin/segment2.o
 .data.texture_font_char_us_button_C_left
                0x0000000002013138       0x40 build/us_n64/bin/segment2.o
 .data.texture_font_char_us_button_C_down
                0x0000000002013178       0x40 build/us_n64/bin/segment2.o
 .data.texture_font_char_us_button_C_up
                0x00000000020131b8       0x40 build/us_n64/bin/segment2.o
 .data.texture_font_char_us_button_R
                0x00000000020131f8       0x40 build/us_n64/bin/segment2.o
 .data.texture_font_char_us_button_Z
                0x0000000002013238       0x40 build/us_n64/bin/segment2.o
 .data.texture_font_char_us_button_C
[...]
 .data.texture_font_char_us_j
                0x0000000002013c78       0x40 build/us_n64/bin/segment2.o
 .data.texture_font_char_us_i
                0x0000000002013cb8       0x40 build/us_n64/bin/segment2.o
 .data.texture_font_char_us_h
                0x0000000002013cf8       0x40 build/us_n64/bin/segment2.o
 .data.texture_font_char_us_g
                0x0000000002013d38       0x40 build/us_n64/bin/segment2.o
 .data.texture_font_char_us_f
                0x0000000002013d78       0x40 build/us_n64/bin/segment2.o
 .data.texture_font_char_us_e
                0x0000000002013db8       0x40 build/us_n64/bin/segment2.o
 .data.texture_font_char_us_d
                0x0000000002013df8       0x40 build/us_n64/bin/segment2.o
 .data.texture_font_char_us_c
                0x0000000002013e38       0x40 build/us_n64/bin/segment2.o
 .data.texture_font_char_us_b
                0x0000000002013e78       0x40 build/us_n64/bin/segment2.o
 .data.texture_font_char_us_a
                0x0000000002013eb8       0x40 build/us_n64/bin/segment2.o
 .data.texture_font_char_us_Z
                0x0000000002013ef8       0x40 build/us_n64/bin/segment2.o
 .data.texture_font_char_us_Y
                0x0000000002013f38       0x40 build/us_n64/bin/segment2.o
 .data.texture_font_char_us_X
                0x0000000002013f78       0x40 build/us_n64/bin/segment2.o
 .data.texture_font_char_us_W
                0x0000000002013fb8       0x40 build/us_n64/bin/segment2.o
 .data.texture_font_char_us_V
                0x0000000002013ff8       0x40 build/us_n64/bin/segment2.o
 .data.texture_font_char_us_U
                0x0000000002014038       0x40 build/us_n64/bin/segment2.o
 .data.texture_font_char_us_T
                0x0000000002014078       0x40 build/us_n64/bin/segment2.o
 .data.texture_font_char_us_S
                0x00000000020140b8       0x40 build/us_n64/bin/segment2.o
 .data.texture_font_char_us_R
                0x00000000020140f8       0x40 build/us_n64/bin/segment2.o
 .data.texture_font_char_us_Q
                0x0000000002014138       0x40 build/us_n64/bin/segment2.o
 .data.texture_font_char_us_P
                0x0000000002014178       0x40 build/us_n64/bin/segment2.o
 .data.texture_font_char_us_O
                0x00000000020141b8       0x40 build/us_n64/bin/segment2.o
 .data.texture_font_char_us_N
                0x00000000020141f8       0x40 build/us_n64/bin/segment2.o
 .data.texture_font_char_us_M
                0x0000000002014238       0x40 build/us_n64/bin/segment2.o
 .data.texture_font_char_us_L
                0x0000000002014278       0x40 build/us_n64/bin/segment2.o
 .data.texture_font_char_us_K
                0x00000000020142b8       0x40 build/us_n64/bin/segment2.o
 .data.texture_font_char_us_J
                0x00000000020142f8       0x40 build/us_n64/bin/segment2.o
 .data.texture_font_char_us_I
                0x0000000002014338       0x40 build/us_n64/bin/segment2.o
 .data.texture_font_char_us_H
                0x0000000002014378       0x40 build/us_n64/bin/segment2.o
 .data.texture_font_char_us_G
                0x00000000020143b8       0x40 build/us_n64/bin/segment2.o
 .data.texture_font_char_us_F
                0x00000000020143f8       0x40 build/us_n64/bin/segment2.o
 .data.texture_font_char_us_E
                0x0000000002014438       0x40 build/us_n64/bin/segment2.o
 .data.texture_font_char_us_D
                0x0000000002014478       0x40 build/us_n64/bin/segment2.o
 .data.texture_font_char_us_C
                0x00000000020144b8       0x40 build/us_n64/bin/segment2.o
 .data.texture_font_char_us_B
                0x00000000020144f8       0x40 build/us_n64/bin/segment2.o
 .data.texture_font_char_us_A
                0x0000000002014538       0x40 build/us_n64/bin/segment2.o
 .data.texture_font_char_us_9
                0x0000000002014578       0x40 build/us_n64/bin/segment2.o
 .data.texture_font_char_us_8
                0x00000000020145b8       0x40 build/us_n64/bin/segment2.o
 .data.texture_font_char_us_7
                0x00000000020145f8       0x40 build/us_n64/bin/segment2.o
 .data.texture_font_char_us_6
                0x0000000002014638       0x40 build/us_n64/bin/segment2.o
 .data.texture_font_char_us_5
                0x0000000002014678       0x40 build/us_n64/bin/segment2.o
 .data.texture_font_char_us_4
                0x00000000020146b8       0x40 build/us_n64/bin/segment2.o
 .data.texture_font_char_us_3
                0x00000000020146f8       0x40 build/us_n64/bin/segment2.o
 .data.texture_font_char_us_2
                0x0000000002014738       0x40 build/us_n64/bin/segment2.o
 .data.texture_font_char_us_1
                0x0000000002014778       0x40 build/us_n64/bin/segment2.o
 .data.texture_font_char_us_0
                0x00000000020147b8       0x40 build/us_n64/bin/segment2.o
 .data.texture_credits_char_period
                0x00000000020147f8       0x80 build/us_n64/bin/segment2.o
 .data.texture_credits_char_Z
                0x0000000002014878       0x80 build/us_n64/bin/segment2.o
 .data.texture_credits_char_Y
                0x00000000020148f8       0x80 build/us_n64/bin/segment2.o
 .data.texture_credits_char_X
                0x0000000002014978       0x80 build/us_n64/bin/segment2.o
 .data.texture_credits_char_W
                0x00000000020149f8       0x80 build/us_n64/bin/segment2.o
 .data.texture_credits_char_V
                0x0000000002014a78       0x80 build/us_n64/bin/segment2.o
 .data.texture_credits_char_U
                0x0000000002014af8       0x80 build/us_n64/bin/segment2.o
 .data.texture_credits_char_T
                0x0000000002014b78       0x80 build/us_n64/bin/segment2.o
 .data.texture_credits_char_S
                0x0000000002014bf8       0x80 build/us_n64/bin/segment2.o
 .data.texture_credits_char_R
                0x0000000002014c78       0x80 build/us_n64/bin/segment2.o
 .data.texture_credits_char_Q
                0x0000000002014cf8       0x80 build/us_n64/bin/segment2.o
 .data.texture_credits_char_P
                0x0000000002014d78       0x80 build/us_n64/bin/segment2.o
 .data.texture_credits_char_O
                0x0000000002014df8       0x80 build/us_n64/bin/segment2.o
 .data.texture_credits_char_N
                0x0000000002014e78       0x80 build/us_n64/bin/segment2.o
 .data.texture_credits_char_M
                0x0000000002014ef8       0x80 build/us_n64/bin/segment2.o
 .data.texture_credits_char_L
                0x0000000002014f78       0x80 build/us_n64/bin/segment2.o
 .data.texture_credits_char_K
                0x0000000002014ff8       0x80 build/us_n64/bin/segment2.o
 .data.texture_credits_char_J
                0x0000000002015078       0x80 build/us_n64/bin/segment2.o
 .data.texture_credits_char_I
                0x00000000020150f8       0x80 build/us_n64/bin/segment2.o
 .data.texture_credits_char_H
                0x0000000002015178       0x80 build/us_n64/bin/segment2.o
 .data.texture_credits_char_G
                0x00000000020151f8       0x80 build/us_n64/bin/segment2.o
 .data.texture_credits_char_F
                0x0000000002015278       0x80 build/us_n64/bin/segment2.o
 .data.texture_credits_char_E
                0x00000000020152f8       0x80 build/us_n64/bin/segment2.o
 .data.texture_credits_char_D
                0x0000000002015378       0x80 build/us_n64/bin/segment2.o
 .data.texture_credits_char_C
                0x00000000020153f8       0x80 build/us_n64/bin/segment2.o
 .data.texture_credits_char_B
                0x0000000002015478       0x80 build/us_n64/bin/segment2.o
 .data.texture_credits_char_A
                0x00000000020154f8       0x80 build/us_n64/bin/segment2.o
 .data.texture_credits_char_6
                0x0000000002015578       0x80 build/us_n64/bin/segment2.o
 .data.texture_credits_char_4
                0x00000000020155f8       0x80 build/us_n64/bin/segment2.o
 .data.texture_credits_char_3
                0x0000000002015678       0x80 build/us_n64/bin/segment2.o
 .data.texture_hud_char_beta_key
                0x00000000020156f8      0x200 build/us_n64/bin/segment2.o
 .data.texture_hud_char_decimal_point
                0x00000000020158f8      0x200 build/us_n64/bin/segment2.o
 .data.texture_hud_char_star
                0x0000000002015af8      0x200 build/us_n64/bin/segment2.o
 .data.texture_hud_char_mario_head
                0x0000000002015cf8      0x200 build/us_n64/bin/segment2.o
 .data.texture_hud_char_silver_coin
                0x0000000002015ef8      0x200 build/us_n64/bin/segment2.o
 .data.texture_hud_char_red_coin
                0x00000000020160f8      0x200 build/us_n64/bin/segment2.o
 .data.texture_hud_char_coin
                0x00000000020162f8      0x200 build/us_n64/bin/segment2.o
 .data.texture_hud_char_multiply
                0x00000000020164f8      0x200 build/us_n64/bin/segment2.o
 .data.texture_hud_char_minus
                0x00000000020166f8      0x200 build/us_n64/bin/segment2.o
 .data.texture_hud_char_percent
                0x00000000020168f8      0x200 build/us_n64/bin/segment2.o
 .data.texture_hud_char_ampersand
                0x0000000002016af8      0x200 build/us_n64/bin/segment2.o
 .data.texture_hud_char_question
                0x0000000002016cf8      0x200 build/us_n64/bin/segment2.o
 .data.texture_hud_char_double_exclamation
                0x0000000002016ef8      0x200 build/us_n64/bin/segment2.o
 .data.texture_hud_char_exclamation
                0x00000000020170f8      0x200 build/us_n64/bin/segment2.o
 .data.texture_hud_char_umlaut
                0x00000000020172f8      0x200 build/us_n64/bin/segment2.o
 .data.texture_hud_char_double_quote
                0x00000000020174f8      0x200 build/us_n64/bin/segment2.o
 .data.texture_hud_char_apostrophe
                0x00000000020176f8      0x200 build/us_n64/bin/segment2.o
 .data.texture_hud_char_Z
                0x00000000020178f8      0x200 build/us_n64/bin/segment2.o
 .data.texture_hud_char_Y
                0x0000000002017af8      0x200 build/us_n64/bin/segment2.o
 .data.texture_hud_char_X
                0x0000000002017cf8      0x200 build/us_n64/bin/segment2.o
 .data.texture_hud_char_W
                0x0000000002017ef8      0x200 build/us_n64/bin/segment2.o
 .data.texture_hud_char_V
                0x00000000020180f8      0x200 build/us_n64/bin/segment2.o
 .data.texture_hud_char_U
                0x00000000020182f8      0x200 build/us_n64/bin/segment2.o
 .data.texture_hud_char_T
                0x00000000020184f8      0x200 build/us_n64/bin/segment2.o
 .data.texture_hud_char_S
                0x00000000020186f8      0x200 build/us_n64/bin/segment2.o
 .data.texture_hud_char_R
                0x00000000020188f8      0x200 build/us_n64/bin/segment2.o
 .data.texture_hud_char_Q
                0x0000000002018af8      0x200 build/us_n64/bin/segment2.o
 .data.texture_hud_char_P
                0x0000000002018cf8      0x200 build/us_n64/bin/segment2.o
 .data.texture_hud_char_O
                0x0000000002018ef8      0x200 build/us_n64/bin/segment2.o
 .data.texture_hud_char_N
                0x00000000020190f8      0x200 build/us_n64/bin/segment2.o
 .data.texture_hud_char_M
                0x00000000020192f8      0x200 build/us_n64/bin/segment2.o
 .data.texture_hud_char_L
                0x00000000020194f8      0x200 build/us_n64/bin/segment2.o
 .data.texture_hud_char_K
                0x00000000020196f8      0x200 build/us_n64/bin/segment2.o
 .data.texture_hud_char_J
                0x00000000020198f8      0x200 build/us_n64/bin/segment2.o
 .data.texture_hud_char_I
                0x0000000002019af8      0x200 build/us_n64/bin/segment2.o
 .data.texture_hud_char_H
                0x0000000002019cf8      0x200 build/us_n64/bin/segment2.o
 .data.texture_hud_char_G
                0x0000000002019ef8      0x200 build/us_n64/bin/segment2.o
 .data.texture_hud_char_F
                0x000000000201a0f8      0x200 build/us_n64/bin/segment2.o
 .data.texture_hud_char_E
                0x000000000201a2f8      0x200 build/us_n64/bin/segment2.o
 .data.texture_hud_char_D
                0x000000000201a4f8      0x200 build/us_n64/bin/segment2.o
 .data.texture_hud_char_C
                0x000000000201a6f8      0x200 build/us_n64/bin/segment2.o
 .data.texture_hud_char_B
                0x000000000201a8f8      0x200 build/us_n64/bin/segment2.o
 .data.texture_hud_char_A
                0x000000000201aaf8      0x200 build/us_n64/bin/segment2.o
 .data.texture_hud_char_9
                0x000000000201acf8      0x200 build/us_n64/bin/segment2.o
 .data.texture_hud_char_8
                0x000000000201aef8      0x200 build/us_n64/bin/segment2.o
 .data.texture_hud_char_7
                0x000000000201b0f8      0x200 build/us_n64/bin/segment2.o
 .data.texture_hud_char_6
                0x000000000201b2f8      0x200 build/us_n64/bin/segment2.o
 .data.texture_hud_char_5
                0x000000000201b4f8      0x200 build/us_n64/bin/segment2.o
 .data.texture_hud_char_4
                0x000000000201b6f8      0x200 build/us_n64/bin/segment2.o
 .data.texture_hud_char_3
                0x000000000201b8f8      0x200 build/us_n64/bin/segment2.o
 .data.texture_hud_char_2
                0x000000000201baf8      0x200 build/us_n64/bin/segment2.o
 .data.texture_hud_char_1
                0x000000000201bcf8      0x200 build/us_n64/bin/segment2.o
 .data.texture_hud_char_0
                0x000000000201bef8      0x200 build/us_n64/bin/segment2.o
 .data.puppyprint_kerning_lut
                0x000000000201c0f8      0x17c build/us_n64/bin/segment2.o
                0x000000000201c0f8                puppyprint_kerning_lut
 .data.puppyprint_font_lut
                0x000000000201c274       0x10 build/us_n64/bin/segment2.o
                0x000000000201c274                puppyprint_font_lut
 .data.gPuppyPrintFontTable
                0x000000000201c284       0x10 build/us_n64/bin/segment2.o
                0x000000000201c284                gPuppyPrintFontTable
 .data.sPPFont_vanilla
                0x000000000201c294       0x18 build/us_n64/bin/segment2.o
                0x000000000201c294                sPPFont_vanilla
 .data.sPPFont_plain
                0x000000000201c2ac       0x18 build/us_n64/bin/segment2.o
                0x000000000201c2ac                sPPFont_plain
 .data.sPPFont_outline
                0x000000000201c2c4       0x18 build/us_n64/bin/segment2.o
                0x000000000201c2c4                sPPFont_outline
 .data.sPPFont_default
                0x000000000201c2dc       0x18 build/us_n64/bin/segment2.o
                0x000000000201c2dc                sPPFont_default
 .data.small_font_offsets_vanilla
                0x000000000201c2f4       0xbe build/us_n64/bin/segment2.o
                0x000000000201c2f4                small_font_offsets_vanilla
 *fill*         0x000000000201c3b2        0x2 
 .data.small_font_kerning_vanilla
                0x000000000201c3b4       0x5e build/us_n64/bin/segment2.o
 *fill*         0x000000000201c412        0x2 
 .data.small_font_offsets_plain
                0x000000000201c414       0xbe build/us_n64/bin/segment2.o
                0x000000000201c414                small_font_offsets_plain
 *fill*         0x000000000201c4d2        0x2 
 .data.small_font_kerning_plain
                0x000000000201c4d4       0x5e build/us_n64/bin/segment2.o
 *fill*         0x000000000201c532        0x2 
 .data.small_font_offsets_outline
                0x000000000201c534       0xbe build/us_n64/bin/segment2.o
                0x000000000201c534                small_font_offsets_outline
 *fill*         0x000000000201c5f2        0x2 
 .data.small_font_kerning_outline
                0x000000000201c5f4       0x5e build/us_n64/bin/segment2.o
 *fill*         0x000000000201c652        0x2 
 .data.small_font_offsets_default
                0x000000000201c654       0xbe build/us_n64/bin/segment2.o
                0x000000000201c654                small_font_offsets_default
 *fill*         0x000000000201c712        0x2 
 .data.small_font_kerning_default
                0x000000000201c714       0x5e build/us_n64/bin/segment2.o
                0x000000000201c714                small_font_kerning_default
 *fill*         0x000000000201c772        0x6 
 .data.small_font_vanilla
                0x000000000201c778      0xfc0 build/us_n64/bin/segment2.o
 .data.small_font_plain
                0x000000000201d738      0xfc0 build/us_n64/bin/segment2.o
 .data.small_font_outline
                0x000000000201e6f8      0xfc0 build/us_n64/bin/segment2.o
 .data.small_font_default
                0x000000000201f6b8      0xfc0 build/us_n64/bin/segment2.o

.data1
 *(.data1)

.got.plt
 *(.got.plt)
                0x0000000002020678                . = .
                0x0000000002020678                . = .
                0x0000000002028670                _gp = (ALIGN (0x10) + 0x7ff0)

.got
 *(.got)

.sdata
 *(.sdata .sdata.* .gnu.linkonce.s.*)

.lit8
 *(.lit8)

.lit4
 *(.lit4)
                0x0000000002020678                _edata = .
                [!provide]                        PROVIDE (edata = .)
                0x0000000002020678                . = .
                0x0000000002020678                __bss_start = .
                0x0000000002020678                _fbss = .

.sbss
 *(.dynsbss)
 *(.sbss .sbss.* .gnu.linkonce.sb.*)
 *(.scommon)

.bss            0x0000000002020678        0x0 load address 0x0000000002020690
 *(.dynbss)
 *(.bss .bss.* .gnu.linkonce.b.*)
 .bss           0x0000000002020678        0x0 build/us_n64/bin/segment2.o
 *(COMMON)
                0x0000000002020678                . = ALIGN ((. != 0x0)?0x4:0x1)
                0x0000000002020678                . = ALIGN (0x4)
                0x0000000002020678                . = SEGMENT_START ("ldata-segment", .)
                0x0000000002020678                . = ALIGN (0x4)
                0x0000000002020678                _end = .
                [!provide]                        PROVIDE (end = .)
                0x0000000002020678                . = DATA_SEGMENT_END (.)

.stab
 *(.stab)

.stabstr
 *(.stabstr)

.stab.excl
 *(.stab.excl)

.stab.exclstr
 *(.stab.exclstr)

.stab.index
 *(.stab.index)

.stab.indexstr
 *(.stab.indexstr)

.comment        0x0000000000000000       0x12
 *(.comment)
 .comment       0x0000000000000000       0x12 build/us_n64/bin/segment2.o
                                         0x13 (size before relaxing)

.pdr            0x0000000000000000        0x0
 .pdr           0x0000000000000000        0x0 build/us_n64/bin/segment2.o

.debug
 *(.debug)

.line
 *(.line)

.debug_srcinfo
 *(.debug_srcinfo)

.debug_sfnames
 *(.debug_sfnames)

.debug_aranges
 *(.debug_aranges)

.debug_pubnames
 *(.debug_pubnames)

.debug_info
 *(.debug_info .gnu.linkonce.wi.*)

.debug_abbrev
 *(.debug_abbrev)

.debug_line
 *(.debug_line .debug_line.* .debug_line_end)

.debug_frame
 *(.debug_frame)

.debug_str
 *(.debug_str)

.debug_loc
 *(.debug_loc)

.debug_macinfo
 *(.debug_macinfo)

.debug_weaknames
 *(.debug_weaknames)

.debug_funcnames
 *(.debug_funcnames)

.debug_typenames
 *(.debug_typenames)

.debug_varnames
 *(.debug_varnames)

.debug_pubtypes
 *(.debug_pubtypes)

.debug_ranges
 *(.debug_ranges)

.debug_macro
 *(.debug_macro)

.debug_addr
 *(.debug_addr)

.gnu.attributes
                0x0000000000000000       0x10
 *(.gnu.attributes)
 .gnu.attributes
                0x0000000000000000       0x10 build/us_n64/bin/segment2.o

.gptab.sdata
 *(.gptab.data)
 *(.gptab.sdata)

.gptab.sbss
 *(.gptab.bss)
 *(.gptab.sbss)

.mdebug.abi32   0x0000000000000000        0x0
 *(.mdebug.abi32)
 .mdebug.abi32  0x0000000000000000        0x0 build/us_n64/bin/segment2.o

.mdebug.abiN32
 *(.mdebug.abiN32)

.mdebug.abi64
 *(.mdebug.abi64)

.mdebug.abiO64
 *(.mdebug.abiO64)

.mdebug.eabi32
 *(.mdebug.eabi32)

.mdebug.eabi64
 *(.mdebug.eabi64)

.gcc_compiled_long32
 *(.gcc_compiled_long32)

.gcc_compiled_long64
 *(.gcc_compiled_long64)

/DISCARD/
 *(.note.GNU-stack)
 *(.gnu_debuglink)
 *(.gnu.lto_*)
OUTPUT(build/us_n64/bin/segment2.elf elf32-bigmips)
